#
# There is insufficient memory for the Java Runtime Environment to continue.
# Native memory allocation (malloc) failed to allocate 32744 bytes. Error detail: Chunk::new
# Possible reasons:
#   The system is out of physical RAM or swap space
#   This process is running with CompressedOops enabled, and the Java Heap may be blocking the growth of the native heap
# Possible solutions:
#   Reduce memory load on the system
#   Increase physical memory or swap space
#   Check if swap backing store is full
#   Decrease Java heap size (-Xmx/-Xms)
#   Decrease number of Java threads
#   Decrease Java thread stack sizes (-Xss)
#   Set larger code cache with -XX:ReservedCodeCacheSize=
#   JVM is running with Unscaled Compressed Oops mode in which the Java heap is
#     placed in the first 4GB address space. The Java Heap base address is the
#     maximum limit for the native heap growth. Please use -XX:HeapBaseMinAddress
#     to set the Java Heap base and to place the Java Heap above 4GB virtual address.
# This output file may be truncated or incomplete.
#
#  Out of Memory Error (arena.cpp:168), pid=15900, tid=12736
#
# JRE version: OpenJDK Runtime Environment Temurin-21.0.11+10 (21.0.11+10) (build 21.0.11+10-LTS)
# Java VM: OpenJDK 64-Bit Server VM Temurin-21.0.11+10 (21.0.11+10-LTS, mixed mode, sharing, tiered, compressed oops, compressed class ptrs, g1 gc, windows-amd64)
# No core dump will be written. Minidumps are not enabled by default on client versions of Windows
#

---------------  S U M M A R Y ------------

Command Line: --enable-native-access=ALL-UNNAMED -Dclassworlds.conf=C:\Program Files\Apache\Maven\apache-maven-3.9.16\bin\m2.conf -Dmaven.home=C:\Program Files\Apache\Maven\apache-maven-3.9.16 -Dlibrary.jansi.path=C:\Program Files\Apache\Maven\apache-maven-3.9.16\lib\jansi-native -Dmaven.multiModuleProjectDirectory=D:\DAGACS\backend org.codehaus.plexus.classworlds.launcher.Launcher -B test -Dtest=SubjectOfferingServiceTest,SubjectOfferingControllerTest,SubjectOfferingDTOValidationTest,SubjectOfferingRepositoryTest

Host: 11th Gen Intel(R) Core(TM) i5-11300H @ 3.10GHz, 8 cores, 7G,  Windows 11 , 64 bit Build 26100 (10.0.26100.5074)
Time: Thu Sep 10 15:47:54 2026 India Standard Time elapsed time: 43.759239 seconds (0d 0h 0m 43s)

---------------  T H R E A D  ---------------

Current thread (0x0000020d6e8cedb0):  JavaThread "C2 CompilerThread0" daemon [_thread_in_native, id=12736, stack(0x0000001668c00000,0x0000001668d00000) (1024K)]


Current CompileTask:
C2:43759 12934       4       java.nio.HeapCharBuffer::<init> (23 bytes)

Stack: [0x0000001668c00000,0x0000001668d00000]
Native frames: (J=compiled Java code, j=interpreted, Vv=VM code, C=native code)
V  [jvm.dll+0x6d7e19]
V  [jvm.dll+0x8b5096]
V  [jvm.dll+0x8b764e]
V  [jvm.dll+0x8b7d33]
V  [jvm.dll+0x284596]
V  [jvm.dll+0xc685d]
V  [jvm.dll+0xc6da1]
V  [jvm.dll+0x65fa7d]
V  [jvm.dll+0x6658db]
V  [jvm.dll+0x6668d6]
V  [jvm.dll+0x664c1b]
V  [jvm.dll+0x24c57b]
V  [jvm.dll+0x24bce0]
V  [jvm.dll+0x1cb4ae]
V  [jvm.dll+0x25baad]
V  [jvm.dll+0x25a03a]
V  [jvm.dll+0x3f868e]
V  [jvm.dll+0x85fb0d]
V  [jvm.dll+0x6d664d]
C  [ucrtbase.dll+0x37b0]
C  [KERNEL32.DLL+0x2e8d7]
C  [ntdll.dll+0x8d9c]


---------------  P R O C E S S  ---------------

Threads class SMR info:
_java_thread_list=0x0000020d4fd9eb80, length=16, elements={
0x0000020d4fa37d00, 0x0000020d6e8c53b0, 0x0000020d6e8c6940, 0x0000020d6e8cbde0,
0x0000020d6e8cc540, 0x0000020d6e8ccca0, 0x0000020d6e8cd400, 0x0000020d6e8cedb0,
0x0000020d6e8efe30, 0x0000020d6eaac8b0, 0x0000020d6eaba530, 0x0000020d77a46960,
0x0000020d75efdb60, 0x0000020d75f11820, 0x0000020d73ffab30, 0x0000020d73ffb1c0
}

Java Threads: ( => current thread )
  0x0000020d4fa37d00 JavaThread "main"                              [_thread_in_native, id=9680, stack(0x0000001667e00000,0x0000001667f00000) (1024K)]
  0x0000020d6e8c53b0 JavaThread "Reference Handler"          daemon [_thread_blocked, id=22728, stack(0x0000001668600000,0x0000001668700000) (1024K)]
  0x0000020d6e8c6940 JavaThread "Finalizer"                  daemon [_thread_blocked, id=25928, stack(0x0000001668700000,0x0000001668800000) (1024K)]
  0x0000020d6e8cbde0 JavaThread "Signal Dispatcher"          daemon [_thread_blocked, id=8292, stack(0x0000001668800000,0x0000001668900000) (1024K)]
  0x0000020d6e8cc540 JavaThread "Attach Listener"            daemon [_thread_blocked, id=27596, stack(0x0000001668900000,0x0000001668a00000) (1024K)]
  0x0000020d6e8ccca0 JavaThread "Service Thread"             daemon [_thread_blocked, id=16496, stack(0x0000001668a00000,0x0000001668b00000) (1024K)]
  0x0000020d6e8cd400 JavaThread "Monitor Deflation Thread"   daemon [_thread_blocked, id=16696, stack(0x0000001668b00000,0x0000001668c00000) (1024K)]
=>0x0000020d6e8cedb0 JavaThread "C2 CompilerThread0"         daemon [_thread_in_native, id=12736, stack(0x0000001668c00000,0x0000001668d00000) (1024K)]
  0x0000020d6e8efe30 JavaThread "C1 CompilerThread0"         daemon [_thread_blocked, id=15652, stack(0x0000001668d00000,0x0000001668e00000) (1024K)]
  0x0000020d6eaac8b0 JavaThread "Notification Thread"        daemon [_thread_blocked, id=24296, stack(0x0000001668e00000,0x0000001668f00000) (1024K)]
  0x0000020d6eaba530 JavaThread "Common-Cleaner"             daemon [_thread_blocked, id=21812, stack(0x0000001668f00000,0x0000001669000000) (1024K)]
  0x0000020d77a46960 JavaThread "timeout-check-timer"        daemon [_thread_blocked, id=26720, stack(0x0000001669a00000,0x0000001669b00000) (1024K)]
  0x0000020d75efdb60 JavaThread "ping-timer-10s"             daemon [_thread_blocked, id=24692, stack(0x0000001669b00000,0x0000001669c00000) (1024K)]
  0x0000020d75f11820 JavaThread "ThreadedStreamConsumer"     daemon [_thread_blocked, id=25312, stack(0x0000001669900000,0x0000001669a00000) (1024K)]
  0x0000020d73ffab30 JavaThread "fork-1-err-thread"          daemon [_thread_in_native, id=24896, stack(0x0000001669c00000,0x0000001669d00000) (1024K)]
  0x0000020d73ffb1c0 JavaThread "commands-fork-1"            daemon [_thread_blocked, id=22700, stack(0x0000001669d00000,0x0000001669e00000) (1024K)]
Total: 16

Other Threads:
  0x0000020d6e8a52a0 VMThread "VM Thread"                           [id=25372, stack(0x0000001668500000,0x0000001668600000) (1024K)]
  0x0000020d6e8925a0 WatcherThread "VM Periodic Task Thread"        [id=15208, stack(0x0000001668400000,0x0000001668500000) (1024K)]
  0x0000020d4fd31e90 WorkerThread "GC Thread#0"                     [id=3024, stack(0x0000001667f00000,0x0000001668000000) (1024K)]
  0x0000020d7369d5c0 WorkerThread "GC Thread#1"                     [id=25060, stack(0x0000001669100000,0x0000001669200000) (1024K)]
  0x0000020d7369cab0 WorkerThread "GC Thread#2"                     [id=27296, stack(0x0000001669200000,0x0000001669300000) (1024K)]
  0x0000020d7369ce60 WorkerThread "GC Thread#3"                     [id=15392, stack(0x0000001669300000,0x0000001669400000) (1024K)]
  0x0000020d7369d210 WorkerThread "GC Thread#4"                     [id=19876, stack(0x0000001669400000,0x0000001669500000) (1024K)]
  0x0000020d7369d970 WorkerThread "GC Thread#5"                     [id=26344, stack(0x0000001669500000,0x0000001669600000) (1024K)]
  0x0000020d7369c350 WorkerThread "GC Thread#6"                     [id=15384, stack(0x0000001669600000,0x0000001669700000) (1024K)]
  0x0000020d7369bfa0 WorkerThread "GC Thread#7"                     [id=16304, stack(0x0000001669700000,0x0000001669800000) (1024K)]
  0x0000020d4fd426c0 ConcurrentGCThread "G1 Main Marker"            [id=4400, stack(0x0000001668000000,0x0000001668100000) (1024K)]
  0x0000020d4fd431d0 WorkerThread "G1 Conc#0"                       [id=27612, stack(0x0000001668100000,0x0000001668200000) (1024K)]
  0x0000020d737c03e0 WorkerThread "G1 Conc#1"                       [id=13308, stack(0x0000001669000000,0x0000001669100000) (1024K)]
  0x0000020d6e761560 ConcurrentGCThread "G1 Refine#0"               [id=20000, stack(0x0000001668200000,0x0000001668300000) (1024K)]
  0x0000020d6e761f80 ConcurrentGCThread "G1 Service"                [id=14624, stack(0x0000001668300000,0x0000001668400000) (1024K)]
Total: 15

Threads with active compile tasks:
C2 CompilerThread0  43779 12934       4       java.nio.HeapCharBuffer::<init> (23 bytes)
Total: 1

VM state: not at safepoint (normal execution)

VM Mutex/Monitor currently owned by a thread: None

OutOfMemory and StackOverflow Exception counts:
OutOfMemoryError java_heap_errors=1
LinkageErrors=85

Heap address: 0x0000000083e00000, size: 1986 MB, Compressed Oops mode: 32-bit

CDS archive(s) mapped at: [0x0000020d00000000-0x0000020d00c80000-0x0000020d00c80000), size 13107200, SharedBaseAddress: 0x0000020d00000000, ArchiveRelocationMode: 1.
Compressed class space mapped at: 0x0000020d01000000-0x0000020d41000000, reserved size: 1073741824
Narrow klass base: 0x0000020d00000000, Narrow klass shift: 0, Narrow klass range: 0x100000000

GC Precious Log:
 CardTable entry size: 512
 Card Set container configuration: InlinePtr #cards 5 size 8 Array Of Cards #cards 12 size 40 Howl #buckets 4 coarsen threshold 1843 Howl Bitmap #cards 512 size 80 coarsen threshold 460 Card regions per heap region 1 cards per card region 2048
 CPUs: 8 total, 8 available
 Memory: 7937M
 Large Page Support: Disabled
 NUMA Support: Disabled
 Compressed Oops: Enabled (32-bit)
 Heap Region Size: 1M
 Heap Min Capacity: 8M
 Heap Initial Capacity: 126M
 Heap Max Capacity: 1986M
 Pre-touch: Disabled
 Parallel Workers: 8
 Concurrent Workers: 2
 Concurrent Refinement Workers: 8
 Periodic GC: Disabled

Heap:
 garbage-first heap   total 245760K, used 178117K [0x0000000083e00000, 0x0000000100000000)
  region size 1024K, 64 young (65536K), 8 survivors (8192K)
 Metaspace       used 38974K, committed 39552K, reserved 1114112K
  class space    used 4238K, committed 4544K, reserved 1048576K

Heap Regions: E=young(eden), S=young(survivor), O=old, HS=humongous(starts), HC=humongous(continues), CS=collection set, F=free, TAMS=top-at-mark-start, PB=parsable bottom
|   0|0x0000000083e00000, 0x0000000083f00000, 0x0000000083f00000|100%| O|  |TAMS 0x0000000083e00000| PB 0x0000000083e00000| Untracked 
|   1|0x0000000083f00000, 0x0000000084000000, 0x0000000084000000|100%| O|  |TAMS 0x0000000083f00000| PB 0x0000000083f00000| Untracked 
|   2|0x0000000084000000, 0x0000000084100000, 0x0000000084100000|100%| O|  |TAMS 0x0000000084000000| PB 0x0000000084000000| Untracked 
|   3|0x0000000084100000, 0x0000000084200000, 0x0000000084200000|100%| O|  |TAMS 0x0000000084100000| PB 0x0000000084100000| Untracked 
|   4|0x0000000084200000, 0x0000000084300000, 0x0000000084300000|100%| O|  |TAMS 0x0000000084200000| PB 0x0000000084200000| Untracked 
|   5|0x0000000084300000, 0x0000000084400000, 0x0000000084400000|100%|HS|  |TAMS 0x0000000084300000| PB 0x0000000084300000| Complete 
|   6|0x0000000084400000, 0x0000000084500000, 0x0000000084500000|100%| O|  |TAMS 0x0000000084400000| PB 0x0000000084400000| Untracked 
|   7|0x0000000084500000, 0x0000000084600000, 0x0000000084600000|100%| O|  |TAMS 0x0000000084500000| PB 0x0000000084500000| Untracked 
|   8|0x0000000084600000, 0x0000000084700000, 0x0000000084700000|100%| O|Cm|TAMS 0x0000000084600000| PB 0x0000000084600000| Complete 
|   9|0x0000000084700000, 0x0000000084800000, 0x0000000084800000|100%| O|Cm|TAMS 0x0000000084700000| PB 0x0000000084700000| Complete 
|  10|0x0000000084800000, 0x0000000084900000, 0x0000000084900000|100%| O|Cm|TAMS 0x0000000084800000| PB 0x0000000084800000| Complete 
|  11|0x0000000084900000, 0x0000000084a00000, 0x0000000084a00000|100%| O|Cm|TAMS 0x0000000084900000| PB 0x0000000084900000| Complete 
|  12|0x0000000084a00000, 0x0000000084b00000, 0x0000000084b00000|100%| O|  |TAMS 0x0000000084a00000| PB 0x0000000084a00000| Untracked 
|  13|0x0000000084b00000, 0x0000000084c00000, 0x0000000084c00000|100%| O|  |TAMS 0x0000000084b00000| PB 0x0000000084b00000| Untracked 
|  14|0x0000000084c00000, 0x0000000084d00000, 0x0000000084d00000|100%| O|  |TAMS 0x0000000084c00000| PB 0x0000000084c00000| Untracked 
|  15|0x0000000084d00000, 0x0000000084d00000, 0x0000000084e00000|  0%| F|  |TAMS 0x0000000084d00000| PB 0x0000000084d00000| Untracked 
|  16|0x0000000084e00000, 0x0000000084f00000, 0x0000000084f00000|100%| O|Cm|TAMS 0x0000000084e00000| PB 0x0000000084e00000| Complete 
|  17|0x0000000084f00000, 0x0000000085000000, 0x0000000085000000|100%| O|Cm|TAMS 0x0000000084f00000| PB 0x0000000084f00000| Complete 
|  18|0x0000000085000000, 0x0000000085100000, 0x0000000085100000|100%| O|Cm|TAMS 0x0000000085000000| PB 0x0000000085000000| Complete 
|  19|0x0000000085100000, 0x0000000085200000, 0x0000000085200000|100%|HS|  |TAMS 0x0000000085100000| PB 0x0000000085100000| Complete 
|  20|0x0000000085200000, 0x0000000085300000, 0x0000000085300000|100%|HC|  |TAMS 0x0000000085200000| PB 0x0000000085200000| Complete 
|  21|0x0000000085300000, 0x0000000085400000, 0x0000000085400000|100%| O|Cm|TAMS 0x0000000085300000| PB 0x0000000085300000| Complete 
|  22|0x0000000085400000, 0x0000000085500000, 0x0000000085500000|100%| O|Cm|TAMS 0x0000000085400000| PB 0x0000000085400000| Complete 
|  23|0x0000000085500000, 0x0000000085600000, 0x0000000085600000|100%| O|Cm|TAMS 0x0000000085500000| PB 0x0000000085500000| Complete 
|  24|0x0000000085600000, 0x0000000085700000, 0x0000000085700000|100%| O|Cm|TAMS 0x0000000085600000| PB 0x0000000085600000| Complete 
|  25|0x0000000085700000, 0x0000000085800000, 0x0000000085800000|100%| O|  |TAMS 0x0000000085700000| PB 0x0000000085700000| Untracked 
|  26|0x0000000085800000, 0x0000000085900000, 0x0000000085900000|100%| O|Cm|TAMS 0x0000000085800000| PB 0x0000000085800000| Complete 
|  27|0x0000000085900000, 0x0000000085a00000, 0x0000000085a00000|100%| O|  |TAMS 0x0000000085900000| PB 0x0000000085900000| Untracked 
|  28|0x0000000085a00000, 0x0000000085b00000, 0x0000000085b00000|100%| O|Cm|TAMS 0x0000000085a00000| PB 0x0000000085a00000| Complete 
|  29|0x0000000085b00000, 0x0000000085c00000, 0x0000000085c00000|100%| O|  |TAMS 0x0000000085b00000| PB 0x0000000085b00000| Untracked 
|  30|0x0000000085c00000, 0x0000000085d00000, 0x0000000085d00000|100%| O|Cm|TAMS 0x0000000085c00000| PB 0x0000000085c00000| Complete 
|  31|0x0000000085d00000, 0x0000000085e00000, 0x0000000085e00000|100%|HS|  |TAMS 0x0000000085d00000| PB 0x0000000085d00000| Complete 
|  32|0x0000000085e00000, 0x0000000085f00000, 0x0000000085f00000|100%| O|Cm|TAMS 0x0000000085e00000| PB 0x0000000085e00000| Complete 
|  33|0x0000000085f00000, 0x0000000086000000, 0x0000000086000000|100%| O|  |TAMS 0x0000000085f00000| PB 0x0000000085f00000| Untracked 
|  34|0x0000000086000000, 0x0000000086100000, 0x0000000086100000|100%| O|  |TAMS 0x0000000086000000| PB 0x0000000086000000| Untracked 
|  35|0x0000000086100000, 0x0000000086200000, 0x0000000086200000|100%| O|Cm|TAMS 0x0000000086100000| PB 0x0000000086100000| Complete 
|  36|0x0000000086200000, 0x0000000086300000, 0x0000000086300000|100%| O|  |TAMS 0x0000000086200000| PB 0x0000000086200000| Untracked 
|  37|0x0000000086300000, 0x0000000086400000, 0x0000000086400000|100%| O|  |TAMS 0x0000000086300000| PB 0x0000000086300000| Untracked 
|  38|0x0000000086400000, 0x0000000086500000, 0x0000000086500000|100%| O|  |TAMS 0x0000000086400000| PB 0x0000000086400000| Untracked 
|  39|0x0000000086500000, 0x0000000086600000, 0x0000000086600000|100%| O|  |TAMS 0x0000000086500000| PB 0x0000000086500000| Untracked 
|  40|0x0000000086600000, 0x0000000086700000, 0x0000000086700000|100%| O|  |TAMS 0x0000000086600000| PB 0x0000000086600000| Untracked 
|  41|0x0000000086700000, 0x0000000086700000, 0x0000000086800000|  0%| F|  |TAMS 0x0000000086700000| PB 0x0000000086700000| Untracked 
|  42|0x0000000086800000, 0x0000000086800000, 0x0000000086900000|  0%| F|  |TAMS 0x0000000086800000| PB 0x0000000086800000| Untracked 
|  43|0x0000000086900000, 0x0000000086a00000, 0x0000000086a00000|100%|HS|  |TAMS 0x0000000086900000| PB 0x0000000086900000| Complete 
|  44|0x0000000086a00000, 0x0000000086b00000, 0x0000000086b00000|100%|HC|  |TAMS 0x0000000086a00000| PB 0x0000000086a00000| Complete 
|  45|0x0000000086b00000, 0x0000000086c00000, 0x0000000086c00000|100%|HS|  |TAMS 0x0000000086b00000| PB 0x0000000086b00000| Complete 
|  46|0x0000000086c00000, 0x0000000086d00000, 0x0000000086d00000|100%|HS|  |TAMS 0x0000000086c00000| PB 0x0000000086c00000| Complete 
|  47|0x0000000086d00000, 0x0000000086e00000, 0x0000000086e00000|100%| O|  |TAMS 0x0000000086d00000| PB 0x0000000086d00000| Untracked 
|  48|0x0000000086e00000, 0x0000000086f00000, 0x0000000086f00000|100%| O|  |TAMS 0x0000000086e00000| PB 0x0000000086e00000| Untracked 
|  49|0x0000000086f00000, 0x0000000087000000, 0x0000000087000000|100%|HS|  |TAMS 0x0000000086f00000| PB 0x0000000086f00000| Complete 
|  50|0x0000000087000000, 0x0000000087100000, 0x0000000087100000|100%|HC|  |TAMS 0x0000000087000000| PB 0x0000000087000000| Complete 
|  51|0x0000000087100000, 0x0000000087200000, 0x0000000087200000|100%|HC|  |TAMS 0x0000000087100000| PB 0x0000000087100000| Complete 
|  52|0x0000000087200000, 0x0000000087300000, 0x0000000087300000|100%| O|  |TAMS 0x0000000087200000| PB 0x0000000087200000| Untracked 
|  53|0x0000000087300000, 0x0000000087400000, 0x0000000087400000|100%| O|  |TAMS 0x0000000087300000| PB 0x0000000087300000| Untracked 
|  54|0x0000000087400000, 0x0000000087500000, 0x0000000087500000|100%| O|  |TAMS 0x0000000087400000| PB 0x0000000087400000| Untracked 
|  55|0x0000000087500000, 0x0000000087600000, 0x0000000087600000|100%| O|  |TAMS 0x0000000087500000| PB 0x0000000087500000| Untracked 
|  56|0x0000000087600000, 0x0000000087637500, 0x0000000087700000| 21%| O|  |TAMS 0x0000000087600000| PB 0x0000000087600000| Untracked 
|  57|0x0000000087700000, 0x0000000087700000, 0x0000000087800000|  0%| F|  |TAMS 0x0000000087700000| PB 0x0000000087700000| Untracked 
|  58|0x0000000087800000, 0x0000000087800000, 0x0000000087900000|  0%| F|  |TAMS 0x0000000087800000| PB 0x0000000087800000| Untracked 
|  59|0x0000000087900000, 0x0000000087900000, 0x0000000087a00000|  0%| F|  |TAMS 0x0000000087900000| PB 0x0000000087900000| Untracked 
|  60|0x0000000087a00000, 0x0000000087a00000, 0x0000000087b00000|  0%| F|  |TAMS 0x0000000087a00000| PB 0x0000000087a00000| Untracked 
|  61|0x0000000087b00000, 0x0000000087b00000, 0x0000000087c00000|  0%| F|  |TAMS 0x0000000087b00000| PB 0x0000000087b00000| Untracked 
|  62|0x0000000087c00000, 0x0000000087c00000, 0x0000000087d00000|  0%| F|  |TAMS 0x0000000087c00000| PB 0x0000000087c00000| Untracked 
|  63|0x0000000087d00000, 0x0000000087e00000, 0x0000000087e00000|100%| O|  |TAMS 0x0000000087d00000| PB 0x0000000087d00000| Untracked 
|  64|0x0000000087e00000, 0x0000000087f00000, 0x0000000087f00000|100%| O|  |TAMS 0x0000000087e00000| PB 0x0000000087e00000| Untracked 
|  65|0x0000000087f00000, 0x0000000088000000, 0x0000000088000000|100%| O|  |TAMS 0x0000000087f00000| PB 0x0000000087f00000| Untracked 
|  66|0x0000000088000000, 0x0000000088100000, 0x0000000088100000|100%| O|  |TAMS 0x0000000088000000| PB 0x0000000088000000| Untracked 
|  67|0x0000000088100000, 0x0000000088200000, 0x0000000088200000|100%| O|  |TAMS 0x0000000088100000| PB 0x0000000088100000| Untracked 
|  68|0x0000000088200000, 0x0000000088300000, 0x0000000088300000|100%| O|  |TAMS 0x0000000088200000| PB 0x0000000088200000| Untracked 
|  69|0x0000000088300000, 0x0000000088400000, 0x0000000088400000|100%| O|  |TAMS 0x0000000088300000| PB 0x0000000088300000| Untracked 
|  70|0x0000000088400000, 0x0000000088400000, 0x0000000088500000|  0%| F|  |TAMS 0x0000000088400000| PB 0x0000000088400000| Untracked 
|  71|0x0000000088500000, 0x0000000088500000, 0x0000000088600000|  0%| F|  |TAMS 0x0000000088500000| PB 0x0000000088500000| Untracked 
|  72|0x0000000088600000, 0x0000000088600000, 0x0000000088700000|  0%| F|  |TAMS 0x0000000088600000| PB 0x0000000088600000| Untracked 
|  73|0x0000000088700000, 0x0000000088800000, 0x0000000088800000|100%| O|  |TAMS 0x0000000088700000| PB 0x0000000088700000| Untracked 
|  74|0x0000000088800000, 0x0000000088900000, 0x0000000088900000|100%| O|  |TAMS 0x0000000088800000| PB 0x0000000088800000| Untracked 
|  75|0x0000000088900000, 0x0000000088a00000, 0x0000000088a00000|100%| O|  |TAMS 0x0000000088900000| PB 0x0000000088900000| Untracked 
|  76|0x0000000088a00000, 0x0000000088b00000, 0x0000000088b00000|100%| O|  |TAMS 0x0000000088a00000| PB 0x0000000088a00000| Untracked 
|  77|0x0000000088b00000, 0x0000000088c00000, 0x0000000088c00000|100%| O|  |TAMS 0x0000000088b00000| PB 0x0000000088b00000| Untracked 
|  78|0x0000000088c00000, 0x0000000088d00000, 0x0000000088d00000|100%| O|Cm|TAMS 0x0000000088c00000| PB 0x0000000088c00000| Complete 
|  79|0x0000000088d00000, 0x0000000088e00000, 0x0000000088e00000|100%| O|Cm|TAMS 0x0000000088d00000| PB 0x0000000088d00000| Complete 
|  80|0x0000000088e00000, 0x0000000088eb9f70, 0x0000000088f00000| 72%| S|CS|TAMS 0x0000000088e00000| PB 0x0000000088e00000| Complete 
|  81|0x0000000088f00000, 0x0000000089000000, 0x0000000089000000|100%| S|CS|TAMS 0x0000000088f00000| PB 0x0000000088f00000| Complete 
|  82|0x0000000089000000, 0x0000000089100000, 0x0000000089100000|100%| S|CS|TAMS 0x0000000089000000| PB 0x0000000089000000| Complete 
|  83|0x0000000089100000, 0x0000000089200000, 0x0000000089200000|100%| S|CS|TAMS 0x0000000089100000| PB 0x0000000089100000| Complete 
|  84|0x0000000089200000, 0x0000000089300000, 0x0000000089300000|100%| S|CS|TAMS 0x0000000089200000| PB 0x0000000089200000| Complete 
|  85|0x0000000089300000, 0x0000000089400000, 0x0000000089400000|100%| S|CS|TAMS 0x0000000089300000| PB 0x0000000089300000| Complete 
|  86|0x0000000089400000, 0x0000000089500000, 0x0000000089500000|100%| S|CS|TAMS 0x0000000089400000| PB 0x0000000089400000| Complete 
|  87|0x0000000089500000, 0x0000000089600000, 0x0000000089600000|100%| S|CS|TAMS 0x0000000089500000| PB 0x0000000089500000| Complete 
|  88|0x0000000089600000, 0x0000000089600000, 0x0000000089700000|  0%| F|  |TAMS 0x0000000089600000| PB 0x0000000089600000| Untracked 
|  89|0x0000000089700000, 0x0000000089700000, 0x0000000089800000|  0%| F|  |TAMS 0x0000000089700000| PB 0x0000000089700000| Untracked 
|  90|0x0000000089800000, 0x0000000089800000, 0x0000000089900000|  0%| F|  |TAMS 0x0000000089800000| PB 0x0000000089800000| Untracked 
|  91|0x0000000089900000, 0x0000000089900000, 0x0000000089a00000|  0%| F|  |TAMS 0x0000000089900000| PB 0x0000000089900000| Untracked 
|  92|0x0000000089a00000, 0x0000000089a00000, 0x0000000089b00000|  0%| F|  |TAMS 0x0000000089a00000| PB 0x0000000089a00000| Untracked 
|  93|0x0000000089b00000, 0x0000000089b00000, 0x0000000089c00000|  0%| F|  |TAMS 0x0000000089b00000| PB 0x0000000089b00000| Untracked 
|  94|0x0000000089c00000, 0x0000000089c00000, 0x0000000089d00000|  0%| F|  |TAMS 0x0000000089c00000| PB 0x0000000089c00000| Untracked 
|  95|0x0000000089d00000, 0x0000000089d00000, 0x0000000089e00000|  0%| F|  |TAMS 0x0000000089d00000| PB 0x0000000089d00000| Untracked 
|  96|0x0000000089e00000, 0x0000000089e00000, 0x0000000089f00000|  0%| F|  |TAMS 0x0000000089e00000| PB 0x0000000089e00000| Untracked 
|  97|0x0000000089f00000, 0x0000000089f00000, 0x000000008a000000|  0%| F|  |TAMS 0x0000000089f00000| PB 0x0000000089f00000| Untracked 
|  98|0x000000008a000000, 0x000000008a000000, 0x000000008a100000|  0%| F|  |TAMS 0x000000008a000000| PB 0x000000008a000000| Untracked 
|  99|0x000000008a100000, 0x000000008a100000, 0x000000008a200000|  0%| F|  |TAMS 0x000000008a100000| PB 0x000000008a100000| Untracked 
| 100|0x000000008a200000, 0x000000008a200000, 0x000000008a300000|  0%| F|  |TAMS 0x000000008a200000| PB 0x000000008a200000| Untracked 
| 101|0x000000008a300000, 0x000000008a300000, 0x000000008a400000|  0%| F|  |TAMS 0x000000008a300000| PB 0x000000008a300000| Untracked 
| 102|0x000000008a400000, 0x000000008a400000, 0x000000008a500000|  0%| F|  |TAMS 0x000000008a400000| PB 0x000000008a400000| Untracked 
| 103|0x000000008a500000, 0x000000008a500000, 0x000000008a600000|  0%| F|  |TAMS 0x000000008a500000| PB 0x000000008a500000| Untracked 
| 104|0x000000008a600000, 0x000000008a600000, 0x000000008a700000|  0%| F|  |TAMS 0x000000008a600000| PB 0x000000008a600000| Untracked 
| 105|0x000000008a700000, 0x000000008a700000, 0x000000008a800000|  0%| F|  |TAMS 0x000000008a700000| PB 0x000000008a700000| Untracked 
| 106|0x000000008a800000, 0x000000008a800000, 0x000000008a900000|  0%| F|  |TAMS 0x000000008a800000| PB 0x000000008a800000| Untracked 
| 107|0x000000008a900000, 0x000000008a900000, 0x000000008aa00000|  0%| F|  |TAMS 0x000000008a900000| PB 0x000000008a900000| Untracked 
| 108|0x000000008aa00000, 0x000000008aa00000, 0x000000008ab00000|  0%| F|  |TAMS 0x000000008aa00000| PB 0x000000008aa00000| Untracked 
| 109|0x000000008ab00000, 0x000000008ab00000, 0x000000008ac00000|  0%| F|  |TAMS 0x000000008ab00000| PB 0x000000008ab00000| Untracked 
| 110|0x000000008ac00000, 0x000000008ac00000, 0x000000008ad00000|  0%| F|  |TAMS 0x000000008ac00000| PB 0x000000008ac00000| Untracked 
| 111|0x000000008ad00000, 0x000000008ad00000, 0x000000008ae00000|  0%| F|  |TAMS 0x000000008ad00000| PB 0x000000008ad00000| Untracked 
| 112|0x000000008ae00000, 0x000000008ae00000, 0x000000008af00000|  0%| F|  |TAMS 0x000000008ae00000| PB 0x000000008ae00000| Untracked 
| 113|0x000000008af00000, 0x000000008af00000, 0x000000008b000000|  0%| F|  |TAMS 0x000000008af00000| PB 0x000000008af00000| Untracked 
| 114|0x000000008b000000, 0x000000008b000000, 0x000000008b100000|  0%| F|  |TAMS 0x000000008b000000| PB 0x000000008b000000| Untracked 
| 115|0x000000008b100000, 0x000000008b100000, 0x000000008b200000|  0%| F|  |TAMS 0x000000008b100000| PB 0x000000008b100000| Untracked 
| 116|0x000000008b200000, 0x000000008b200000, 0x000000008b300000|  0%| F|  |TAMS 0x000000008b200000| PB 0x000000008b200000| Untracked 
| 117|0x000000008b300000, 0x000000008b300000, 0x000000008b400000|  0%| F|  |TAMS 0x000000008b300000| PB 0x000000008b300000| Untracked 
| 118|0x000000008b400000, 0x000000008b400000, 0x000000008b500000|  0%| F|  |TAMS 0x000000008b400000| PB 0x000000008b400000| Untracked 
| 119|0x000000008b500000, 0x000000008b500000, 0x000000008b600000|  0%| F|  |TAMS 0x000000008b500000| PB 0x000000008b500000| Untracked 
| 120|0x000000008b600000, 0x000000008b600000, 0x000000008b700000|  0%| F|  |TAMS 0x000000008b600000| PB 0x000000008b600000| Untracked 
| 121|0x000000008b700000, 0x000000008b700000, 0x000000008b800000|  0%| F|  |TAMS 0x000000008b700000| PB 0x000000008b700000| Untracked 
| 122|0x000000008b800000, 0x000000008b800000, 0x000000008b900000|  0%| F|  |TAMS 0x000000008b800000| PB 0x000000008b800000| Untracked 
| 123|0x000000008b900000, 0x000000008b900000, 0x000000008ba00000|  0%| F|  |TAMS 0x000000008b900000| PB 0x000000008b900000| Untracked 
| 124|0x000000008ba00000, 0x000000008ba00000, 0x000000008bb00000|  0%| F|  |TAMS 0x000000008ba00000| PB 0x000000008ba00000| Untracked 
| 125|0x000000008bb00000, 0x000000008bb00000, 0x000000008bc00000|  0%| F|  |TAMS 0x000000008bb00000| PB 0x000000008bb00000| Untracked 
| 126|0x000000008bc00000, 0x000000008bc00000, 0x000000008bd00000|  0%| F|  |TAMS 0x000000008bc00000| PB 0x000000008bc00000| Untracked 
| 127|0x000000008bd00000, 0x000000008bd00000, 0x000000008be00000|  0%| F|  |TAMS 0x000000008bd00000| PB 0x000000008bd00000| Untracked 
| 128|0x000000008be00000, 0x000000008be00000, 0x000000008bf00000|  0%| F|  |TAMS 0x000000008be00000| PB 0x000000008be00000| Untracked 
| 129|0x000000008bf00000, 0x000000008bf00000, 0x000000008c000000|  0%| F|  |TAMS 0x000000008bf00000| PB 0x000000008bf00000| Untracked 
| 130|0x000000008c000000, 0x000000008c000000, 0x000000008c100000|  0%| F|  |TAMS 0x000000008c000000| PB 0x000000008c000000| Untracked 
| 131|0x000000008c100000, 0x000000008c100000, 0x000000008c200000|  0%| F|  |TAMS 0x000000008c100000| PB 0x000000008c100000| Untracked 
| 132|0x000000008c200000, 0x000000008c200000, 0x000000008c300000|  0%| F|  |TAMS 0x000000008c200000| PB 0x000000008c200000| Untracked 
| 133|0x000000008c300000, 0x000000008c300000, 0x000000008c400000|  0%| F|  |TAMS 0x000000008c300000| PB 0x000000008c300000| Untracked 
| 134|0x000000008c400000, 0x000000008c400000, 0x000000008c500000|  0%| F|  |TAMS 0x000000008c400000| PB 0x000000008c400000| Untracked 
| 135|0x000000008c500000, 0x000000008c500000, 0x000000008c600000|  0%| F|  |TAMS 0x000000008c500000| PB 0x000000008c500000| Untracked 
| 136|0x000000008c600000, 0x000000008c600000, 0x000000008c700000|  0%| F|  |TAMS 0x000000008c600000| PB 0x000000008c600000| Untracked 
| 137|0x000000008c700000, 0x000000008c700000, 0x000000008c800000|  0%| F|  |TAMS 0x000000008c700000| PB 0x000000008c700000| Untracked 
| 138|0x000000008c800000, 0x000000008c800000, 0x000000008c900000|  0%| F|  |TAMS 0x000000008c800000| PB 0x000000008c800000| Untracked 
| 139|0x000000008c900000, 0x000000008c900000, 0x000000008ca00000|  0%| F|  |TAMS 0x000000008c900000| PB 0x000000008c900000| Untracked 
| 140|0x000000008ca00000, 0x000000008cb00000, 0x000000008cb00000|100%| E|  |TAMS 0x000000008ca00000| PB 0x000000008ca00000| Complete 
| 141|0x000000008cb00000, 0x000000008cc00000, 0x000000008cc00000|100%| E|CS|TAMS 0x000000008cb00000| PB 0x000000008cb00000| Complete 
| 142|0x000000008cc00000, 0x000000008cd00000, 0x000000008cd00000|100%| E|CS|TAMS 0x000000008cc00000| PB 0x000000008cc00000| Complete 
| 143|0x000000008cd00000, 0x000000008ce00000, 0x000000008ce00000|100%| E|CS|TAMS 0x000000008cd00000| PB 0x000000008cd00000| Complete 
| 144|0x000000008ce00000, 0x000000008cf00000, 0x000000008cf00000|100%| E|CS|TAMS 0x000000008ce00000| PB 0x000000008ce00000| Complete 
| 145|0x000000008cf00000, 0x000000008d000000, 0x000000008d000000|100%| E|CS|TAMS 0x000000008cf00000| PB 0x000000008cf00000| Complete 
| 146|0x000000008d000000, 0x000000008d100000, 0x000000008d100000|100%| E|CS|TAMS 0x000000008d000000| PB 0x000000008d000000| Complete 
| 147|0x000000008d100000, 0x000000008d200000, 0x000000008d200000|100%| E|CS|TAMS 0x000000008d100000| PB 0x000000008d100000| Complete 
| 148|0x000000008d200000, 0x000000008d300000, 0x000000008d300000|100%| E|CS|TAMS 0x000000008d200000| PB 0x000000008d200000| Complete 
| 149|0x000000008d300000, 0x000000008d400000, 0x000000008d400000|100%| E|CS|TAMS 0x000000008d300000| PB 0x000000008d300000| Complete 
| 150|0x000000008d400000, 0x000000008d500000, 0x000000008d500000|100%| E|CS|TAMS 0x000000008d400000| PB 0x000000008d400000| Complete 
| 151|0x000000008d500000, 0x000000008d600000, 0x000000008d600000|100%| E|CS|TAMS 0x000000008d500000| PB 0x000000008d500000| Complete 
| 152|0x000000008d600000, 0x000000008d700000, 0x000000008d700000|100%| E|CS|TAMS 0x000000008d600000| PB 0x000000008d600000| Complete 
| 153|0x000000008d700000, 0x000000008d800000, 0x000000008d800000|100%| E|CS|TAMS 0x000000008d700000| PB 0x000000008d700000| Complete 
| 154|0x000000008d800000, 0x000000008d900000, 0x000000008d900000|100%| E|CS|TAMS 0x000000008d800000| PB 0x000000008d800000| Complete 
| 155|0x000000008d900000, 0x000000008da00000, 0x000000008da00000|100%| E|CS|TAMS 0x000000008d900000| PB 0x000000008d900000| Complete 
| 156|0x000000008da00000, 0x000000008db00000, 0x000000008db00000|100%| E|CS|TAMS 0x000000008da00000| PB 0x000000008da00000| Complete 
| 157|0x000000008db00000, 0x000000008dc00000, 0x000000008dc00000|100%| E|CS|TAMS 0x000000008db00000| PB 0x000000008db00000| Complete 
| 158|0x000000008dc00000, 0x000000008dd00000, 0x000000008dd00000|100%| E|CS|TAMS 0x000000008dc00000| PB 0x000000008dc00000| Complete 
| 159|0x000000008dd00000, 0x000000008de00000, 0x000000008de00000|100%| E|CS|TAMS 0x000000008dd00000| PB 0x000000008dd00000| Complete 
| 160|0x000000008de00000, 0x000000008df00000, 0x000000008df00000|100%| E|CS|TAMS 0x000000008de00000| PB 0x000000008de00000| Complete 
| 161|0x000000008df00000, 0x000000008e000000, 0x000000008e000000|100%| E|CS|TAMS 0x000000008df00000| PB 0x000000008df00000| Complete 
| 162|0x000000008e000000, 0x000000008e100000, 0x000000008e100000|100%| E|CS|TAMS 0x000000008e000000| PB 0x000000008e000000| Complete 
| 163|0x000000008e100000, 0x000000008e200000, 0x000000008e200000|100%| E|CS|TAMS 0x000000008e100000| PB 0x000000008e100000| Complete 
| 164|0x000000008e200000, 0x000000008e300000, 0x000000008e300000|100%| E|CS|TAMS 0x000000008e200000| PB 0x000000008e200000| Complete 
| 165|0x000000008e300000, 0x000000008e400000, 0x000000008e400000|100%| E|CS|TAMS 0x000000008e300000| PB 0x000000008e300000| Complete 
| 166|0x000000008e400000, 0x000000008e500000, 0x000000008e500000|100%| E|CS|TAMS 0x000000008e400000| PB 0x000000008e400000| Complete 
| 167|0x000000008e500000, 0x000000008e600000, 0x000000008e600000|100%| E|CS|TAMS 0x000000008e500000| PB 0x000000008e500000| Complete 
| 168|0x000000008e600000, 0x000000008e700000, 0x000000008e700000|100%| E|CS|TAMS 0x000000008e600000| PB 0x000000008e600000| Complete 
| 169|0x000000008e700000, 0x000000008e800000, 0x000000008e800000|100%| E|CS|TAMS 0x000000008e700000| PB 0x000000008e700000| Complete 
| 170|0x000000008e800000, 0x000000008e900000, 0x000000008e900000|100%| E|CS|TAMS 0x000000008e800000| PB 0x000000008e800000| Complete 
| 171|0x000000008e900000, 0x000000008ea00000, 0x000000008ea00000|100%| E|CS|TAMS 0x000000008e900000| PB 0x000000008e900000| Complete 
| 172|0x000000008ea00000, 0x000000008eb00000, 0x000000008eb00000|100%| E|CS|TAMS 0x000000008ea00000| PB 0x000000008ea00000| Complete 
| 173|0x000000008eb00000, 0x000000008ec00000, 0x000000008ec00000|100%| E|CS|TAMS 0x000000008eb00000| PB 0x000000008eb00000| Complete 
| 174|0x000000008ec00000, 0x000000008ed00000, 0x000000008ed00000|100%| E|CS|TAMS 0x000000008ec00000| PB 0x000000008ec00000| Complete 
| 175|0x000000008ed00000, 0x000000008ee00000, 0x000000008ee00000|100%| E|CS|TAMS 0x000000008ed00000| PB 0x000000008ed00000| Complete 
| 176|0x000000008ee00000, 0x000000008ef00000, 0x000000008ef00000|100%| E|CS|TAMS 0x000000008ee00000| PB 0x000000008ee00000| Complete 
| 177|0x000000008ef00000, 0x000000008f000000, 0x000000008f000000|100%| E|CS|TAMS 0x000000008ef00000| PB 0x000000008ef00000| Complete 
| 178|0x000000008f000000, 0x000000008f100000, 0x000000008f100000|100%| E|CS|TAMS 0x000000008f000000| PB 0x000000008f000000| Complete 
| 179|0x000000008f100000, 0x000000008f200000, 0x000000008f200000|100%| E|CS|TAMS 0x000000008f100000| PB 0x000000008f100000| Complete 
| 180|0x000000008f200000, 0x000000008f300000, 0x000000008f300000|100%| E|CS|TAMS 0x000000008f200000| PB 0x000000008f200000| Complete 
| 181|0x000000008f300000, 0x000000008f400000, 0x000000008f400000|100%| E|CS|TAMS 0x000000008f300000| PB 0x000000008f300000| Complete 
| 182|0x000000008f400000, 0x000000008f500000, 0x000000008f500000|100%| E|CS|TAMS 0x000000008f400000| PB 0x000000008f400000| Complete 
| 183|0x000000008f500000, 0x000000008f600000, 0x000000008f600000|100%| E|CS|TAMS 0x000000008f500000| PB 0x000000008f500000| Complete 
| 184|0x000000008f600000, 0x000000008f700000, 0x000000008f700000|100%| E|CS|TAMS 0x000000008f600000| PB 0x000000008f600000| Complete 
| 185|0x000000008f700000, 0x000000008f800000, 0x000000008f800000|100%| E|CS|TAMS 0x000000008f700000| PB 0x000000008f700000| Complete 
| 186|0x000000008f800000, 0x000000008f900000, 0x000000008f900000|100%| E|CS|TAMS 0x000000008f800000| PB 0x000000008f800000| Complete 
| 187|0x000000008f900000, 0x000000008fa00000, 0x000000008fa00000|100%| E|CS|TAMS 0x000000008f900000| PB 0x000000008f900000| Complete 
| 188|0x000000008fa00000, 0x000000008fb00000, 0x000000008fb00000|100%| E|CS|TAMS 0x000000008fa00000| PB 0x000000008fa00000| Complete 
| 189|0x000000008fb00000, 0x000000008fc00000, 0x000000008fc00000|100%| E|CS|TAMS 0x000000008fb00000| PB 0x000000008fb00000| Complete 
| 190|0x000000008fc00000, 0x000000008fd00000, 0x000000008fd00000|100%| E|CS|TAMS 0x000000008fc00000| PB 0x000000008fc00000| Complete 
| 191|0x000000008fd00000, 0x000000008fe00000, 0x000000008fe00000|100%| E|CS|TAMS 0x000000008fd00000| PB 0x000000008fd00000| Complete 
| 192|0x000000008fe00000, 0x000000008ff00000, 0x000000008ff00000|100%| E|CS|TAMS 0x000000008fe00000| PB 0x000000008fe00000| Complete 
| 193|0x000000008ff00000, 0x0000000090000000, 0x0000000090000000|100%| E|CS|TAMS 0x000000008ff00000| PB 0x000000008ff00000| Complete 
|1940|0x00000000fd200000, 0x00000000fd300000, 0x00000000fd300000|100%| O|Cm|TAMS 0x00000000fd200000| PB 0x00000000fd200000| Complete 
|1941|0x00000000fd300000, 0x00000000fd400000, 0x00000000fd400000|100%| O|  |TAMS 0x00000000fd300000| PB 0x00000000fd300000| Untracked 
|1942|0x00000000fd400000, 0x00000000fd500000, 0x00000000fd500000|100%| O|  |TAMS 0x00000000fd400000| PB 0x00000000fd400000| Untracked 
|1943|0x00000000fd500000, 0x00000000fd600000, 0x00000000fd600000|100%| O|  |TAMS 0x00000000fd500000| PB 0x00000000fd500000| Untracked 
|1944|0x00000000fd600000, 0x00000000fd700000, 0x00000000fd700000|100%| O|  |TAMS 0x00000000fd600000| PB 0x00000000fd600000| Untracked 
|1945|0x00000000fd700000, 0x00000000fd800000, 0x00000000fd800000|100%| O|  |TAMS 0x00000000fd700000| PB 0x00000000fd700000| Untracked 
|1946|0x00000000fd800000, 0x00000000fd900000, 0x00000000fd900000|100%| O|  |TAMS 0x00000000fd800000| PB 0x00000000fd800000| Untracked 
|1947|0x00000000fd900000, 0x00000000fda00000, 0x00000000fda00000|100%| O|  |TAMS 0x00000000fd900000| PB 0x00000000fd900000| Untracked 
|1948|0x00000000fda00000, 0x00000000fdb00000, 0x00000000fdb00000|100%| O|  |TAMS 0x00000000fda00000| PB 0x00000000fda00000| Untracked 
|1949|0x00000000fdb00000, 0x00000000fdc00000, 0x00000000fdc00000|100%| O|  |TAMS 0x00000000fdb00000| PB 0x00000000fdb00000| Untracked 
|1950|0x00000000fdc00000, 0x00000000fdd00000, 0x00000000fdd00000|100%| O|  |TAMS 0x00000000fdc00000| PB 0x00000000fdc00000| Untracked 
|1951|0x00000000fdd00000, 0x00000000fde00000, 0x00000000fde00000|100%| O|  |TAMS 0x00000000fdd00000| PB 0x00000000fdd00000| Untracked 
|1952|0x00000000fde00000, 0x00000000fdf00000, 0x00000000fdf00000|100%| O|  |TAMS 0x00000000fde00000| PB 0x00000000fde00000| Untracked 
|1953|0x00000000fdf00000, 0x00000000fe000000, 0x00000000fe000000|100%| O|  |TAMS 0x00000000fdf00000| PB 0x00000000fdf00000| Untracked 
|1954|0x00000000fe000000, 0x00000000fe100000, 0x00000000fe100000|100%| O|  |TAMS 0x00000000fe000000| PB 0x00000000fe000000| Untracked 
|1955|0x00000000fe100000, 0x00000000fe200000, 0x00000000fe200000|100%| O|  |TAMS 0x00000000fe100000| PB 0x00000000fe100000| Untracked 
|1956|0x00000000fe200000, 0x00000000fe300000, 0x00000000fe300000|100%| O|  |TAMS 0x00000000fe200000| PB 0x00000000fe200000| Untracked 
|1957|0x00000000fe300000, 0x00000000fe400000, 0x00000000fe400000|100%| O|  |TAMS 0x00000000fe300000| PB 0x00000000fe300000| Untracked 
|1958|0x00000000fe400000, 0x00000000fe500000, 0x00000000fe500000|100%| O|  |TAMS 0x00000000fe400000| PB 0x00000000fe400000| Untracked 
|1959|0x00000000fe500000, 0x00000000fe600000, 0x00000000fe600000|100%| O|  |TAMS 0x00000000fe500000| PB 0x00000000fe500000| Untracked 
|1960|0x00000000fe600000, 0x00000000fe700000, 0x00000000fe700000|100%| O|  |TAMS 0x00000000fe600000| PB 0x00000000fe600000| Untracked 
|1961|0x00000000fe700000, 0x00000000fe800000, 0x00000000fe800000|100%| O|  |TAMS 0x00000000fe700000| PB 0x00000000fe700000| Untracked 
|1962|0x00000000fe800000, 0x00000000fe900000, 0x00000000fe900000|100%| O|  |TAMS 0x00000000fe800000| PB 0x00000000fe800000| Untracked 
|1963|0x00000000fe900000, 0x00000000fea00000, 0x00000000fea00000|100%| E|CS|TAMS 0x00000000fe900000| PB 0x00000000fe900000| Complete 
|1964|0x00000000fea00000, 0x00000000feb00000, 0x00000000feb00000|100%| O|Cm|TAMS 0x00000000fea00000| PB 0x00000000fea00000| Complete 
|1965|0x00000000feb00000, 0x00000000fec00000, 0x00000000fec00000|100%| O|  |TAMS 0x00000000feb00000| PB 0x00000000feb00000| Untracked 
|1966|0x00000000fec00000, 0x00000000fed00000, 0x00000000fed00000|100%| O|  |TAMS 0x00000000fec00000| PB 0x00000000fec00000| Untracked 
|1967|0x00000000fed00000, 0x00000000fee00000, 0x00000000fee00000|100%| O|Cm|TAMS 0x00000000fed00000| PB 0x00000000fed00000| Complete 
|1968|0x00000000fee00000, 0x00000000fef00000, 0x00000000fef00000|100%| O|  |TAMS 0x00000000fee00000| PB 0x00000000fee00000| Untracked 
|1969|0x00000000fef00000, 0x00000000ff000000, 0x00000000ff000000|100%| O|  |TAMS 0x00000000fef00000| PB 0x00000000fef00000| Untracked 
|1970|0x00000000ff000000, 0x00000000ff100000, 0x00000000ff100000|100%| O|Cm|TAMS 0x00000000ff000000| PB 0x00000000ff000000| Complete 
|1971|0x00000000ff100000, 0x00000000ff200000, 0x00000000ff200000|100%| O|Cm|TAMS 0x00000000ff100000| PB 0x00000000ff100000| Complete 
|1972|0x00000000ff200000, 0x00000000ff300000, 0x00000000ff300000|100%| O|  |TAMS 0x00000000ff200000| PB 0x00000000ff200000| Untracked 
|1973|0x00000000ff300000, 0x00000000ff400000, 0x00000000ff400000|100%| O|Cm|TAMS 0x00000000ff300000| PB 0x00000000ff300000| Complete 
|1974|0x00000000ff400000, 0x00000000ff500000, 0x00000000ff500000|100%| O|Cm|TAMS 0x00000000ff400000| PB 0x00000000ff400000| Complete 
|1975|0x00000000ff500000, 0x00000000ff600000, 0x00000000ff600000|100%| O|Cm|TAMS 0x00000000ff500000| PB 0x00000000ff500000| Complete 
|1976|0x00000000ff600000, 0x00000000ff700000, 0x00000000ff700000|100%| O|  |TAMS 0x00000000ff600000| PB 0x00000000ff600000| Untracked 
|1977|0x00000000ff700000, 0x00000000ff800000, 0x00000000ff800000|100%| O|Cm|TAMS 0x00000000ff700000| PB 0x00000000ff700000| Complete 
|1978|0x00000000ff800000, 0x00000000ff900000, 0x00000000ff900000|100%| O|Cm|TAMS 0x00000000ff800000| PB 0x00000000ff800000| Complete 
|1979|0x00000000ff900000, 0x00000000ffa00000, 0x00000000ffa00000|100%| O|Cm|TAMS 0x00000000ff900000| PB 0x00000000ff900000| Complete 
|1980|0x00000000ffa00000, 0x00000000ffb00000, 0x00000000ffb00000|100%| O|  |TAMS 0x00000000ffa00000| PB 0x00000000ffa00000| Untracked 
|1981|0x00000000ffb00000, 0x00000000ffc00000, 0x00000000ffc00000|100%| O|  |TAMS 0x00000000ffb00000| PB 0x00000000ffb00000| Untracked 
|1982|0x00000000ffc00000, 0x00000000ffd00000, 0x00000000ffd00000|100%| E|CS|TAMS 0x00000000ffc00000| PB 0x00000000ffc00000| Complete 
|1983|0x00000000ffd00000, 0x00000000ffe00000, 0x00000000ffe00000|100%| O|  |TAMS 0x00000000ffd00000| PB 0x00000000ffd00000| Untracked 
|1984|0x00000000ffe00000, 0x00000000fff00000, 0x00000000fff00000|100%| O|  |TAMS 0x00000000ffe00000| PB 0x00000000ffe00000| Untracked 
|1985|0x00000000fff00000, 0x0000000100000000, 0x0000000100000000|100%| O|  |TAMS 0x00000000fff00000| PB 0x00000000fff00000| Untracked 

Card table byte_map: [0x0000020d69b10000,0x0000020d69f00000] _byte_map_base: 0x0000020d696f1000

Marking Bits: (CMBitMap*) 0x0000020d4fd325a0
 Bits: [0x0000020d69f00000, 0x0000020d6be08000)

Polling page: 0x0000020d4fc30000

Metaspace:

Usage:
  Non-class:     33.92 MB used.
      Class:      4.14 MB used.
       Both:     38.06 MB used.

Virtual space:
  Non-class space:       64.00 MB reserved,      34.19 MB ( 53%) committed,  1 nodes.
      Class space:        1.00 GB reserved,       4.44 MB ( <1%) committed,  1 nodes.
             Both:        1.06 GB reserved,      38.62 MB (  4%) committed. 

Chunk freelists:
   Non-Class:  13.56 MB
       Class:  11.52 MB
        Both:  25.08 MB

MaxMetaspaceSize: unlimited
CompressedClassSpaceSize: 1.00 GB
Initial GC threshold: 21.00 MB
Current GC threshold: 59.00 MB
CDS: on
 - commit_granule_bytes: 65536.
 - commit_granule_words: 8192.
 - virtual_space_node_default_size: 8388608.
 - enlarge_chunks_in_place: 1.
 - use_allocation_guard: 0.


Internal statistics:

num_allocs_failed_limit: 5.
num_arena_births: 674.
num_arena_deaths: 0.
num_vsnodes_births: 2.
num_vsnodes_deaths: 0.
num_space_committed: 618.
num_space_uncommitted: 0.
num_chunks_returned_to_freelist: 5.
num_chunks_taken_from_freelist: 2214.
num_chunk_merges: 5.
num_chunk_splits: 1507.
num_chunks_enlarged: 1087.
num_inconsistent_stats: 0.

CodeHeap 'non-profiled nmethods': size=120000Kb used=12250Kb max_used=12250Kb free=107749Kb
 bounds [0x0000020d61790000, 0x0000020d62390000, 0x0000020d68cc0000]
CodeHeap 'profiled nmethods': size=120000Kb used=27879Kb max_used=29067Kb free=92121Kb
 bounds [0x0000020d59cc0000, 0x0000020d5b930000, 0x0000020d611f0000]
CodeHeap 'non-nmethods': size=5760Kb used=1565Kb max_used=1611Kb free=4194Kb
 bounds [0x0000020d611f0000, 0x0000020d61460000, 0x0000020d61790000]
CodeCache: size=245760Kb, used=41694Kb, max_used=42928Kb, free=204064Kb
 total_blobs=12043, nmethods=11458, adapters=489, full_count=0
Compilation: enabled, stopped_count=0, restarted_count=0

Compilation events (20 events):
Event: 40.682 Thread 0x0000020d6e8efe30 nmethod 12924 0x0000020d59d4a690 code [0x0000020d59d4aa00, 0x0000020d59d4c038]
Event: 41.879 Thread 0x0000020d6e8efe30 12926       3       java.util.concurrent.locks.LockSupport::setBlocker (12 bytes)
Event: 41.879 Thread 0x0000020d6e8efe30 nmethod 12926 0x0000020d5a81f410 code [0x0000020d5a81f5c0, 0x0000020d5a81f7c8]
Event: 41.879 Thread 0x0000020d6e8efe30 12927       3       jdk.internal.misc.Unsafe::putReferenceOpaque (9 bytes)
Event: 41.879 Thread 0x0000020d6e8efe30 nmethod 12927 0x0000020d5abf5410 code [0x0000020d5abf55a0, 0x0000020d5abf5700]
Event: 43.111 Thread 0x0000020d6e8cedb0 12928       4       java.util.concurrent.locks.AbstractQueuedSynchronizer::release (19 bytes)
Event: 43.114 Thread 0x0000020d6e8cedb0 nmethod 12928 0x0000020d62385690 code [0x0000020d62385840, 0x0000020d62385a48]
Event: 43.627 Thread 0x0000020d6e8efe30 12930       1       java.nio.charset.CharsetEncoder::maxBytesPerChar (5 bytes)
Event: 43.627 Thread 0x0000020d6e8efe30 nmethod 12930 0x0000020d62385f90 code [0x0000020d62386120, 0x0000020d623861e8]
Event: 43.630 Thread 0x0000020d6e8efe30 12931       3       java.util.concurrent.locks.AbstractQueuedSynchronizer$ConditionObject::canReacquire (38 bytes)
Event: 43.630 Thread 0x0000020d6e8efe30 nmethod 12931 0x0000020d5ae1c010 code [0x0000020d5ae1c1e0, 0x0000020d5ae1c528]
Event: 43.730 Thread 0x0000020d6e8efe30 12932       1       org.apache.maven.plugin.surefire.booterclient.output.ThreadedStreamConsumer$QueueSynchronizer::access$600 (5 bytes)
Event: 43.730 Thread 0x0000020d6e8efe30 nmethod 12932 0x0000020d62386290 code [0x0000020d62386420, 0x0000020d623864d0]
Event: 43.755 Thread 0x0000020d6e8cedb0 12934       4       java.nio.HeapCharBuffer::<init> (23 bytes)
Event: 43.755 Thread 0x0000020d6e8efe30 12935       3       java.io.FilterOutputStream::flush (8 bytes)
Event: 43.755 Thread 0x0000020d6e8efe30 nmethod 12935 0x0000020d5a79b610 code [0x0000020d5a79b7c0, 0x0000020d5a79b998]
Event: 43.755 Thread 0x0000020d6e8efe30 12937       3       org.fusesource.jansi.io.FastBufferedOutputStream::flushBuffer (29 bytes)
Event: 43.755 Thread 0x0000020d6e8efe30 nmethod 12937 0x0000020d5a7c2310 code [0x0000020d5a7c24c0, 0x0000020d5a7c26e8]
Event: 43.755 Thread 0x0000020d6e8efe30 12936       3       org.fusesource.jansi.io.FastBufferedOutputStream::flush (12 bytes)
Event: 43.756 Thread 0x0000020d6e8efe30 nmethod 12936 0x0000020d5a826d10 code [0x0000020d5a826ee0, 0x0000020d5a827230]

GC Heap History (20 events):
Event: 19.190 GC heap before
{Heap before GC invocations=17 (full 0):
 garbage-first heap   total 151552K, used 138564K [0x0000000083e00000, 0x0000000100000000)
  region size 1024K, 74 young (75776K), 4 survivors (4096K)
 Metaspace       used 30734K, committed 31232K, reserved 1114112K
  class space    used 3429K, committed 3648K, reserved 1048576K
}
Event: 19.199 GC heap after
{Heap after GC invocations=18 (full 0):
 garbage-first heap   total 222208K, used 67500K [0x0000000083e00000, 0x0000000100000000)
  region size 1024K, 4 young (4096K), 4 survivors (4096K)
 Metaspace       used 30734K, committed 31232K, reserved 1114112K
  class space    used 3429K, committed 3648K, reserved 1048576K
}
Event: 22.328 GC heap before
{Heap before GC invocations=18 (full 0):
 garbage-first heap   total 222208K, used 198572K [0x0000000083e00000, 0x0000000100000000)
  region size 1024K, 130 young (133120K), 4 survivors (4096K)
 Metaspace       used 33658K, committed 34240K, reserved 1114112K
  class space    used 3711K, committed 3968K, reserved 1048576K
}
Event: 22.342 GC heap after
{Heap after GC invocations=19 (full 0):
 garbage-first heap   total 222208K, used 71680K [0x0000000083e00000, 0x0000000100000000)
  region size 1024K, 7 young (7168K), 7 survivors (7168K)
 Metaspace       used 33658K, committed 34240K, reserved 1114112K
  class space    used 3711K, committed 3968K, reserved 1048576K
}
Event: 24.779 GC heap before
{Heap before GC invocations=19 (full 0):
 garbage-first heap   total 222208K, used 202752K [0x0000000083e00000, 0x0000000100000000)
  region size 1024K, 130 young (133120K), 7 survivors (7168K)
 Metaspace       used 33869K, committed 34432K, reserved 1114112K
  class space    used 3723K, committed 3968K, reserved 1048576K
}
Event: 24.806 GC heap after
{Heap after GC invocations=20 (full 0):
 garbage-first heap   total 245760K, used 109818K [0x0000000083e00000, 0x0000000100000000)
  region size 1024K, 17 young (17408K), 17 survivors (17408K)
 Metaspace       used 33869K, committed 34432K, reserved 1114112K
  class space    used 3723K, committed 3968K, reserved 1048576K
}
Event: 25.729 GC heap before
{Heap before GC invocations=20 (full 0):
 garbage-first heap   total 245760K, used 199930K [0x0000000083e00000, 0x0000000100000000)
  region size 1024K, 106 young (108544K), 17 survivors (17408K)
 Metaspace       used 35276K, committed 35840K, reserved 1114112K
  class space    used 3878K, committed 4096K, reserved 1048576K
}
Event: 25.745 GC heap after
{Heap after GC invocations=21 (full 0):
 garbage-first heap   total 245760K, used 115708K [0x0000000083e00000, 0x0000000100000000)
  region size 1024K, 5 young (5120K), 5 survivors (5120K)
 Metaspace       used 35276K, committed 35840K, reserved 1114112K
  class space    used 3878K, committed 4096K, reserved 1048576K
}
Event: 26.033 GC heap before
{Heap before GC invocations=21 (full 0):
 garbage-first heap   total 245760K, used 207868K [0x0000000083e00000, 0x0000000100000000)
  region size 1024K, 95 young (97280K), 5 survivors (5120K)
 Metaspace       used 35290K, committed 35904K, reserved 1114112K
  class space    used 3878K, committed 4160K, reserved 1048576K
}
Event: 26.037 GC heap after
{Heap after GC invocations=22 (full 0):
 garbage-first heap   total 245760K, used 115696K [0x0000000083e00000, 0x0000000100000000)
  region size 1024K, 5 young (5120K), 5 survivors (5120K)
 Metaspace       used 35290K, committed 35904K, reserved 1114112K
  class space    used 3878K, committed 4160K, reserved 1048576K
}
Event: 26.408 GC heap before
{Heap before GC invocations=22 (full 0):
 garbage-first heap   total 245760K, used 215024K [0x0000000083e00000, 0x0000000100000000)
  region size 1024K, 102 young (104448K), 5 survivors (5120K)
 Metaspace       used 35336K, committed 35904K, reserved 1114112K
  class space    used 3882K, committed 4160K, reserved 1048576K
}
Event: 26.414 GC heap after
{Heap after GC invocations=23 (full 0):
 garbage-first heap   total 245760K, used 117113K [0x0000000083e00000, 0x0000000100000000)
  region size 1024K, 7 young (7168K), 7 survivors (7168K)
 Metaspace       used 35336K, committed 35904K, reserved 1114112K
  class space    used 3882K, committed 4160K, reserved 1048576K
}
Event: 26.873 GC heap before
{Heap before GC invocations=23 (full 0):
 garbage-first heap   total 245760K, used 212345K [0x0000000083e00000, 0x0000000100000000)
  region size 1024K, 101 young (103424K), 7 survivors (7168K)
 Metaspace       used 35444K, committed 36032K, reserved 1114112K
  class space    used 3893K, committed 4160K, reserved 1048576K
}
Event: 26.879 GC heap after
{Heap after GC invocations=24 (full 0):
 garbage-first heap   total 245760K, used 117982K [0x0000000083e00000, 0x0000000100000000)
  region size 1024K, 8 young (8192K), 8 survivors (8192K)
 Metaspace       used 35444K, committed 36032K, reserved 1114112K
  class space    used 3893K, committed 4160K, reserved 1048576K
}
Event: 27.629 GC heap before
{Heap before GC invocations=24 (full 0):
 garbage-first heap   total 245760K, used 225502K [0x0000000083e00000, 0x0000000100000000)
  region size 1024K, 110 young (112640K), 8 survivors (8192K)
 Metaspace       used 35603K, committed 36160K, reserved 1114112K
  class space    used 3908K, committed 4160K, reserved 1048576K
}
Event: 27.637 GC heap after
{Heap after GC invocations=25 (full 0):
 garbage-first heap   total 245760K, used 123396K [0x0000000083e00000, 0x0000000100000000)
  region size 1024K, 10 young (10240K), 10 survivors (10240K)
 Metaspace       used 35603K, committed 36160K, reserved 1114112K
  class space    used 3908K, committed 4160K, reserved 1048576K
}
Event: 28.207 GC heap before
{Heap before GC invocations=25 (full 0):
 garbage-first heap   total 245760K, used 225796K [0x0000000083e00000, 0x0000000100000000)
  region size 1024K, 110 young (112640K), 10 survivors (10240K)
 Metaspace       used 35693K, committed 36224K, reserved 1114112K
  class space    used 3908K, committed 4160K, reserved 1048576K
}
Event: 28.215 GC heap after
{Heap after GC invocations=26 (full 0):
 garbage-first heap   total 245760K, used 124761K [0x0000000083e00000, 0x0000000100000000)
  region size 1024K, 7 young (7168K), 7 survivors (7168K)
 Metaspace       used 35693K, committed 36224K, reserved 1114112K
  class space    used 3908K, committed 4160K, reserved 1048576K
}
Event: 29.711 GC heap before
{Heap before GC invocations=27 (full 0):
 garbage-first heap   total 245760K, used 224089K [0x0000000083e00000, 0x0000000100000000)
  region size 1024K, 108 young (110592K), 7 survivors (7168K)
 Metaspace       used 35732K, committed 36352K, reserved 1114112K
  class space    used 3910K, committed 4160K, reserved 1048576K
}
Event: 29.719 GC heap after
{Heap after GC invocations=28 (full 0):
 garbage-first heap   total 245760K, used 121797K [0x0000000083e00000, 0x0000000100000000)
  region size 1024K, 8 young (8192K), 8 survivors (8192K)
 Metaspace       used 35732K, committed 36352K, reserved 1114112K
  class space    used 3910K, committed 4160K, reserved 1048576K
}

Dll operation events (8 events):
Event: 0.172 Loaded shared library C:\Program Files\Eclipse Adoptium\jdk-21.0.11.10-hotspot\bin\java.dll
Event: 0.372 Loaded shared library C:\Program Files\Eclipse Adoptium\jdk-21.0.11.10-hotspot\bin\jsvml.dll
Event: 0.402 Loaded shared library C:\Program Files\Eclipse Adoptium\jdk-21.0.11.10-hotspot\bin\net.dll
Event: 0.407 Loaded shared library C:\Program Files\Eclipse Adoptium\jdk-21.0.11.10-hotspot\bin\nio.dll
Event: 0.422 Loaded shared library C:\Program Files\Eclipse Adoptium\jdk-21.0.11.10-hotspot\bin\zip.dll
Event: 0.941 Loaded shared library C:\Program Files\Eclipse Adoptium\jdk-21.0.11.10-hotspot\bin\jimage.dll
Event: 0.949 Loaded shared library C:\Program Files\Apache\Maven\apache-maven-3.9.16\lib\jansi-native\Windows\x86_64\jansi.dll
Event: 0.988 Loaded shared library C:\Program Files\Eclipse Adoptium\jdk-21.0.11.10-hotspot\bin\verify.dll

Deoptimization events (20 events):
Event: 39.394 Thread 0x0000020d73ffab30 Uncommon trap: trap_request=0xffffff45 fr.pc=0x0000020d61916024 relative=0x0000000000000084
Event: 39.394 Thread 0x0000020d73ffab30 Uncommon trap: reason=unstable_if action=reinterpret pc=0x0000020d61916024 method=java.util.regex.Pattern.lambda$DOT$11(I)Z @ 3 c2
Event: 39.394 Thread 0x0000020d73ffab30 DEOPT PACKING pc=0x0000020d61916024 sp=0x0000001669cfef60
Event: 39.394 Thread 0x0000020d73ffab30 DEOPT UNPACKING pc=0x0000020d61247ba2 sp=0x0000001669cfee88 mode 2
Event: 39.394 Thread 0x0000020d73ffab30 Uncommon trap: trap_request=0xffffffc6 fr.pc=0x0000020d61ca51d4 relative=0x00000000000006f4
Event: 39.394 Thread 0x0000020d73ffab30 Uncommon trap: reason=bimorphic_or_optimized_type_check action=maybe_recompile pc=0x0000020d61ca51d4 method=java.util.regex.Pattern$Slice.match(Ljava/util/regex/Matcher;ILjava/lang/CharSequence;)Z @ 49 c2
Event: 39.394 Thread 0x0000020d73ffab30 DEOPT PACKING pc=0x0000020d61ca51d4 sp=0x0000001669cfeeb0
Event: 39.394 Thread 0x0000020d73ffab30 DEOPT UNPACKING pc=0x0000020d61247ba2 sp=0x0000001669cfedd8 mode 2
Event: 39.394 Thread 0x0000020d73ffab30 Uncommon trap: trap_request=0xffffffc6 fr.pc=0x0000020d6191d828 relative=0x00000000000002c8
Event: 39.394 Thread 0x0000020d73ffab30 Uncommon trap: reason=bimorphic_or_optimized_type_check action=maybe_recompile pc=0x0000020d6191d828 method=java.util.regex.Pattern$BmpCharProperty.match(Ljava/util/regex/Matcher;ILjava/lang/CharSequence;)Z @ 14 c2
Event: 39.394 Thread 0x0000020d73ffab30 DEOPT PACKING pc=0x0000020d6191d828 sp=0x0000001669cfee40
Event: 39.394 Thread 0x0000020d73ffab30 DEOPT UNPACKING pc=0x0000020d61247ba2 sp=0x0000001669cfedf0 mode 2
Event: 39.395 Thread 0x0000020d73ffab30 Uncommon trap: trap_request=0xffffff45 fr.pc=0x0000020d6236cda8 relative=0x00000000000002c8
Event: 39.395 Thread 0x0000020d73ffab30 Uncommon trap: reason=unstable_if action=reinterpret pc=0x0000020d6236cda8 method=java.util.regex.Matcher.find()Z @ 21 c2
Event: 39.395 Thread 0x0000020d73ffab30 DEOPT PACKING pc=0x0000020d6236cda8 sp=0x0000001669cff0b0
Event: 39.395 Thread 0x0000020d73ffab30 DEOPT UNPACKING pc=0x0000020d61247ba2 sp=0x0000001669cff078 mode 2
Event: 39.395 Thread 0x0000020d73ffab30 Uncommon trap: trap_request=0xffffffde fr.pc=0x0000020d617ffcbc relative=0x00000000000003bc
Event: 39.395 Thread 0x0000020d73ffab30 Uncommon trap: reason=class_check action=maybe_recompile pc=0x0000020d617ffcbc method=sun.nio.cs.StreamDecoder.read([CII)I @ 8 c2
Event: 39.395 Thread 0x0000020d73ffab30 DEOPT PACKING pc=0x0000020d617ffcbc sp=0x0000001669cff010
Event: 39.395 Thread 0x0000020d73ffab30 DEOPT UNPACKING pc=0x0000020d61247ba2 sp=0x0000001669cfefc8 mode 2

Classes loaded (20 events):
Event: 31.236 Loading class sun/util/logging/PlatformLogger$ConfigurableBridge$LoggerConfiguration done
Event: 31.236 Loading class sun/util/logging/internal/LoggingProviderImpl$JULWrapper done
Event: 31.236 Loading class java/lang/System$Logger$Level
Event: 31.236 Loading class java/lang/System$Logger$Level done
Event: 31.237 Loading class java/nio/channels/ClosedChannelException
Event: 31.237 Loading class java/nio/channels/ClosedChannelException done
Event: 31.239 Loading class java/nio/channels/NonReadableChannelException
Event: 31.239 Loading class java/nio/channels/NonReadableChannelException done
Event: 31.240 Loading class java/nio/channels/NonWritableChannelException
Event: 31.240 Loading class java/nio/channels/NonWritableChannelException done
Event: 31.250 Loading class java/util/Scanner
Event: 31.251 Loading class java/util/Scanner done
Event: 31.252 Loading class java/util/Scanner$PatternLRUCache
Event: 31.252 Loading class java/util/Scanner$PatternLRUCache done
Event: 39.394 Loading class java/util/regex/Matcher$ImmutableMatchResult
Event: 39.394 Loading class java/util/regex/Matcher$ImmutableMatchResult done
Event: 43.754 Loading class java/lang/Throwable$WrappedPrintStream
Event: 43.754 Loading class java/lang/Throwable$PrintStreamOrWriter
Event: 43.754 Loading class java/lang/Throwable$PrintStreamOrWriter done
Event: 43.754 Loading class java/lang/Throwable$WrappedPrintStream done

Classes unloaded (0 events):
No events

Classes redefined (0 events):
No events

Internal exceptions (20 events):
Event: 29.634 Thread 0x0000020d4fa37d00 Exception <a 'sun/nio/fs/WindowsException'{0x000000008abbbfd0}> (0x000000008abbbfd0) 
thrown [s\src\hotspot\share\prims\jni.cpp, line 520]
Event: 29.634 Thread 0x0000020d4fa37d00 Exception <a 'sun/nio/fs/WindowsException'{0x000000008abbc800}> (0x000000008abbc800) 
thrown [s\src\hotspot\share\prims\jni.cpp, line 520]
Event: 29.739 Thread 0x0000020d4fa37d00 Exception <a 'sun/nio/fs/WindowsException'{0x000000008fa4c680}> (0x000000008fa4c680) 
thrown [s\src\hotspot\share\prims\jni.cpp, line 520]
Event: 29.739 Thread 0x0000020d4fa37d00 Exception <a 'sun/nio/fs/WindowsException'{0x000000008fa4cd30}> (0x000000008fa4cd30) 
thrown [s\src\hotspot\share\prims\jni.cpp, line 520]
Event: 29.739 Thread 0x0000020d4fa37d00 Exception <a 'sun/nio/fs/WindowsException'{0x000000008fa4d508}> (0x000000008fa4d508) 
thrown [s\src\hotspot\share\prims\jni.cpp, line 520]
Event: 29.748 Thread 0x0000020d4fa37d00 Exception <a 'sun/nio/fs/WindowsException'{0x000000008f903d98}> (0x000000008f903d98) 
thrown [s\src\hotspot\share\prims\jni.cpp, line 520]
Event: 29.748 Thread 0x0000020d4fa37d00 Exception <a 'sun/nio/fs/WindowsException'{0x000000008f904438}> (0x000000008f904438) 
thrown [s\src\hotspot\share\prims\jni.cpp, line 520]
Event: 29.748 Thread 0x0000020d4fa37d00 Exception <a 'sun/nio/fs/WindowsException'{0x000000008f904bd0}> (0x000000008f904bd0) 
thrown [s\src\hotspot\share\prims\jni.cpp, line 520]
Event: 29.860 Thread 0x0000020d4fa37d00 Exception <a 'sun/nio/fs/WindowsException'{0x000000008f72a200}> (0x000000008f72a200) 
thrown [s\src\hotspot\share\prims\jni.cpp, line 520]
Event: 29.861 Thread 0x0000020d4fa37d00 Exception <a 'sun/nio/fs/WindowsException'{0x000000008f72a8a0}> (0x000000008f72a8a0) 
thrown [s\src\hotspot\share\prims\jni.cpp, line 520]
Event: 29.861 Thread 0x0000020d4fa37d00 Exception <a 'sun/nio/fs/WindowsException'{0x000000008f72b020}> (0x000000008f72b020) 
thrown [s\src\hotspot\share\prims\jni.cpp, line 520]
Event: 30.611 Thread 0x0000020d4fa37d00 Implicit null exception at 0x0000020d61ef89f7 to 0x0000020d61ef8c68
Event: 30.619 Thread 0x0000020d75efdb60 Exception <a 'java/lang/NoSuchMethodError'{0x000000008dc37550}: 'java.lang.Object java.lang.invoke.DirectMethodHandle$Holder.invokeStatic(java.lang.Object, long, java.lang.Object)'> (0x000000008dc37550) 
thrown [s\src\hotspot\share\interpreter\linkResolver.cpp, line 773]
Event: 30.621 Thread 0x0000020d75efdb60 Exception <a 'java/lang/NoSuchMethodError'{0x000000008dc3a908}: 'java.lang.Object java.lang.invoke.DirectMethodHandle$Holder.invokeStaticInit(java.lang.Object, long, java.lang.Object)'> (0x000000008dc3a908) 
thrown [s\src\hotspot\share\interpreter\linkResolver.cpp, line 773]
Event: 30.621 Thread 0x0000020d75efdb60 Exception <a 'java/lang/NoSuchMethodError'{0x000000008dc3fd18}: 'java.lang.Object java.lang.invoke.DirectMethodHandle$Holder.newInvokeSpecial(java.lang.Object, long)'> (0x000000008dc3fd18) 
thrown [s\src\hotspot\share\interpreter\linkResolver.cpp, line 773]
Event: 30.632 Thread 0x0000020d75efdb60 Exception <a 'java/lang/NoSuchMethodError'{0x000000008dc45660}: 'long java.lang.invoke.DirectMethodHandle$Holder.invokeInterface(java.lang.Object, java.lang.Object)'> (0x000000008dc45660) 
thrown [s\src\hotspot\share\interpreter\linkResolver.cpp, line 773]
Event: 30.632 Thread 0x0000020d75efdb60 Exception <a 'java/lang/NoSuchMethodError'{0x000000008dc48ce8}: 'long java.lang.invoke.DelegatingMethodHandle$Holder.reinvoke_L(java.lang.Object, java.lang.Object)'> (0x000000008dc48ce8) 
thrown [s\src\hotspot\share\interpreter\linkResolver.cpp, line 773]
Event: 30.746 Thread 0x0000020d4fa37d00 Exception <a 'java/lang/NoSuchMethodError'{0x000000008d831918}: 'java.lang.Object java.lang.invoke.DirectMethodHandle$Holder.invokeStaticInit(java.lang.Object, java.lang.Object, int, int, int, int)'> (0x000000008d831918) 
thrown [s\src\hotspot\share\interpreter\linkResolver.cpp, line 773]
Event: 31.228 Thread 0x0000020d4fa37d00 Exception <a 'java/lang/NoSuchMethodError'{0x000000008cd752c8}: 'void java.lang.invoke.DirectMethodHandle$Holder.invokeStatic(java.lang.Object, long)'> (0x000000008cd752c8) 
thrown [s\src\hotspot\share\interpreter\linkResolver.cpp, line 773]
Event: 43.753 Thread 0x0000020d73ffbee0 Exception <a 'java/lang/OutOfMemoryError'{0x000000008cab32e0}> (0x000000008cab32e0) 
thrown [s\src\hotspot\share\prims\jni.cpp, line 539]

ZGC Phase Switch (0 events):
No events

VM Operations (20 events):
Event: 30.706 Executing non-safepoint VM operation: HandshakeAllThreads (Deoptimize)
Event: 30.706 Executing non-safepoint VM operation: HandshakeAllThreads (Deoptimize) done
Event: 30.880 Executing safepoint VM operation: ICBufferFull
Event: 30.880 Executing safepoint VM operation: ICBufferFull done
Event: 31.006 Executing non-safepoint VM operation: HandshakeAllThreads (Deoptimize)
Event: 31.006 Executing non-safepoint VM operation: HandshakeAllThreads (Deoptimize) done
Event: 31.029 Executing non-safepoint VM operation: HandshakeAllThreads (Deoptimize)
Event: 31.029 Executing non-safepoint VM operation: HandshakeAllThreads (Deoptimize) done
Event: 31.232 Executing non-safepoint VM operation: HandshakeAllThreads (Deoptimize)
Event: 31.232 Executing non-safepoint VM operation: HandshakeAllThreads (Deoptimize) done
Event: 32.237 Executing safepoint VM operation: Cleanup
Event: 32.237 Executing safepoint VM operation: Cleanup done
Event: 33.238 Executing safepoint VM operation: Cleanup
Event: 33.238 Executing safepoint VM operation: Cleanup done
Event: 34.253 Executing safepoint VM operation: Cleanup
Event: 34.253 Executing safepoint VM operation: Cleanup done
Event: 40.294 Executing safepoint VM operation: Cleanup
Event: 40.294 Executing safepoint VM operation: Cleanup done
Event: 43.301 Executing safepoint VM operation: Cleanup
Event: 43.301 Executing safepoint VM operation: Cleanup done

Memory protections (0 events):
No events

Nmethod flushes (20 events):
Event: 28.290 Thread 0x0000020d6e8a52a0 flushing  nmethod 0x0000020d5abef610
Event: 28.290 Thread 0x0000020d6e8a52a0 flushing  nmethod 0x0000020d5abf1190
Event: 28.290 Thread 0x0000020d6e8a52a0 flushing  nmethod 0x0000020d5abf1610
Event: 28.290 Thread 0x0000020d6e8a52a0 flushing  nmethod 0x0000020d5abf1b10
Event: 28.290 Thread 0x0000020d6e8a52a0 flushing  nmethod 0x0000020d5ac74910
Event: 28.290 Thread 0x0000020d6e8a52a0 flushing  nmethod 0x0000020d5ac75a10
Event: 28.290 Thread 0x0000020d6e8a52a0 flushing  nmethod 0x0000020d5ac7a410
Event: 28.290 Thread 0x0000020d6e8a52a0 flushing  nmethod 0x0000020d5acda790
Event: 28.290 Thread 0x0000020d6e8a52a0 flushing  nmethod 0x0000020d5acdce10
Event: 28.290 Thread 0x0000020d6e8a52a0 flushing  nmethod 0x0000020d5ad57410
Event: 28.290 Thread 0x0000020d6e8a52a0 flushing  nmethod 0x0000020d5ad7f910
Event: 28.290 Thread 0x0000020d6e8a52a0 flushing  nmethod 0x0000020d5ad82990
Event: 28.290 Thread 0x0000020d6e8a52a0 flushing  nmethod 0x0000020d5ad8bc10
Event: 28.290 Thread 0x0000020d6e8a52a0 flushing  nmethod 0x0000020d5ae21890
Event: 28.290 Thread 0x0000020d6e8a52a0 flushing  nmethod 0x0000020d5ae25210
Event: 28.290 Thread 0x0000020d6e8a52a0 flushing  nmethod 0x0000020d5ae2a790
Event: 28.290 Thread 0x0000020d6e8a52a0 flushing  nmethod 0x0000020d5ae2ae10
Event: 28.290 Thread 0x0000020d6e8a52a0 flushing  nmethod 0x0000020d5ae2d810
Event: 28.290 Thread 0x0000020d6e8a52a0 flushing  nmethod 0x0000020d5ae30e10
Event: 28.290 Thread 0x0000020d6e8a52a0 flushing  nmethod 0x0000020d5ae33290

Events (20 events):
Event: 16.406 Thread 0x0000020d7354a1d0 Thread exited: 0x0000020d7354a1d0
Event: 16.553 Thread 0x0000020d6e8efe30 Thread added: 0x0000020d75734460
Event: 16.571 Thread 0x0000020d6e8efe30 Thread added: 0x0000020d74434200
Event: 23.106 Thread 0x0000020d75734460 Thread exited: 0x0000020d75734460
Event: 23.106 Thread 0x0000020d74434200 Thread exited: 0x0000020d74434200
Event: 23.358 Thread 0x0000020d6e8efe30 Thread added: 0x0000020d74434200
Event: 25.445 Thread 0x0000020d74434200 Thread exited: 0x0000020d74434200
Event: 25.547 Thread 0x0000020d6e8efe30 Thread added: 0x0000020d74434200
Event: 26.252 Thread 0x0000020d74434200 Thread added: 0x0000020d77093b90
Event: 30.609 Thread 0x0000020d4fa37d00 Thread added: 0x0000020d75efdb60
Event: 30.633 Thread 0x0000020d75efdb60 Thread exited: 0x0000020d75efdb60
Event: 30.921 Thread 0x0000020d4fa37d00 Thread added: 0x0000020d77a46960
Event: 30.928 Thread 0x0000020d4fa37d00 Thread added: 0x0000020d75efdb60
Event: 31.151 Thread 0x0000020d77093b90 Thread exited: 0x0000020d77093b90
Event: 31.195 Thread 0x0000020d4fa37d00 Thread added: 0x0000020d75f11820
Event: 31.250 Thread 0x0000020d4fa37d00 Thread added: 0x0000020d73ffab30
Event: 31.250 Thread 0x0000020d4fa37d00 Thread added: 0x0000020d73ffb1c0
Event: 31.256 Thread 0x0000020d4fa37d00 Thread added: 0x0000020d73ffbee0
Event: 33.171 Thread 0x0000020d74434200 Thread exited: 0x0000020d74434200
Event: 43.755 Thread 0x0000020d73ffbee0 Thread exited: 0x0000020d73ffbee0


Dynamic libraries:
0x00007ff6898b0000 - 0x00007ff6898be000 	C:\Program Files\Eclipse Adoptium\jdk-21.0.11.10-hotspot\bin\java.exe
0x00007ffdbe5c0000 - 0x00007ffdbe829000 	C:\WINDOWS\SYSTEM32\ntdll.dll
0x00007ffdbd6d0000 - 0x00007ffdbd799000 	C:\WINDOWS\System32\KERNEL32.DLL
0x00007ffdbbd50000 - 0x00007ffdbc143000 	C:\WINDOWS\System32\KERNELBASE.dll
0x00007ffdbbac0000 - 0x00007ffdbbc0b000 	C:\WINDOWS\System32\ucrtbase.dll
0x00007ffd8f010000 - 0x00007ffd8f028000 	C:\Program Files\Eclipse Adoptium\jdk-21.0.11.10-hotspot\bin\jli.dll
0x00007ffdbd500000 - 0x00007ffdbd6c4000 	C:\WINDOWS\System32\USER32.dll
0x00007ffdbb750000 - 0x00007ffdbb777000 	C:\WINDOWS\System32\win32u.dll
0x00007ffdbccc0000 - 0x00007ffdbcceb000 	C:\WINDOWS\System32\GDI32.dll
0x00007ffdbb780000 - 0x00007ffdbb8ad000 	C:\WINDOWS\System32\gdi32full.dll
0x00007ffdbbc10000 - 0x00007ffdbbcb3000 	C:\WINDOWS\System32\msvcp_win.dll
0x00007ffd8e890000 - 0x00007ffd8e8ae000 	C:\Program Files\Eclipse Adoptium\jdk-21.0.11.10-hotspot\bin\VCRUNTIME140.dll
0x00007ffda0550000 - 0x00007ffda07e3000 	C:\WINDOWS\WinSxS\amd64_microsoft.windows.common-controls_6595b64144ccf1df_6.0.26100.5074_none_3e0d6f78e32fd63f\COMCTL32.dll
0x00007ffdbdff0000 - 0x00007ffdbe099000 	C:\WINDOWS\System32\msvcrt.dll
0x00007ffdbd7a0000 - 0x00007ffdbd7cf000 	C:\WINDOWS\System32\IMM32.DLL
0x00007ffda0300000 - 0x00007ffda030c000 	C:\Program Files\Eclipse Adoptium\jdk-21.0.11.10-hotspot\bin\vcruntime140_1.dll
0x00007ffd498b0000 - 0x00007ffd4993d000 	C:\Program Files\Eclipse Adoptium\jdk-21.0.11.10-hotspot\bin\msvcp140.dll
0x00007ffd16fe0000 - 0x00007ffd17d82000 	C:\Program Files\Eclipse Adoptium\jdk-21.0.11.10-hotspot\bin\server\jvm.dll
0x00007ffdbe0c0000 - 0x00007ffdbe174000 	C:\WINDOWS\System32\ADVAPI32.dll
0x00007ffdbdf40000 - 0x00007ffdbdfe6000 	C:\WINDOWS\System32\sechost.dll
0x00007ffdbd890000 - 0x00007ffdbd9a8000 	C:\WINDOWS\System32\RPCRT4.dll
0x00007ffdbe390000 - 0x00007ffdbe404000 	C:\WINDOWS\System32\WS2_32.dll
0x00007ffdbb5b0000 - 0x00007ffdbb60e000 	C:\WINDOWS\SYSTEM32\POWRPROF.dll
0x00007ffda2e00000 - 0x00007ffda2e35000 	C:\WINDOWS\SYSTEM32\WINMM.dll
0x00007ffdb39b0000 - 0x00007ffdb39bb000 	C:\WINDOWS\SYSTEM32\VERSION.dll
0x00007ffdbb590000 - 0x00007ffdbb5a4000 	C:\WINDOWS\SYSTEM32\UMPDC.dll
0x00007ffdba510000 - 0x00007ffdba52b000 	C:\WINDOWS\SYSTEM32\kernel.appcore.dll
0x00007ffd99690000 - 0x00007ffd9969a000 	C:\Program Files\Eclipse Adoptium\jdk-21.0.11.10-hotspot\bin\jimage.dll
0x00007ffdb8e00000 - 0x00007ffdb9042000 	C:\WINDOWS\SYSTEM32\DBGHELP.DLL
0x00007ffdbd180000 - 0x00007ffdbd4fb000 	C:\WINDOWS\System32\combase.dll
0x00007ffdbdbc0000 - 0x00007ffdbdc97000 	C:\WINDOWS\System32\OLEAUT32.dll
0x00007ffd9a090000 - 0x00007ffd9a0cd000 	C:\WINDOWS\SYSTEM32\dbgcore.DLL
0x00007ffdbb8b0000 - 0x00007ffdbb949000 	C:\WINDOWS\System32\bcryptPrimitives.dll
0x00007ffd88d30000 - 0x00007ffd88d50000 	C:\Program Files\Eclipse Adoptium\jdk-21.0.11.10-hotspot\bin\java.dll
0x00007ffdbc390000 - 0x00007ffdbcadd000 	C:\WINDOWS\System32\SHELL32.dll
0x00007ffdbb950000 - 0x00007ffdbbabc000 	C:\WINDOWS\System32\wintypes.dll
0x00007ffdb9380000 - 0x00007ffdb9bd9000 	C:\WINDOWS\SYSTEM32\windows.storage.dll
0x00007ffdbde40000 - 0x00007ffdbdf30000 	C:\WINDOWS\System32\SHCORE.dll
0x00007ffdbe410000 - 0x00007ffdbe472000 	C:\WINDOWS\System32\shlwapi.dll
0x00007ffdbb670000 - 0x00007ffdbb699000 	C:\WINDOWS\SYSTEM32\profapi.dll
0x00007ffd41e90000 - 0x00007ffd41f67000 	C:\Program Files\Eclipse Adoptium\jdk-21.0.11.10-hotspot\bin\jsvml.dll
0x00007ffd910c0000 - 0x00007ffd910d0000 	C:\Program Files\Eclipse Adoptium\jdk-21.0.11.10-hotspot\bin\net.dll
0x00007ffdaed60000 - 0x00007ffdaee7f000 	C:\WINDOWS\SYSTEM32\WINHTTP.dll
0x00007ffdbaab0000 - 0x00007ffdbab1b000 	C:\WINDOWS\system32\mswsock.dll
0x00007ffd88a30000 - 0x00007ffd88a46000 	C:\Program Files\Eclipse Adoptium\jdk-21.0.11.10-hotspot\bin\nio.dll
0x00007ffd88a10000 - 0x00007ffd88a28000 	C:\Program Files\Eclipse Adoptium\jdk-21.0.11.10-hotspot\bin\zip.dll
0x00007ffd88920000 - 0x00007ffd88944000 	C:\Program Files\Apache\Maven\apache-maven-3.9.16\lib\jansi-native\Windows\x86_64\jansi.dll
0x00007ffd90ff0000 - 0x00007ffd91000000 	C:\Program Files\Eclipse Adoptium\jdk-21.0.11.10-hotspot\bin\verify.dll
0x00007ffdbad50000 - 0x00007ffdbad6b000 	C:\WINDOWS\SYSTEM32\CRYPTSP.dll
0x00007ffdba470000 - 0x00007ffdba4ab000 	C:\WINDOWS\system32\rsaenh.dll
0x00007ffdbab50000 - 0x00007ffdbab7b000 	C:\WINDOWS\SYSTEM32\USERENV.dll
0x00007ffdbb640000 - 0x00007ffdbb666000 	C:\WINDOWS\SYSTEM32\bcrypt.dll
0x00007ffdbad70000 - 0x00007ffdbad7c000 	C:\WINDOWS\SYSTEM32\CRYPTBASE.dll
0x00007ffdb9f00000 - 0x00007ffdb9f34000 	C:\WINDOWS\SYSTEM32\IPHLPAPI.DLL
0x00007ffdbe0a0000 - 0x00007ffdbe0aa000 	C:\WINDOWS\System32\NSI.dll

JVMTI agents: none

dbghelp: loaded successfully - version: 4.0.5 - missing functions: none
symbol engine: initialized successfully - sym options: 0x614 - pdb path: .;C:\Program Files\Eclipse Adoptium\jdk-21.0.11.10-hotspot\bin;C:\WINDOWS\SYSTEM32;C:\WINDOWS\WinSxS\amd64_microsoft.windows.common-controls_6595b64144ccf1df_6.0.26100.5074_none_3e0d6f78e32fd63f;C:\Program Files\Eclipse Adoptium\jdk-21.0.11.10-hotspot\bin\server;C:\Program Files\Apache\Maven\apache-maven-3.9.16\lib\jansi-native\Windows\x86_64

VM Arguments:
jvm_args: --enable-native-access=ALL-UNNAMED -Dclassworlds.conf=C:\Program Files\Apache\Maven\apache-maven-3.9.16\bin\m2.conf -Dmaven.home=C:\Program Files\Apache\Maven\apache-maven-3.9.16 -Dlibrary.jansi.path=C:\Program Files\Apache\Maven\apache-maven-3.9.16\lib\jansi-native -Dmaven.multiModuleProjectDirectory=D:\DAGACS\backend 
java_command: org.codehaus.plexus.classworlds.launcher.Launcher -B test -Dtest=SubjectOfferingServiceTest,SubjectOfferingControllerTest,SubjectOfferingDTOValidationTest,SubjectOfferingRepositoryTest
java_class_path (initial): C:\Program Files\Apache\Maven\apache-maven-3.9.16\boot\plexus-classworlds-2.11.0.jar
Launcher Type: SUN_STANDARD

[Global flags]
     intx CICompilerCount                          = 4                                         {product} {ergonomic}
     uint ConcGCThreads                            = 2                                         {product} {ergonomic}
     uint G1ConcRefinementThreads                  = 8                                         {product} {ergonomic}
   size_t G1HeapRegionSize                         = 1048576                                   {product} {ergonomic}
    uintx GCDrainStackTargetSize                   = 64                                        {product} {ergonomic}
   size_t InitialHeapSize                          = 132120576                                 {product} {ergonomic}
   size_t MarkStackSize                            = 4194304                                   {product} {ergonomic}
   size_t MaxHeapSize                              = 2082471936                                {product} {ergonomic}
   size_t MaxNewSize                               = 1248854016                                {product} {ergonomic}
   size_t MinHeapDeltaBytes                        = 1048576                                   {product} {ergonomic}
   size_t MinHeapSize                              = 8388608                                   {product} {ergonomic}
    uintx NonNMethodCodeHeapSize                   = 5839372                                {pd product} {ergonomic}
    uintx NonProfiledCodeHeapSize                  = 122909434                              {pd product} {ergonomic}
    uintx ProfiledCodeHeapSize                     = 122909434                              {pd product} {ergonomic}
    uintx ReservedCodeCacheSize                    = 251658240                              {pd product} {ergonomic}
     bool SegmentedCodeCache                       = true                                      {product} {ergonomic}
   size_t SoftMaxHeapSize                          = 2082471936                             {manageable} {ergonomic}
     bool UseCompressedOops                        = true                           {product lp64_product} {ergonomic}
     bool UseG1GC                                  = true                                      {product} {ergonomic}
     bool UseLargePagesIndividualAllocation        = false                                  {pd product} {ergonomic}

Logging:
Log output configuration:
 #0: stdout all=warning uptime,level,tags foldmultilines=false
 #1: stderr all=off uptime,level,tags foldmultilines=false

Release file:
IMPLEMENTOR="Eclipse Adoptium" 
IMPLEMENTOR_VERSION="Temurin-21.0.11+10" 
JAVA_RUNTIME_VERSION="21.0.11+10-LTS" 
JAVA_VERSION="21.0.11" 
JAVA_VERSION_DATE="2026-04-21" 
LIBC="default" 
MODULES="java.base java.compiler java.datatransfer java.xml java.prefs java.desktop java.instrument java.logging java.management java.security.sasl java.naming java.rmi java.management.rmi java.net.http java.scripting java.security.jgss java.transaction.xa java.sql java.sql.rowset java.xml.crypto java.se java.smartcardio jdk.accessibility jdk.internal.jvmstat jdk.attach jdk.charsets jdk.internal.opt jdk.zipfs jdk.compiler jdk.crypto.ec jdk.crypto.cryptoki jdk.crypto.mscapi jdk.dynalink jdk.internal.ed jdk.editpad jdk.hotspot.agent jdk.httpserver jdk.incubator.vector jdk.internal.le jdk.internal.vm.ci jdk.internal.vm.compiler jdk.internal.vm.compiler.management jdk.jartool jdk.javadoc jdk.jcmd jdk.management jdk.management.agent jdk.jconsole jdk.jdeps jdk.jdwp.agent jdk.jdi jdk.jfr jdk.jlink jdk.jpackage jdk.jshell jdk.jsobject jdk.jstatd jdk.localedata jdk.management.jfr jdk.naming.dns jdk.naming.rmi jdk.net jdk.nio.mapmode jdk.random jdk.sctp jdk.security.auth jdk.security.jgss jdk.unsupported jdk.unsupported.desktop jdk.xml.dom" 
OS_ARCH="x86_64" 
OS_NAME="Windows" 
SOURCE=".:git:254494ad7d75" 
BUILD_SOURCE="git:a612825ee82a20ac872d60958c349854c1f29a8e"
BUILD_SOURCE_REPO="https://github.com/adoptium/temurin-build.git"
SOURCE_REPO="https://github.com/adoptium/jdk21u.git"
FULL_VERSION="21.0.11+10-LTS"
SEMANTIC_VERSION="21.0.11+10"
BUILD_INFO="OS: Windows Server 2022 Version: 10.0"
JVM_VARIANT="Hotspot"
JVM_VERSION="21.0.11+10-LTS"
IMAGE_TYPE="JDK"

Environment Variables:
JAVA_HOME=C:\Program Files\Eclipse Adoptium\jdk-21.0.11.10-hotspot
PATH=c:\Users\sunil\.vscode\extensions\vadimcn.vscode-lldb-1.12.1\bin;C:\Users\sunil\dev\flutter_windows_3.32.4-stable\flutter\bin\;C:\Program Files\Eclipse Adoptium\jdk-21.0.11.10-hotspot\bin;C:\Program Files\Eclipse Adoptium\jdk-17.0.15.6-hotspot\bin;C:\Program Files\Common Files\Oracle\Java\javapath;C:\windows\system32;C:\windows;C:\windows\System32\Wbem;C:\windows\System32\WindowsPowerShell\v1.0\;C:\windows\System32\OpenSSH\;C:\Program Files (x86)\NVIDIA Corporation\PhysX\Common;C:\Program Files\NVIDIA Corporation\NVIDIA NvDLISR;C:\WINDOWS\system32;C:\WINDOWS;C:\WINDOWS\System32\Wbem;C:\WINDOWS\System32\WindowsPowerShell\v1.0\;C:\WINDOWS\System32\OpenSSH\;C:\Program Files\Git\cmd;C:\Program Files\Docker\Docker\resources\bin;C:\Program Files\nodejs\;C:\Program Files\Apache\Maven\apache-maven-3.9.11\bin;C:\Users\sunil\AppData\Local\Microsoft\WindowsApps;C:\Users\sunil\AppData\Local\Programs\Microsoft VS Code\bin;C:\Users\sunil\AppData\Local\atom\bin;C:\xampp\php;C:\Users\sunil\AppData\Local\GitHubDesktop\bin;C:\Users\sunil\AppData\Local\Microsoft\WindowsApps;C:\Users\sunil\dev\flutter_windows_3.32.4-stable\flutter\bin;C:\Users\sunil\AppData\Local\Android\Sdk\cmdline-tools\latest\bin;C:\Users\sunil\AppData\Local\Android\Sdk\platform-tools;C:\msys64\ucrt64\bin;C:\Users\sunil\AppData\Roaming\npm;C:\Users\sunil\AppData\Local\Zoom\Warp\bin;C:\Program Files\Apache\Maven\apache-maven-3.9.16\bin;C:\Program Files\Apache\Maven\apache-maven-3.9.11\bin;C:\Program Files\Eclipse Adoptium\jdk-21.0.11.10-hotspot\bin;D:\Adobe\cursor\resources\app\bin;C:\Users\sunil\AppData\Local\Programs\Antigravity IDE\bin
USERNAME=sunilsolanki
LANG=en_US.UTF-8
OS=Windows_NT
PROCESSOR_IDENTIFIER=Intel64 Family 6 Model 140 Stepping 1, GenuineIntel
TMP=C:\Users\sunil\AppData\Local\Temp
TEMP=D:\temp




Periodic native trim disabled

---------------  S Y S T E M  ---------------

OS:
 Windows 11 , 64 bit Build 26100 (10.0.26100.5074)
OS uptime: 1 days 7:16 hours
Hyper-V role detected

CPU: total 8 (initial active 8) (4 cores per cpu, 2 threads per core) family 6 model 140 stepping 1 microcode 0xa6, cx8, cmov, fxsr, ht, mmx, 3dnowpref, sse, sse2, sse3, ssse3, sse4.1, sse4.2, popcnt, lzcnt, tsc, tscinvbit, avx, avx2, aes, erms, clmul, bmi1, bmi2, adx, avx512f, avx512dq, avx512cd, avx512bw, avx512vl, sha, fma, vzeroupper, avx512_vpopcntdq, avx512_vpclmulqdq, avx512_vaes, avx512_vnni, clflush, clflushopt, clwb, avx512_vbmi2, avx512_vbmi, hv, rdtscp, rdpid, fsrm, gfni, avx512_bitalg, f16c, cet_ibt, cet_ss, avx512_ifma
Processor Information for the first 8 processors :
  Max Mhz: 3110, Current Mhz: 3110, Mhz Limit: 3110

Memory: 4k page, system-wide physical 7937M (352M free)
TotalPageFile size 23737M (AvailPageFile size 0M)
current process WorkingSet (physical memory assigned to process): 237M, peak: 444M
current process commit charge ("private bytes"): 430M, peak: 490M

vm_info: OpenJDK 64-Bit Server VM (21.0.11+10-LTS) for windows-amd64 JRE (21.0.11+10-LTS), built on 2026-04-21T00:00:00Z by "admin" with MS VC++ 17.12 (VS2022)

END.
