#
# There is insufficient memory for the Java Runtime Environment to continue.
# Native memory allocation (mmap) failed to map 1048576 bytes. Error detail: G1 virtual space
# Possible reasons:
#   The system is out of physical RAM or swap space
#   This process is running with CompressedOops enabled, and the Java Heap may be blocking the growth of the native heap
# Possible solutions:
#   Reduce memory load on the system
#   Increase physical memory or swap space
#   Check if swap backing store is full
#   Decrease Java heap size (-Xmx/-Xms)
#   Decrease number of Java threads
#   Decrease Java thread stack sizes (-Xss)
#   Set larger code cache with -XX:ReservedCodeCacheSize=
#   JVM is running with Unscaled Compressed Oops mode in which the Java heap is
#     placed in the first 4GB address space. The Java Heap base address is the
#     maximum limit for the native heap growth. Please use -XX:HeapBaseMinAddress
#     to set the Java Heap base and to place the Java Heap above 4GB virtual address.
# This output file may be truncated or incomplete.
#
#  Out of Memory Error (os_windows.cpp:3714), pid=18632, tid=21372
#
# JRE version: OpenJDK Runtime Environment Temurin-21.0.11+10 (21.0.11+10) (build 21.0.11+10-LTS)
# Java VM: OpenJDK 64-Bit Server VM Temurin-21.0.11+10 (21.0.11+10-LTS, mixed mode, sharing, tiered, compressed oops, compressed class ptrs, g1 gc, windows-amd64)
# No core dump will be written. Minidumps are not enabled by default on client versions of Windows
#

---------------  S U M M A R Y ------------

Command Line: C:\Users\sunil\AppData\Local\Temp\surefire3908956689604614160\surefirebooter-20260904175804809_3.jar C:\Users\sunil\AppData\Local\Temp\surefire3908956689604614160 2026-09-04T17-58-03_980-jvmRun1 surefire-20260904175804809_1tmp surefire_0-20260904175804809_2tmp

Host: 11th Gen Intel(R) Core(TM) i5-11300H @ 3.10GHz, 8 cores, 7G,  Windows 11 , 64 bit Build 26100 (10.0.26100.5074)
Time: Fri Sep  4 17:59:44 2026 India Standard Time elapsed time: 99.218784 seconds (0d 0h 1m 39s)

---------------  T H R E A D  ---------------

Current thread (0x0000018a481629b0):  WorkerThread "GC Thread#3"    [id=21372, stack(0x0000001d73800000,0x0000001d73900000) (1024K)]

Stack: [0x0000001d73800000,0x0000001d73900000]
Native frames: (J=compiled Java code, j=interpreted, Vv=VM code, C=native code)
V  [jvm.dll+0x6d7e19]
V  [jvm.dll+0x8b5096]
V  [jvm.dll+0x8b764e]
V  [jvm.dll+0x8b7d33]
V  [jvm.dll+0x284596]
V  [jvm.dll+0x6d4735]
V  [jvm.dll+0x6c845a]
V  [jvm.dll+0x35ef08]
V  [jvm.dll+0x366b46]
V  [jvm.dll+0x3b792f]
V  [jvm.dll+0x3b7fc4]
V  [jvm.dll+0x3b808f]
V  [jvm.dll+0x33469c]
V  [jvm.dll+0x3343f5]
V  [jvm.dll+0x323106]
V  [jvm.dll+0x323f1a]
V  [jvm.dll+0x324385]
V  [jvm.dll+0x323d7d]
V  [jvm.dll+0x360d46]
V  [jvm.dll+0x3610ba]
V  [jvm.dll+0x3621a3]
V  [jvm.dll+0x35e91e]
V  [jvm.dll+0x36b57b]
V  [jvm.dll+0x36d289]
V  [jvm.dll+0x36b8ea]
V  [jvm.dll+0x36ced8]
V  [jvm.dll+0x377453]
V  [jvm.dll+0x37759b]
V  [jvm.dll+0x8e30b1]
V  [jvm.dll+0x85fb0d]
V  [jvm.dll+0x6d664d]
C  [ucrtbase.dll+0x37b0]
C  [KERNEL32.DLL+0x2e8d7]
C  [ntdll.dll+0x8d9c]


---------------  P R O C E S S  ---------------

Threads class SMR info:
_java_thread_list=0x0000018a48922960, length=20, elements={
0x0000018a655b5900, 0x0000018a021a9800, 0x0000018a021abe80, 0x0000018a021aee50,
0x0000018a021b2df0, 0x0000018a021b0fd0, 0x0000018a021bb300, 0x0000018a021c9cd0,
0x0000018a021cc790, 0x0000018a0231fbc0, 0x0000018a023203f0, 0x0000018a0282fc80,
0x0000018a0292bd90, 0x0000018a48f67120, 0x0000018a48140510, 0x0000018a4d311970,
0x0000018a490388c0, 0x0000018a49eb1630, 0x0000018a4ff3abd0, 0x0000018a4d6fbfb0
}

Java Threads: ( => current thread )
  0x0000018a655b5900 JavaThread "main"                              [_thread_blocked, id=3020, stack(0x0000001d72100000,0x0000001d72200000) (1024K)]
  0x0000018a021a9800 JavaThread "Reference Handler"          daemon [_thread_blocked, id=18316, stack(0x0000001d72900000,0x0000001d72a00000) (1024K)]
  0x0000018a021abe80 JavaThread "Finalizer"                  daemon [_thread_blocked, id=25968, stack(0x0000001d72a00000,0x0000001d72b00000) (1024K)]
  0x0000018a021aee50 JavaThread "Signal Dispatcher"          daemon [_thread_blocked, id=24612, stack(0x0000001d72b00000,0x0000001d72c00000) (1024K)]
  0x0000018a021b2df0 JavaThread "Attach Listener"            daemon [_thread_blocked, id=10444, stack(0x0000001d72c00000,0x0000001d72d00000) (1024K)]
  0x0000018a021b0fd0 JavaThread "Service Thread"             daemon [_thread_blocked, id=26760, stack(0x0000001d72d00000,0x0000001d72e00000) (1024K)]
  0x0000018a021bb300 JavaThread "Monitor Deflation Thread"   daemon [_thread_blocked, id=23520, stack(0x0000001d72e00000,0x0000001d72f00000) (1024K)]
  0x0000018a021c9cd0 JavaThread "C2 CompilerThread0"         daemon [_thread_blocked, id=23800, stack(0x0000001d72f00000,0x0000001d73000000) (1024K)]
  0x0000018a021cc790 JavaThread "C1 CompilerThread0"         daemon [_thread_blocked, id=26276, stack(0x0000001d73000000,0x0000001d73100000) (1024K)]
  0x0000018a0231fbc0 JavaThread "Notification Thread"        daemon [_thread_blocked, id=5848, stack(0x0000001d73100000,0x0000001d73200000) (1024K)]
  0x0000018a023203f0 JavaThread "Common-Cleaner"             daemon [_thread_blocked, id=27008, stack(0x0000001d73200000,0x0000001d73300000) (1024K)]
  0x0000018a0282fc80 JavaThread "surefire-forkedjvm-stream-flusher" daemon [_thread_blocked, id=20436, stack(0x0000001d73300000,0x0000001d73400000) (1024K)]
  0x0000018a0292bd90 JavaThread "surefire-forkedjvm-command-thread" daemon [_thread_in_native, id=23660, stack(0x0000001d73400000,0x0000001d73500000) (1024K)]
  0x0000018a48f67120 JavaThread "mysql-cj-abandoned-connection-cleanup" daemon [_thread_blocked, id=10784, stack(0x0000001d73f00000,0x0000001d74000000) (1024K)]
  0x0000018a48140510 JavaThread "HikariPool-1 housekeeper"   daemon [_thread_blocked, id=1564, stack(0x0000001d73e00000,0x0000001d73f00000) (1024K)]
  0x0000018a4d311970 JavaThread "HikariPool-2 housekeeper"   daemon [_thread_blocked, id=4452, stack(0x0000001d71e00000,0x0000001d71f00000) (1024K)]
  0x0000018a490388c0 JavaThread "HikariPool-3 housekeeper"   daemon [_thread_blocked, id=10004, stack(0x0000001d72000000,0x0000001d72100000) (1024K)]
  0x0000018a49eb1630 JavaThread "HikariPool-4 housekeeper"   daemon [_thread_blocked, id=4820, stack(0x0000001d74100000,0x0000001d74200000) (1024K)]
  0x0000018a4ff3abd0 JavaThread "HikariPool-5 housekeeper"   daemon [_thread_blocked, id=11704, stack(0x0000001d74500000,0x0000001d74600000) (1024K)]
  0x0000018a4d6fbfb0 JavaThread "HikariPool-6 housekeeper"   daemon [_thread_blocked, id=24268, stack(0x0000001d74000000,0x0000001d74100000) (1024K)]
Total: 20

Other Threads:
  0x0000018a0218c9a0 VMThread "VM Thread"                           [id=19276, stack(0x0000001d72800000,0x0000001d72900000) (1024K)]
  0x0000018a0217ac30 WatcherThread "VM Periodic Task Thread"        [id=26132, stack(0x0000001d72700000,0x0000001d72800000) (1024K)]
  0x0000018a65604730 WorkerThread "GC Thread#0"                     [id=17540, stack(0x0000001d72200000,0x0000001d72300000) (1024K)]
  0x0000018a48258700 WorkerThread "GC Thread#1"                     [id=16772, stack(0x0000001d73600000,0x0000001d73700000) (1024K)]
  0x0000018a4810d180 WorkerThread "GC Thread#2"                     [id=21784, stack(0x0000001d73700000,0x0000001d73800000) (1024K)]
=>0x0000018a481629b0 WorkerThread "GC Thread#3"                     [id=21372, stack(0x0000001d73800000,0x0000001d73900000) (1024K)]
  0x0000018a48162d60 WorkerThread "GC Thread#4"                     [id=8448, stack(0x0000001d73900000,0x0000001d73a00000) (1024K)]
  0x0000018a48163110 WorkerThread "GC Thread#5"                     [id=21988, stack(0x0000001d73a00000,0x0000001d73b00000) (1024K)]
  0x0000018a48163cd0 WorkerThread "GC Thread#6"                     [id=12616, stack(0x0000001d73b00000,0x0000001d73c00000) (1024K)]
  0x0000018a48174090 WorkerThread "GC Thread#7"                     [id=23896, stack(0x0000001d73c00000,0x0000001d73d00000) (1024K)]
  0x0000018a65615cf0 ConcurrentGCThread "G1 Main Marker"            [id=15556, stack(0x0000001d72300000,0x0000001d72400000) (1024K)]
  0x0000018a65616710 WorkerThread "G1 Conc#0"                       [id=24036, stack(0x0000001d72400000,0x0000001d72500000) (1024K)]
  0x0000018a49f2f290 WorkerThread "G1 Conc#1"                       [id=4252, stack(0x0000001d73d00000,0x0000001d73e00000) (1024K)]
  0x0000018a0204a5d0 ConcurrentGCThread "G1 Refine#0"               [id=10420, stack(0x0000001d72500000,0x0000001d72600000) (1024K)]
  0x0000018a0204fa40 ConcurrentGCThread "G1 Service"                [id=24404, stack(0x0000001d72600000,0x0000001d72700000) (1024K)]
Total: 15

Threads with active compile tasks:
Total: 0

VM state: at safepoint (normal execution)

VM Mutex/Monitor currently owned by a thread:  ([mutex/lock_event])
[0x00007ffbc445cff0] FreeList_lock - owner thread: 0x0000018a481629b0
[0x00007ffbc445f570] Threads_lock - owner thread: 0x0000018a0218c9a0
[0x00007ffbc445f670] Heap_lock - owner thread: 0x0000018a655b5900

Heap address: 0x0000000083e00000, size: 1986 MB, Compressed Oops mode: 32-bit

CDS archive(s) mapped at: [0x0000018a03000000-0x0000018a03c80000-0x0000018a03c80000), size 13107200, SharedBaseAddress: 0x0000018a03000000, ArchiveRelocationMode: 1.
Compressed class space mapped at: 0x0000018a04000000-0x0000018a44000000, reserved size: 1073741824
Narrow klass base: 0x0000018a03000000, Narrow klass shift: 0, Narrow klass range: 0x100000000

GC Precious Log:
 CardTable entry size: 512
 Card Set container configuration: InlinePtr #cards 5 size 8 Array Of Cards #cards 12 size 40 Howl #buckets 4 coarsen threshold 1843 Howl Bitmap #cards 512 size 80 coarsen threshold 460 Card regions per heap region 1 cards per card region 2048
 CPUs: 8 total, 8 available
 Memory: 7937M
 Large Page Support: Disabled
 NUMA Support: Disabled
 Compressed Oops: Enabled (32-bit)
 Heap Region Size: 1M
 Heap Min Capacity: 8M
 Heap Initial Capacity: 126M
 Heap Max Capacity: 1986M
 Pre-touch: Disabled
 Parallel Workers: 8
 Concurrent Workers: 2
 Concurrent Refinement Workers: 8
 Periodic GC: Disabled

Heap:
 garbage-first heap   total 265216K, used 250408K [0x0000000083e00000, 0x0000000100000000)
  region size 1024K, 124 young (126976K), 8 survivors (8192K)
 Metaspace       used 96936K, committed 97792K, reserved 1179648K
  class space    used 12990K, committed 13376K, reserved 1048576K

Heap Regions: E=young(eden), S=young(survivor), O=old, HS=humongous(starts), HC=humongous(continues), CS=collection set, F=free, TAMS=top-at-mark-start, PB=parsable bottom
|   0|0x0000000083e00000, 0x0000000083f00000, 0x0000000083f00000|100%|HS|  |TAMS 0x0000000083e00000| PB 0x0000000083e00000| Complete 
|   1|0x0000000083f00000, 0x0000000084000000, 0x0000000084000000|100%| O|  |TAMS 0x0000000083f00000| PB 0x0000000083f00000| Untracked 
|   2|0x0000000084000000, 0x0000000084100000, 0x0000000084100000|100%| O|  |TAMS 0x0000000084000000| PB 0x0000000084000000| Untracked 
|   3|0x0000000084100000, 0x0000000084200000, 0x0000000084200000|100%| O|  |TAMS 0x0000000084100000| PB 0x0000000084100000| Untracked 
|   4|0x0000000084200000, 0x0000000084300000, 0x0000000084300000|100%| O|  |TAMS 0x0000000084200000| PB 0x0000000084200000| Untracked 
|   5|0x0000000084300000, 0x0000000084400000, 0x0000000084400000|100%| O|  |TAMS 0x0000000084300000| PB 0x0000000084300000| Untracked 
|   6|0x0000000084400000, 0x0000000084500000, 0x0000000084500000|100%| O|  |TAMS 0x0000000084400000| PB 0x0000000084400000| Untracked 
|   7|0x0000000084500000, 0x0000000084600000, 0x0000000084600000|100%| O|  |TAMS 0x0000000084500000| PB 0x0000000084500000| Untracked 
|   8|0x0000000084600000, 0x0000000084700000, 0x0000000084700000|100%| O|  |TAMS 0x0000000084600000| PB 0x0000000084600000| Untracked 
|   9|0x0000000084700000, 0x0000000084800000, 0x0000000084800000|100%| O|  |TAMS 0x0000000084700000| PB 0x0000000084700000| Untracked 
|  10|0x0000000084800000, 0x0000000084900000, 0x0000000084900000|100%| O|  |TAMS 0x0000000084800000| PB 0x0000000084800000| Untracked 
|  11|0x0000000084900000, 0x0000000084a00000, 0x0000000084a00000|100%| O|  |TAMS 0x0000000084900000| PB 0x0000000084900000| Untracked 
|  12|0x0000000084a00000, 0x0000000084b00000, 0x0000000084b00000|100%| O|  |TAMS 0x0000000084a00000| PB 0x0000000084a00000| Untracked 
|  13|0x0000000084b00000, 0x0000000084c00000, 0x0000000084c00000|100%| O|  |TAMS 0x0000000084b00000| PB 0x0000000084b00000| Untracked 
|  14|0x0000000084c00000, 0x0000000084d00000, 0x0000000084d00000|100%| O|  |TAMS 0x0000000084c00000| PB 0x0000000084c00000| Untracked 
|  15|0x0000000084d00000, 0x0000000084e00000, 0x0000000084e00000|100%| O|  |TAMS 0x0000000084d00000| PB 0x0000000084d00000| Untracked 
|  16|0x0000000084e00000, 0x0000000084f00000, 0x0000000084f00000|100%| O|  |TAMS 0x0000000084e00000| PB 0x0000000084e00000| Untracked 
|  17|0x0000000084f00000, 0x0000000085000000, 0x0000000085000000|100%| O|  |TAMS 0x0000000084f00000| PB 0x0000000084f00000| Untracked 
|  18|0x0000000085000000, 0x0000000085100000, 0x0000000085100000|100%| O|  |TAMS 0x0000000085000000| PB 0x0000000085000000| Untracked 
|  19|0x0000000085100000, 0x0000000085200000, 0x0000000085200000|100%| O|  |TAMS 0x0000000085100000| PB 0x0000000085100000| Untracked 
|  20|0x0000000085200000, 0x0000000085300000, 0x0000000085300000|100%| O|  |TAMS 0x0000000085200000| PB 0x0000000085200000| Untracked 
|  21|0x0000000085300000, 0x0000000085400000, 0x0000000085400000|100%| O|  |TAMS 0x0000000085300000| PB 0x0000000085300000| Untracked 
|  22|0x0000000085400000, 0x0000000085500000, 0x0000000085500000|100%| O|  |TAMS 0x0000000085400000| PB 0x0000000085400000| Untracked 
|  23|0x0000000085500000, 0x0000000085600000, 0x0000000085600000|100%| O|  |TAMS 0x0000000085500000| PB 0x0000000085500000| Untracked 
|  24|0x0000000085600000, 0x0000000085700000, 0x0000000085700000|100%| O|  |TAMS 0x0000000085600000| PB 0x0000000085600000| Untracked 
|  25|0x0000000085700000, 0x0000000085800000, 0x0000000085800000|100%| O|  |TAMS 0x0000000085700000| PB 0x0000000085700000| Untracked 
|  26|0x0000000085800000, 0x0000000085900000, 0x0000000085900000|100%| O|  |TAMS 0x0000000085800000| PB 0x0000000085800000| Untracked 
|  27|0x0000000085900000, 0x0000000085a00000, 0x0000000085a00000|100%| O|  |TAMS 0x0000000085900000| PB 0x0000000085900000| Untracked 
|  28|0x0000000085a00000, 0x0000000085b00000, 0x0000000085b00000|100%| O|  |TAMS 0x0000000085a00000| PB 0x0000000085a00000| Untracked 
|  29|0x0000000085b00000, 0x0000000085c00000, 0x0000000085c00000|100%| O|  |TAMS 0x0000000085b00000| PB 0x0000000085b00000| Untracked 
|  30|0x0000000085c00000, 0x0000000085d00000, 0x0000000085d00000|100%| O|  |TAMS 0x0000000085c00000| PB 0x0000000085c00000| Untracked 
|  31|0x0000000085d00000, 0x0000000085e00000, 0x0000000085e00000|100%| O|  |TAMS 0x0000000085d00000| PB 0x0000000085d00000| Untracked 
|  32|0x0000000085e00000, 0x0000000085f00000, 0x0000000085f00000|100%| O|  |TAMS 0x0000000085e00000| PB 0x0000000085e00000| Untracked 
|  33|0x0000000085f00000, 0x0000000086000000, 0x0000000086000000|100%| O|  |TAMS 0x0000000085f00000| PB 0x0000000085f00000| Untracked 
|  34|0x0000000086000000, 0x0000000086100000, 0x0000000086100000|100%| O|  |TAMS 0x0000000086000000| PB 0x0000000086000000| Untracked 
|  35|0x0000000086100000, 0x0000000086200000, 0x0000000086200000|100%| O|  |TAMS 0x0000000086100000| PB 0x0000000086100000| Untracked 
|  36|0x0000000086200000, 0x0000000086300000, 0x0000000086300000|100%| O|  |TAMS 0x0000000086200000| PB 0x0000000086200000| Untracked 
|  37|0x0000000086300000, 0x0000000086400000, 0x0000000086400000|100%| O|  |TAMS 0x0000000086300000| PB 0x0000000086300000| Untracked 
|  38|0x0000000086400000, 0x0000000086500000, 0x0000000086500000|100%| O|  |TAMS 0x0000000086400000| PB 0x0000000086400000| Untracked 
|  39|0x0000000086500000, 0x0000000086600000, 0x0000000086600000|100%| O|  |TAMS 0x0000000086500000| PB 0x0000000086500000| Untracked 
|  40|0x0000000086600000, 0x0000000086700000, 0x0000000086700000|100%| O|CS|TAMS 0x0000000086600000| PB 0x0000000086600000| Complete 
|  41|0x0000000086700000, 0x0000000086800000, 0x0000000086800000|100%| O|  |TAMS 0x0000000086700000| PB 0x0000000086700000| Untracked 
|  42|0x0000000086800000, 0x0000000086900000, 0x0000000086900000|100%| O|  |TAMS 0x0000000086800000| PB 0x0000000086800000| Untracked 
|  43|0x0000000086900000, 0x0000000086a00000, 0x0000000086a00000|100%| O|  |TAMS 0x0000000086900000| PB 0x0000000086900000| Untracked 
|  44|0x0000000086a00000, 0x0000000086b00000, 0x0000000086b00000|100%| O|  |TAMS 0x0000000086a00000| PB 0x0000000086a00000| Untracked 
|  45|0x0000000086b00000, 0x0000000086c00000, 0x0000000086c00000|100%| O|  |TAMS 0x0000000086b00000| PB 0x0000000086b00000| Untracked 
|  46|0x0000000086c00000, 0x0000000086d00000, 0x0000000086d00000|100%| O|  |TAMS 0x0000000086c00000| PB 0x0000000086c00000| Untracked 
|  47|0x0000000086d00000, 0x0000000086e00000, 0x0000000086e00000|100%| O|  |TAMS 0x0000000086d00000| PB 0x0000000086d00000| Untracked 
|  48|0x0000000086e00000, 0x0000000086f00000, 0x0000000086f00000|100%| O|  |TAMS 0x0000000086e00000| PB 0x0000000086e00000| Untracked 
|  49|0x0000000086f00000, 0x0000000087000000, 0x0000000087000000|100%| O|  |TAMS 0x0000000086f00000| PB 0x0000000086f00000| Untracked 
|  50|0x0000000087000000, 0x0000000087100000, 0x0000000087100000|100%| O|  |TAMS 0x0000000087000000| PB 0x0000000087000000| Untracked 
|  51|0x0000000087100000, 0x0000000087200000, 0x0000000087200000|100%| O|  |TAMS 0x0000000087100000| PB 0x0000000087100000| Untracked 
|  52|0x0000000087200000, 0x0000000087300000, 0x0000000087300000|100%| O|  |TAMS 0x0000000087200000| PB 0x0000000087200000| Untracked 
|  53|0x0000000087300000, 0x0000000087400000, 0x0000000087400000|100%| O|  |TAMS 0x0000000087300000| PB 0x0000000087300000| Untracked 
|  54|0x0000000087400000, 0x0000000087500000, 0x0000000087500000|100%| O|  |TAMS 0x0000000087400000| PB 0x0000000087400000| Untracked 
|  55|0x0000000087500000, 0x0000000087600000, 0x0000000087600000|100%| O|  |TAMS 0x0000000087500000| PB 0x0000000087500000| Untracked 
|  56|0x0000000087600000, 0x0000000087700000, 0x0000000087700000|100%| O|  |TAMS 0x0000000087600000| PB 0x0000000087600000| Untracked 
|  57|0x0000000087700000, 0x0000000087800000, 0x0000000087800000|100%| O|  |TAMS 0x0000000087700000| PB 0x0000000087700000| Untracked 
|  58|0x0000000087800000, 0x0000000087900000, 0x0000000087900000|100%| O|  |TAMS 0x0000000087800000| PB 0x0000000087800000| Untracked 
|  59|0x0000000087900000, 0x0000000087a00000, 0x0000000087a00000|100%| O|  |TAMS 0x0000000087900000| PB 0x0000000087900000| Untracked 
|  60|0x0000000087a00000, 0x0000000087b00000, 0x0000000087b00000|100%| O|  |TAMS 0x0000000087a00000| PB 0x0000000087a00000| Untracked 
|  61|0x0000000087b00000, 0x0000000087c00000, 0x0000000087c00000|100%| O|  |TAMS 0x0000000087b00000| PB 0x0000000087b00000| Untracked 
|  62|0x0000000087c00000, 0x0000000087d00000, 0x0000000087d00000|100%| O|  |TAMS 0x0000000087c00000| PB 0x0000000087c00000| Untracked 
|  63|0x0000000087d00000, 0x0000000087e00000, 0x0000000087e00000|100%| O|  |TAMS 0x0000000087d00000| PB 0x0000000087d00000| Untracked 
|  64|0x0000000087e00000, 0x0000000087f00000, 0x0000000087f00000|100%| O|  |TAMS 0x0000000087e00000| PB 0x0000000087e00000| Untracked 
|  65|0x0000000087f00000, 0x0000000088000000, 0x0000000088000000|100%| O|  |TAMS 0x0000000087f00000| PB 0x0000000087f00000| Untracked 
|  66|0x0000000088000000, 0x0000000088100000, 0x0000000088100000|100%| O|  |TAMS 0x0000000088000000| PB 0x0000000088000000| Untracked 
|  67|0x0000000088100000, 0x0000000088200000, 0x0000000088200000|100%| O|  |TAMS 0x0000000088100000| PB 0x0000000088100000| Untracked 
|  68|0x0000000088200000, 0x0000000088300000, 0x0000000088300000|100%| O|  |TAMS 0x0000000088200000| PB 0x0000000088200000| Untracked 
|  69|0x0000000088300000, 0x0000000088400000, 0x0000000088400000|100%| O|  |TAMS 0x0000000088300000| PB 0x0000000088300000| Untracked 
|  70|0x0000000088400000, 0x0000000088500000, 0x0000000088500000|100%| O|  |TAMS 0x0000000088400000| PB 0x0000000088400000| Untracked 
|  71|0x0000000088500000, 0x0000000088600000, 0x0000000088600000|100%| O|  |TAMS 0x0000000088500000| PB 0x0000000088500000| Untracked 
|  72|0x0000000088600000, 0x0000000088700000, 0x0000000088700000|100%| O|  |TAMS 0x0000000088600000| PB 0x0000000088600000| Untracked 
|  73|0x0000000088700000, 0x0000000088800000, 0x0000000088800000|100%| O|  |TAMS 0x0000000088700000| PB 0x0000000088700000| Untracked 
|  74|0x0000000088800000, 0x0000000088900000, 0x0000000088900000|100%| O|  |TAMS 0x0000000088800000| PB 0x0000000088800000| Untracked 
|  75|0x0000000088900000, 0x0000000088a00000, 0x0000000088a00000|100%| O|  |TAMS 0x0000000088900000| PB 0x0000000088900000| Untracked 
|  76|0x0000000088a00000, 0x0000000088b00000, 0x0000000088b00000|100%| O|  |TAMS 0x0000000088a00000| PB 0x0000000088a00000| Untracked 
|  77|0x0000000088b00000, 0x0000000088c00000, 0x0000000088c00000|100%| O|  |TAMS 0x0000000088b00000| PB 0x0000000088b00000| Untracked 
|  78|0x0000000088c00000, 0x0000000088d00000, 0x0000000088d00000|100%| O|  |TAMS 0x0000000088c00000| PB 0x0000000088c00000| Untracked 
|  79|0x0000000088d00000, 0x0000000088e00000, 0x0000000088e00000|100%| O|CS|TAMS 0x0000000088d00000| PB 0x0000000088d00000| Complete 
|  80|0x0000000088e00000, 0x0000000088f00000, 0x0000000088f00000|100%| O|CS|TAMS 0x0000000088e00000| PB 0x0000000088e00000| Complete 
|  81|0x0000000088f00000, 0x0000000089000000, 0x0000000089000000|100%| O|CS|TAMS 0x0000000088f00000| PB 0x0000000088f00000| Complete 
|  82|0x0000000089000000, 0x0000000089100000, 0x0000000089100000|100%| O|  |TAMS 0x0000000089000000| PB 0x0000000089000000| Untracked 
|  83|0x0000000089100000, 0x0000000089200000, 0x0000000089200000|100%| O|  |TAMS 0x0000000089100000| PB 0x0000000089100000| Untracked 
|  84|0x0000000089200000, 0x0000000089300000, 0x0000000089300000|100%| O|  |TAMS 0x0000000089200000| PB 0x0000000089200000| Untracked 
|  85|0x0000000089300000, 0x0000000089400000, 0x0000000089400000|100%| O|  |TAMS 0x0000000089300000| PB 0x0000000089300000| Untracked 
|  86|0x0000000089400000, 0x0000000089500000, 0x0000000089500000|100%| O|  |TAMS 0x0000000089400000| PB 0x0000000089400000| Untracked 
|  87|0x0000000089500000, 0x0000000089600000, 0x0000000089600000|100%| O|  |TAMS 0x0000000089500000| PB 0x0000000089500000| Untracked 
|  88|0x0000000089600000, 0x0000000089700000, 0x0000000089700000|100%| O|  |TAMS 0x0000000089600000| PB 0x0000000089600000| Untracked 
|  89|0x0000000089700000, 0x0000000089800000, 0x0000000089800000|100%| O|  |TAMS 0x0000000089700000| PB 0x0000000089700000| Untracked 
|  90|0x0000000089800000, 0x0000000089900000, 0x0000000089900000|100%| O|  |TAMS 0x0000000089800000| PB 0x0000000089800000| Untracked 
|  91|0x0000000089900000, 0x0000000089a00000, 0x0000000089a00000|100%| O|  |TAMS 0x0000000089900000| PB 0x0000000089900000| Untracked 
|  92|0x0000000089a00000, 0x0000000089b00000, 0x0000000089b00000|100%| O|  |TAMS 0x0000000089a00000| PB 0x0000000089a00000| Untracked 
|  93|0x0000000089b00000, 0x0000000089c00000, 0x0000000089c00000|100%| O|  |TAMS 0x0000000089b00000| PB 0x0000000089b00000| Untracked 
|  94|0x0000000089c00000, 0x0000000089d00000, 0x0000000089d00000|100%| O|  |TAMS 0x0000000089c00000| PB 0x0000000089c00000| Untracked 
|  95|0x0000000089d00000, 0x0000000089e00000, 0x0000000089e00000|100%| O|  |TAMS 0x0000000089d00000| PB 0x0000000089d00000| Untracked 
|  96|0x0000000089e00000, 0x0000000089f00000, 0x0000000089f00000|100%| O|  |TAMS 0x0000000089e00000| PB 0x0000000089e00000| Untracked 
|  97|0x0000000089f00000, 0x000000008a000000, 0x000000008a000000|100%| O|  |TAMS 0x0000000089f00000| PB 0x0000000089f00000| Untracked 
|  98|0x000000008a000000, 0x000000008a100000, 0x000000008a100000|100%| O|  |TAMS 0x000000008a000000| PB 0x000000008a000000| Untracked 
|  99|0x000000008a100000, 0x000000008a200000, 0x000000008a200000|100%| O|  |TAMS 0x000000008a100000| PB 0x000000008a100000| Untracked 
| 100|0x000000008a200000, 0x000000008a300000, 0x000000008a300000|100%| O|  |TAMS 0x000000008a200000| PB 0x000000008a200000| Untracked 
| 101|0x000000008a300000, 0x000000008a400000, 0x000000008a400000|100%| O|  |TAMS 0x000000008a300000| PB 0x000000008a300000| Untracked 
| 102|0x000000008a400000, 0x000000008a500000, 0x000000008a500000|100%| O|  |TAMS 0x000000008a400000| PB 0x000000008a400000| Untracked 
| 103|0x000000008a500000, 0x000000008a600000, 0x000000008a600000|100%| O|  |TAMS 0x000000008a500000| PB 0x000000008a500000| Untracked 
| 104|0x000000008a600000, 0x000000008a700000, 0x000000008a700000|100%| O|  |TAMS 0x000000008a600000| PB 0x000000008a600000| Untracked 
| 105|0x000000008a700000, 0x000000008a800000, 0x000000008a800000|100%| O|  |TAMS 0x000000008a700000| PB 0x000000008a700000| Untracked 
| 106|0x000000008a800000, 0x000000008a900000, 0x000000008a900000|100%| O|  |TAMS 0x000000008a800000| PB 0x000000008a800000| Untracked 
| 107|0x000000008a900000, 0x000000008aa00000, 0x000000008aa00000|100%| O|  |TAMS 0x000000008a900000| PB 0x000000008a900000| Untracked 
| 108|0x000000008aa00000, 0x000000008ab00000, 0x000000008ab00000|100%| O|  |TAMS 0x000000008aa00000| PB 0x000000008aa00000| Untracked 
| 109|0x000000008ab00000, 0x000000008ac00000, 0x000000008ac00000|100%| O|  |TAMS 0x000000008ab00000| PB 0x000000008ab00000| Untracked 
| 110|0x000000008ac00000, 0x000000008ad00000, 0x000000008ad00000|100%| O|  |TAMS 0x000000008ac00000| PB 0x000000008ac00000| Untracked 
| 111|0x000000008ad00000, 0x000000008ae00000, 0x000000008ae00000|100%| O|  |TAMS 0x000000008ad00000| PB 0x000000008ad00000| Untracked 
| 112|0x000000008ae00000, 0x000000008af00000, 0x000000008af00000|100%| O|  |TAMS 0x000000008ae00000| PB 0x000000008ae00000| Untracked 
| 113|0x000000008af00000, 0x000000008b000000, 0x000000008b000000|100%| O|  |TAMS 0x000000008af00000| PB 0x000000008af00000| Untracked 
| 114|0x000000008b000000, 0x000000008b100000, 0x000000008b100000|100%| O|  |TAMS 0x000000008b000000| PB 0x000000008b000000| Untracked 
| 115|0x000000008b100000, 0x000000008b200000, 0x000000008b200000|100%| O|  |TAMS 0x000000008b100000| PB 0x000000008b100000| Untracked 
| 116|0x000000008b200000, 0x000000008b300000, 0x000000008b300000|100%| O|  |TAMS 0x000000008b200000| PB 0x000000008b200000| Untracked 
| 117|0x000000008b300000, 0x000000008b400000, 0x000000008b400000|100%| S|  |TAMS 0x000000008b300000| PB 0x000000008b300000| Complete 
| 118|0x000000008b400000, 0x000000008b500000, 0x000000008b500000|100%| S|  |TAMS 0x000000008b400000| PB 0x000000008b400000| Complete 
| 119|0x000000008b500000, 0x000000008b600000, 0x000000008b600000|100%| S|  |TAMS 0x000000008b500000| PB 0x000000008b500000| Complete 
| 120|0x000000008b600000, 0x000000008b68a060, 0x000000008b700000| 53%| E|CS|TAMS 0x000000008b600000| PB 0x000000008b600000| Complete 
| 121|0x000000008b700000, 0x000000008b800000, 0x000000008b800000|100%| S|  |TAMS 0x000000008b700000| PB 0x000000008b700000| Complete 
| 122|0x000000008b800000, 0x000000008b900000, 0x000000008b900000|100%| E|CS|TAMS 0x000000008b800000| PB 0x000000008b800000| Complete 
| 123|0x000000008b900000, 0x000000008ba00000, 0x000000008ba00000|100%| E|CS|TAMS 0x000000008b900000| PB 0x000000008b900000| Complete 
| 124|0x000000008ba00000, 0x000000008bb00000, 0x000000008bb00000|100%| E|CS|TAMS 0x000000008ba00000| PB 0x000000008ba00000| Complete 
| 125|0x000000008bb00000, 0x000000008bc00000, 0x000000008bc00000|100%| E|CS|TAMS 0x000000008bb00000| PB 0x000000008bb00000| Complete 
| 126|0x000000008bc00000, 0x000000008bd00000, 0x000000008bd00000|100%| E|CS|TAMS 0x000000008bc00000| PB 0x000000008bc00000| Complete 
| 127|0x000000008bd00000, 0x000000008be00000, 0x000000008be00000|100%| E|CS|TAMS 0x000000008bd00000| PB 0x000000008bd00000| Complete 
| 128|0x000000008be00000, 0x000000008bf00000, 0x000000008bf00000|100%| E|CS|TAMS 0x000000008be00000| PB 0x000000008be00000| Complete 
| 129|0x000000008bf00000, 0x000000008c000000, 0x000000008c000000|100%| E|CS|TAMS 0x000000008bf00000| PB 0x000000008bf00000| Complete 
| 130|0x000000008c000000, 0x000000008c100000, 0x000000008c100000|100%| E|CS|TAMS 0x000000008c000000| PB 0x000000008c000000| Complete 
| 131|0x000000008c100000, 0x000000008c200000, 0x000000008c200000|100%| E|CS|TAMS 0x000000008c100000| PB 0x000000008c100000| Complete 
| 132|0x000000008c200000, 0x000000008c300000, 0x000000008c300000|100%| E|CS|TAMS 0x000000008c200000| PB 0x000000008c200000| Complete 
| 133|0x000000008c300000, 0x000000008c400000, 0x000000008c400000|100%| S|  |TAMS 0x000000008c300000| PB 0x000000008c300000| Complete 
| 134|0x000000008c400000, 0x000000008c500000, 0x000000008c500000|100%| S|  |TAMS 0x000000008c400000| PB 0x000000008c400000| Complete 
| 135|0x000000008c500000, 0x000000008c600000, 0x000000008c600000|100%| S|  |TAMS 0x000000008c500000| PB 0x000000008c500000| Complete 
| 136|0x000000008c600000, 0x000000008c700000, 0x000000008c700000|100%| S|  |TAMS 0x000000008c600000| PB 0x000000008c600000| Complete 
| 137|0x000000008c700000, 0x000000008c800000, 0x000000008c800000|100%| E|CS|TAMS 0x000000008c700000| PB 0x000000008c700000| Complete 
| 138|0x000000008c800000, 0x000000008c900000, 0x000000008c900000|100%| E|CS|TAMS 0x000000008c800000| PB 0x000000008c800000| Complete 
| 139|0x000000008c900000, 0x000000008ca00000, 0x000000008ca00000|100%| E|CS|TAMS 0x000000008c900000| PB 0x000000008c900000| Complete 
| 140|0x000000008ca00000, 0x000000008cb00000, 0x000000008cb00000|100%| E|CS|TAMS 0x000000008ca00000| PB 0x000000008ca00000| Complete 
| 141|0x000000008cb00000, 0x000000008cc00000, 0x000000008cc00000|100%| E|CS|TAMS 0x000000008cb00000| PB 0x000000008cb00000| Complete 
| 142|0x000000008cc00000, 0x000000008cd00000, 0x000000008cd00000|100%| E|CS|TAMS 0x000000008cc00000| PB 0x000000008cc00000| Complete 
| 143|0x000000008cd00000, 0x000000008ce00000, 0x000000008ce00000|100%| E|CS|TAMS 0x000000008cd00000| PB 0x000000008cd00000| Complete 
| 144|0x000000008ce00000, 0x000000008cf00000, 0x000000008cf00000|100%| E|CS|TAMS 0x000000008ce00000| PB 0x000000008ce00000| Complete 
| 145|0x000000008cf00000, 0x000000008d000000, 0x000000008d000000|100%| E|CS|TAMS 0x000000008cf00000| PB 0x000000008cf00000| Complete 
| 146|0x000000008d000000, 0x000000008d100000, 0x000000008d100000|100%| E|CS|TAMS 0x000000008d000000| PB 0x000000008d000000| Complete 
| 147|0x000000008d100000, 0x000000008d200000, 0x000000008d200000|100%| E|CS|TAMS 0x000000008d100000| PB 0x000000008d100000| Complete 
| 148|0x000000008d200000, 0x000000008d300000, 0x000000008d300000|100%| E|CS|TAMS 0x000000008d200000| PB 0x000000008d200000| Complete 
| 149|0x000000008d300000, 0x000000008d400000, 0x000000008d400000|100%| E|CS|TAMS 0x000000008d300000| PB 0x000000008d300000| Complete 
| 150|0x000000008d400000, 0x000000008d500000, 0x000000008d500000|100%| E|CS|TAMS 0x000000008d400000| PB 0x000000008d400000| Complete 
| 151|0x000000008d500000, 0x000000008d600000, 0x000000008d600000|100%| E|CS|TAMS 0x000000008d500000| PB 0x000000008d500000| Complete 
| 152|0x000000008d600000, 0x000000008d700000, 0x000000008d700000|100%| E|CS|TAMS 0x000000008d600000| PB 0x000000008d600000| Complete 
| 153|0x000000008d700000, 0x000000008d800000, 0x000000008d800000|100%| E|CS|TAMS 0x000000008d700000| PB 0x000000008d700000| Complete 
| 154|0x000000008d800000, 0x000000008d900000, 0x000000008d900000|100%| E|CS|TAMS 0x000000008d800000| PB 0x000000008d800000| Complete 
| 155|0x000000008d900000, 0x000000008da00000, 0x000000008da00000|100%| E|CS|TAMS 0x000000008d900000| PB 0x000000008d900000| Complete 
| 156|0x000000008da00000, 0x000000008db00000, 0x000000008db00000|100%| E|CS|TAMS 0x000000008da00000| PB 0x000000008da00000| Complete 
| 157|0x000000008db00000, 0x000000008dc00000, 0x000000008dc00000|100%| E|CS|TAMS 0x000000008db00000| PB 0x000000008db00000| Complete 
| 158|0x000000008dc00000, 0x000000008dd00000, 0x000000008dd00000|100%| E|CS|TAMS 0x000000008dc00000| PB 0x000000008dc00000| Complete 
| 159|0x000000008dd00000, 0x000000008de00000, 0x000000008de00000|100%| E|CS|TAMS 0x000000008dd00000| PB 0x000000008dd00000| Complete 
| 160|0x000000008de00000, 0x000000008df00000, 0x000000008df00000|100%| E|CS|TAMS 0x000000008de00000| PB 0x000000008de00000| Complete 
| 161|0x000000008df00000, 0x000000008e000000, 0x000000008e000000|100%| E|CS|TAMS 0x000000008df00000| PB 0x000000008df00000| Complete 
| 162|0x000000008e000000, 0x000000008e100000, 0x000000008e100000|100%| E|CS|TAMS 0x000000008e000000| PB 0x000000008e000000| Complete 
| 163|0x000000008e100000, 0x000000008e200000, 0x000000008e200000|100%| E|CS|TAMS 0x000000008e100000| PB 0x000000008e100000| Complete 
| 164|0x000000008e200000, 0x000000008e300000, 0x000000008e300000|100%| E|CS|TAMS 0x000000008e200000| PB 0x000000008e200000| Complete 
| 165|0x000000008e300000, 0x000000008e400000, 0x000000008e400000|100%| E|CS|TAMS 0x000000008e300000| PB 0x000000008e300000| Complete 
| 166|0x000000008e400000, 0x000000008e500000, 0x000000008e500000|100%| E|CS|TAMS 0x000000008e400000| PB 0x000000008e400000| Complete 
| 167|0x000000008e500000, 0x000000008e600000, 0x000000008e600000|100%| E|CS|TAMS 0x000000008e500000| PB 0x000000008e500000| Complete 
| 168|0x000000008e600000, 0x000000008e700000, 0x000000008e700000|100%| E|CS|TAMS 0x000000008e600000| PB 0x000000008e600000| Complete 
| 169|0x000000008e700000, 0x000000008e800000, 0x000000008e800000|100%| E|CS|TAMS 0x000000008e700000| PB 0x000000008e700000| Complete 
| 170|0x000000008e800000, 0x000000008e900000, 0x000000008e900000|100%| E|CS|TAMS 0x000000008e800000| PB 0x000000008e800000| Complete 
| 171|0x000000008e900000, 0x000000008ea00000, 0x000000008ea00000|100%| E|CS|TAMS 0x000000008e900000| PB 0x000000008e900000| Complete 
| 172|0x000000008ea00000, 0x000000008eb00000, 0x000000008eb00000|100%| E|CS|TAMS 0x000000008ea00000| PB 0x000000008ea00000| Complete 
| 173|0x000000008eb00000, 0x000000008ec00000, 0x000000008ec00000|100%| E|CS|TAMS 0x000000008eb00000| PB 0x000000008eb00000| Complete 
| 174|0x000000008ec00000, 0x000000008ed00000, 0x000000008ed00000|100%| E|CS|TAMS 0x000000008ec00000| PB 0x000000008ec00000| Complete 
| 175|0x000000008ed00000, 0x000000008ee00000, 0x000000008ee00000|100%| E|CS|TAMS 0x000000008ed00000| PB 0x000000008ed00000| Complete 
| 176|0x000000008ee00000, 0x000000008ef00000, 0x000000008ef00000|100%| E|CS|TAMS 0x000000008ee00000| PB 0x000000008ee00000| Complete 
| 177|0x000000008ef00000, 0x000000008f000000, 0x000000008f000000|100%| E|CS|TAMS 0x000000008ef00000| PB 0x000000008ef00000| Complete 
| 178|0x000000008f000000, 0x000000008f100000, 0x000000008f100000|100%| E|CS|TAMS 0x000000008f000000| PB 0x000000008f000000| Complete 
| 179|0x000000008f100000, 0x000000008f200000, 0x000000008f200000|100%| E|CS|TAMS 0x000000008f100000| PB 0x000000008f100000| Complete 
| 180|0x000000008f200000, 0x000000008f300000, 0x000000008f300000|100%| E|CS|TAMS 0x000000008f200000| PB 0x000000008f200000| Complete 
| 181|0x000000008f300000, 0x000000008f400000, 0x000000008f400000|100%| E|CS|TAMS 0x000000008f300000| PB 0x000000008f300000| Complete 
| 182|0x000000008f400000, 0x000000008f500000, 0x000000008f500000|100%| E|CS|TAMS 0x000000008f400000| PB 0x000000008f400000| Complete 
| 183|0x000000008f500000, 0x000000008f600000, 0x000000008f600000|100%| E|CS|TAMS 0x000000008f500000| PB 0x000000008f500000| Complete 
| 184|0x000000008f600000, 0x000000008f700000, 0x000000008f700000|100%| E|CS|TAMS 0x000000008f600000| PB 0x000000008f600000| Complete 
| 185|0x000000008f700000, 0x000000008f800000, 0x000000008f800000|100%| E|CS|TAMS 0x000000008f700000| PB 0x000000008f700000| Complete 
| 186|0x000000008f800000, 0x000000008f900000, 0x000000008f900000|100%| E|CS|TAMS 0x000000008f800000| PB 0x000000008f800000| Complete 
| 187|0x000000008f900000, 0x000000008fa00000, 0x000000008fa00000|100%| E|CS|TAMS 0x000000008f900000| PB 0x000000008f900000| Complete 
| 188|0x000000008fa00000, 0x000000008fb00000, 0x000000008fb00000|100%| E|CS|TAMS 0x000000008fa00000| PB 0x000000008fa00000| Complete 
| 189|0x000000008fb00000, 0x000000008fc00000, 0x000000008fc00000|100%| E|CS|TAMS 0x000000008fb00000| PB 0x000000008fb00000| Complete 
| 190|0x000000008fc00000, 0x000000008fd00000, 0x000000008fd00000|100%| E|CS|TAMS 0x000000008fc00000| PB 0x000000008fc00000| Complete 
| 191|0x000000008fd00000, 0x000000008fe00000, 0x000000008fe00000|100%| E|CS|TAMS 0x000000008fd00000| PB 0x000000008fd00000| Complete 
| 192|0x000000008fe00000, 0x000000008ff00000, 0x000000008ff00000|100%| E|CS|TAMS 0x000000008fe00000| PB 0x000000008fe00000| Complete 
| 193|0x000000008ff00000, 0x0000000090000000, 0x0000000090000000|100%| E|CS|TAMS 0x000000008ff00000| PB 0x000000008ff00000| Complete 
| 194|0x0000000090000000, 0x0000000090100000, 0x0000000090100000|100%| E|CS|TAMS 0x0000000090000000| PB 0x0000000090000000| Complete 
| 195|0x0000000090100000, 0x0000000090200000, 0x0000000090200000|100%| E|CS|TAMS 0x0000000090100000| PB 0x0000000090100000| Complete 
| 196|0x0000000090200000, 0x0000000090300000, 0x0000000090300000|100%| E|CS|TAMS 0x0000000090200000| PB 0x0000000090200000| Complete 
| 197|0x0000000090300000, 0x0000000090400000, 0x0000000090400000|100%| E|CS|TAMS 0x0000000090300000| PB 0x0000000090300000| Complete 
| 198|0x0000000090400000, 0x0000000090500000, 0x0000000090500000|100%| E|CS|TAMS 0x0000000090400000| PB 0x0000000090400000| Complete 
| 199|0x0000000090500000, 0x0000000090600000, 0x0000000090600000|100%| E|CS|TAMS 0x0000000090500000| PB 0x0000000090500000| Complete 
| 200|0x0000000090600000, 0x0000000090700000, 0x0000000090700000|100%| E|CS|TAMS 0x0000000090600000| PB 0x0000000090600000| Complete 
| 201|0x0000000090700000, 0x0000000090800000, 0x0000000090800000|100%| E|CS|TAMS 0x0000000090700000| PB 0x0000000090700000| Complete 
| 202|0x0000000090800000, 0x0000000090900000, 0x0000000090900000|100%| E|CS|TAMS 0x0000000090800000| PB 0x0000000090800000| Complete 
| 203|0x0000000090900000, 0x0000000090a00000, 0x0000000090a00000|100%| E|CS|TAMS 0x0000000090900000| PB 0x0000000090900000| Complete 
| 204|0x0000000090a00000, 0x0000000090b00000, 0x0000000090b00000|100%| E|CS|TAMS 0x0000000090a00000| PB 0x0000000090a00000| Complete 
| 205|0x0000000090b00000, 0x0000000090c00000, 0x0000000090c00000|100%| E|CS|TAMS 0x0000000090b00000| PB 0x0000000090b00000| Complete 
| 206|0x0000000090c00000, 0x0000000090d00000, 0x0000000090d00000|100%| E|CS|TAMS 0x0000000090c00000| PB 0x0000000090c00000| Complete 
| 207|0x0000000090d00000, 0x0000000090e00000, 0x0000000090e00000|100%| E|CS|TAMS 0x0000000090d00000| PB 0x0000000090d00000| Complete 
| 208|0x0000000090e00000, 0x0000000090f00000, 0x0000000090f00000|100%| E|CS|TAMS 0x0000000090e00000| PB 0x0000000090e00000| Complete 
| 209|0x0000000090f00000, 0x0000000091000000, 0x0000000091000000|100%| E|CS|TAMS 0x0000000090f00000| PB 0x0000000090f00000| Complete 
| 210|0x0000000091000000, 0x0000000091100000, 0x0000000091100000|100%| E|CS|TAMS 0x0000000091000000| PB 0x0000000091000000| Complete 
| 211|0x0000000091100000, 0x0000000091200000, 0x0000000091200000|100%| E|CS|TAMS 0x0000000091100000| PB 0x0000000091100000| Complete 
| 212|0x0000000091200000, 0x0000000091300000, 0x0000000091300000|100%| E|CS|TAMS 0x0000000091200000| PB 0x0000000091200000| Complete 
| 213|0x0000000091300000, 0x0000000091400000, 0x0000000091400000|100%| E|CS|TAMS 0x0000000091300000| PB 0x0000000091300000| Complete 
| 214|0x0000000091400000, 0x0000000091500000, 0x0000000091500000|100%| E|CS|TAMS 0x0000000091400000| PB 0x0000000091400000| Complete 
| 215|0x0000000091500000, 0x0000000091600000, 0x0000000091600000|100%| E|CS|TAMS 0x0000000091500000| PB 0x0000000091500000| Complete 
| 216|0x0000000091600000, 0x0000000091700000, 0x0000000091700000|100%| E|CS|TAMS 0x0000000091600000| PB 0x0000000091600000| Complete 
| 217|0x0000000091700000, 0x0000000091800000, 0x0000000091800000|100%| E|CS|TAMS 0x0000000091700000| PB 0x0000000091700000| Complete 
| 218|0x0000000091800000, 0x0000000091900000, 0x0000000091900000|100%| E|CS|TAMS 0x0000000091800000| PB 0x0000000091800000| Complete 
| 219|0x0000000091900000, 0x0000000091a00000, 0x0000000091a00000|100%| E|CS|TAMS 0x0000000091900000| PB 0x0000000091900000| Complete 
| 220|0x0000000091a00000, 0x0000000091b00000, 0x0000000091b00000|100%| E|CS|TAMS 0x0000000091a00000| PB 0x0000000091a00000| Complete 
| 221|0x0000000091b00000, 0x0000000091c00000, 0x0000000091c00000|100%| E|CS|TAMS 0x0000000091b00000| PB 0x0000000091b00000| Complete 
| 222|0x0000000091c00000, 0x0000000091d00000, 0x0000000091d00000|100%| E|CS|TAMS 0x0000000091c00000| PB 0x0000000091c00000| Complete 
| 223|0x0000000091d00000, 0x0000000091e00000, 0x0000000091e00000|100%| E|CS|TAMS 0x0000000091d00000| PB 0x0000000091d00000| Complete 
| 224|0x0000000091e00000, 0x0000000091f00000, 0x0000000091f00000|100%| E|CS|TAMS 0x0000000091e00000| PB 0x0000000091e00000| Complete 
| 225|0x0000000091f00000, 0x0000000092000000, 0x0000000092000000|100%| E|CS|TAMS 0x0000000091f00000| PB 0x0000000091f00000| Complete 
| 226|0x0000000092000000, 0x0000000092100000, 0x0000000092100000|100%| E|CS|TAMS 0x0000000092000000| PB 0x0000000092000000| Complete 
| 227|0x0000000092100000, 0x0000000092200000, 0x0000000092200000|100%| E|CS|TAMS 0x0000000092100000| PB 0x0000000092100000| Complete 
| 228|0x0000000092200000, 0x0000000092300000, 0x0000000092300000|100%| E|CS|TAMS 0x0000000092200000| PB 0x0000000092200000| Complete 
| 229|0x0000000092300000, 0x0000000092400000, 0x0000000092400000|100%| E|CS|TAMS 0x0000000092300000| PB 0x0000000092300000| Complete 
| 230|0x0000000092400000, 0x0000000092500000, 0x0000000092500000|100%| E|CS|TAMS 0x0000000092400000| PB 0x0000000092400000| Complete 
| 231|0x0000000092500000, 0x0000000092600000, 0x0000000092600000|100%| E|CS|TAMS 0x0000000092500000| PB 0x0000000092500000| Complete 
| 232|0x0000000092600000, 0x0000000092700000, 0x0000000092700000|100%| E|CS|TAMS 0x0000000092600000| PB 0x0000000092600000| Complete 
| 233|0x0000000092700000, 0x0000000092800000, 0x0000000092800000|100%| E|CS|TAMS 0x0000000092700000| PB 0x0000000092700000| Complete 
| 234|0x0000000092800000, 0x0000000092900000, 0x0000000092900000|100%| E|CS|TAMS 0x0000000092800000| PB 0x0000000092800000| Complete 
| 235|0x0000000092900000, 0x0000000092a00000, 0x0000000092a00000|100%| E|CS|TAMS 0x0000000092900000| PB 0x0000000092900000| Complete 
| 236|0x0000000092a00000, 0x0000000092b00000, 0x0000000092b00000|100%| E|CS|TAMS 0x0000000092a00000| PB 0x0000000092a00000| Complete 
| 237|0x0000000092b00000, 0x0000000092c00000, 0x0000000092c00000|100%| E|CS|TAMS 0x0000000092b00000| PB 0x0000000092b00000| Complete 
| 238|0x0000000092c00000, 0x0000000092d00000, 0x0000000092d00000|100%| E|CS|TAMS 0x0000000092c00000| PB 0x0000000092c00000| Complete 
| 239|0x0000000092d00000, 0x0000000092e00000, 0x0000000092e00000|100%| E|CS|TAMS 0x0000000092d00000| PB 0x0000000092d00000| Complete 
| 240|0x0000000092e00000, 0x0000000092f00000, 0x0000000092f00000|100%| E|CS|TAMS 0x0000000092e00000| PB 0x0000000092e00000| Complete 
| 241|0x0000000092f00000, 0x0000000093000000, 0x0000000093000000|100%| E|CS|TAMS 0x0000000092f00000| PB 0x0000000092f00000| Complete 
| 242|0x0000000093000000, 0x0000000093100000, 0x0000000093100000|100%| E|CS|TAMS 0x0000000093000000| PB 0x0000000093000000| Complete 
| 243|0x0000000093100000, 0x0000000093200000, 0x0000000093200000|100%| E|CS|TAMS 0x0000000093100000| PB 0x0000000093100000| Complete 
| 244|0x0000000093200000, 0x0000000093300000, 0x0000000093300000|100%| E|CS|TAMS 0x0000000093200000| PB 0x0000000093200000| Complete 
| 245|0x0000000093300000, 0x0000000093400000, 0x0000000093400000|100%| E|CS|TAMS 0x0000000093300000| PB 0x0000000093300000| Complete 
| 246|0x0000000093400000, 0x0000000093500000, 0x0000000093500000|100%| E|CS|TAMS 0x0000000093400000| PB 0x0000000093400000| Complete 
| 247|0x0000000093500000, 0x0000000093600000, 0x0000000093600000|100%| E|CS|TAMS 0x0000000093500000| PB 0x0000000093500000| Complete 
| 248|0x0000000093600000, 0x0000000093700000, 0x0000000093700000|100%| E|CS|TAMS 0x0000000093600000| PB 0x0000000093600000| Complete 
|1976|0x00000000ff600000, 0x00000000ff700000, 0x00000000ff700000|100%| O|CS|TAMS 0x00000000ff600000| PB 0x00000000ff600000| Complete 
|1977|0x00000000ff700000, 0x00000000ff800000, 0x00000000ff800000|100%| O|CS|TAMS 0x00000000ff700000| PB 0x00000000ff700000| Complete 
|1978|0x00000000ff800000, 0x00000000ff900000, 0x00000000ff900000|100%| O|  |TAMS 0x00000000ff800000| PB 0x00000000ff800000| Untracked 
|1979|0x00000000ff900000, 0x00000000ffa00000, 0x00000000ffa00000|100%| E|CS|TAMS 0x00000000ff900000| PB 0x00000000ff900000| Complete 
|1980|0x00000000ffa00000, 0x00000000ffb00000, 0x00000000ffb00000|100%| E|CS|TAMS 0x00000000ffa00000| PB 0x00000000ffa00000| Complete 
|1981|0x00000000ffb00000, 0x00000000ffc00000, 0x00000000ffc00000|100%| E|CS|TAMS 0x00000000ffb00000| PB 0x00000000ffb00000| Complete 
|1982|0x00000000ffc00000, 0x00000000ffd00000, 0x00000000ffd00000|100%| E|CS|TAMS 0x00000000ffc00000| PB 0x00000000ffc00000| Complete 
|1983|0x00000000ffd00000, 0x00000000ffe00000, 0x00000000ffe00000|100%| O|  |TAMS 0x00000000ffd00000| PB 0x00000000ffd00000| Untracked 
|1984|0x00000000ffe00000, 0x00000000fff00000, 0x00000000fff00000|100%| O|  |TAMS 0x00000000ffe00000| PB 0x00000000ffe00000| Untracked 
|1985|0x00000000fff00000, 0x0000000100000000, 0x0000000100000000|100%| O|  |TAMS 0x00000000fff00000| PB 0x00000000fff00000| Untracked 

Card table byte_map: [0x0000018a7d3f0000,0x0000018a7d7e0000] _byte_map_base: 0x0000018a7cfd1000

Marking Bits: (CMBitMap*) 0x0000018a65604d50
 Bits: [0x0000018a7d7e0000, 0x0000018a7f6e8000)

Polling page: 0x0000018a63800000

Metaspace:

Usage:
  Non-class:     81.98 MB used.
      Class:     12.69 MB used.
       Both:     94.66 MB used.

Virtual space:
  Non-class space:      128.00 MB reserved,      82.44 MB ( 64%) committed,  2 nodes.
      Class space:        1.00 GB reserved,      13.06 MB (  1%) committed,  1 nodes.
             Both:        1.12 GB reserved,      95.50 MB (  8%) committed. 

Chunk freelists:
   Non-Class:  13.58 MB
       Class:  2.94 MB
        Both:  16.52 MB

MaxMetaspaceSize: unlimited
CompressedClassSpaceSize: 1.00 GB
Initial GC threshold: 21.00 MB
Current GC threshold: 158.88 MB
CDS: on
 - commit_granule_bytes: 65536.
 - commit_granule_words: 8192.
 - virtual_space_node_default_size: 8388608.
 - enlarge_chunks_in_place: 1.
 - use_allocation_guard: 0.


Internal statistics:

num_allocs_failed_limit: 8.
num_arena_births: 1476.
num_arena_deaths: 2.
num_vsnodes_births: 3.
num_vsnodes_deaths: 0.
num_space_committed: 1528.
num_space_uncommitted: 0.
num_chunks_returned_to_freelist: 11.
num_chunks_taken_from_freelist: 5242.
num_chunk_merges: 8.
num_chunk_splits: 3661.
num_chunks_enlarged: 2765.
num_inconsistent_stats: 0.

CodeHeap 'non-profiled nmethods': size=120000Kb used=12351Kb max_used=12351Kb free=107649Kb
 bounds [0x0000018a757a0000, 0x0000018a763b0000, 0x0000018a7ccd0000]
CodeHeap 'profiled nmethods': size=120000Kb used=26736Kb max_used=26736Kb free=93263Kb
 bounds [0x0000018a6dcd0000, 0x0000018a6f6f0000, 0x0000018a75200000]
CodeHeap 'non-nmethods': size=5760Kb used=1807Kb max_used=1879Kb free=3952Kb
 bounds [0x0000018a75200000, 0x0000018a75470000, 0x0000018a757a0000]
CodeCache: size=245760Kb, used=40894Kb, max_used=40966Kb, free=204864Kb
 total_blobs=14941, nmethods=14180, adapters=664, full_count=0
Compilation: enabled, stopped_count=0, restarted_count=0

Compilation events (20 events):
Event: 98.865 Thread 0x0000018a021cc790 nmethod 20290 0x0000018a763aca90 code [0x0000018a763acc20, 0x0000018a763acce8]
Event: 98.865 Thread 0x0000018a021cc790 20285       3       net.bytebuddy.jar.asm.SymbolTable::hash (23 bytes)
Event: 98.865 Thread 0x0000018a021cc790 nmethod 20285 0x0000018a6f6ed210 code [0x0000018a6f6ed3e0, 0x0000018a6f6ed5a8]
Event: 98.893 Thread 0x0000018a48748ea0 

Event: 98.893 Thread 0x0000018a48748ea0 

Event: 98.893 Thread 0x0000018a48748ea0 

Event: 98.895 Thread 0x0000018a021cc790 20292  s!   3       java.beans.PropertyDescriptor::getPropertyType (33 bytes)
Event: 98.896 Thread 0x0000018a021cc790 nmethod 20292 0x0000018a6f6ed710 code [0x0000018a6f6ed960, 0x0000018a6f6ee350]
Event: 98.896 Thread 0x0000018a021cc790 20293       3       java.beans.PropertyDescriptor::getPropertyType0 (22 bytes)
Event: 98.896 Thread 0x0000018a021cc790 nmethod 20293 0x0000018a6f6ee690 code [0x0000018a6f6ee860, 0x0000018a6f6eeb98]
Event: 98.999 Thread 0x0000018a021cc790 20294       1       org.springframework.aop.support.annotation.AnnotationMatchingPointcut::getMethodMatcher (5 bytes)
Event: 98.999 Thread 0x0000018a021cc790 nmethod 20294 0x0000018a763acd90 code [0x0000018a763acf20, 0x0000018a763acfe8]
Event: 99.028 Thread 0x0000018a021c9cd0 20295       4       java.util.TimSort::sort (229 bytes)
Event: 99.052 Thread 0x0000018a021c9cd0 nmethod 20295 0x0000018a763ad090 code [0x0000018a763ad320, 0x0000018a763ae6c8]
Event: 99.061 Thread 0x0000018a021cc790 20296       1       java.nio.DirectByteBufferR::base (2 bytes)
Event: 99.061 Thread 0x0000018a021cc790 nmethod 20296 0x0000018a763af190 code [0x0000018a763af320, 0x0000018a763af3f0]
Event: 99.119 Thread 0x0000018a021c9cd0 20297   !   4       jdk.proxy2.$Proxy141::annotationType (29 bytes)
Event: 99.122 Thread 0x0000018a021c9cd0 nmethod 20297 0x0000018a763af490 code [0x0000018a763af620, 0x0000018a763af6f8]
Event: 99.173 Thread 0x0000018a021c9cd0 20298       4       org.springframework.boot.context.properties.source.ConfigurationPropertyName::isIndexed (12 bytes)
Event: 99.174 Thread 0x0000018a021c9cd0 nmethod 20298 0x0000018a763af810 code [0x0000018a763af9a0, 0x0000018a763afaa0]

GC Heap History (20 events):
Event: 81.725 GC heap after
{Heap after GC invocations=61 (full 0):
 garbage-first heap   total 206848K, used 96032K [0x0000000083e00000, 0x0000000100000000)
  region size 1024K, 5 young (5120K), 5 survivors (5120K)
 Metaspace       used 95573K, committed 96512K, reserved 1179648K
  class space    used 12939K, committed 13376K, reserved 1048576K
}
Event: 82.929 GC heap before
{Heap before GC invocations=62 (full 0):
 garbage-first heap   total 206848K, used 194336K [0x0000000083e00000, 0x0000000100000000)
  region size 1024K, 101 young (103424K), 5 survivors (5120K)
 Metaspace       used 95621K, committed 96576K, reserved 1179648K
  class space    used 12939K, committed 13376K, reserved 1048576K
}
Event: 82.952 GC heap after
{Heap after GC invocations=63 (full 0):
 garbage-first heap   total 206848K, used 99597K [0x0000000083e00000, 0x0000000100000000)
  region size 1024K, 9 young (9216K), 9 survivors (9216K)
 Metaspace       used 95621K, committed 96576K, reserved 1179648K
  class space    used 12939K, committed 13376K, reserved 1048576K
}
Event: 84.756 GC heap before
{Heap before GC invocations=63 (full 0):
 garbage-first heap   total 206848K, used 194829K [0x0000000083e00000, 0x0000000100000000)
  region size 1024K, 102 young (104448K), 9 survivors (9216K)
 Metaspace       used 95722K, committed 96640K, reserved 1179648K
  class space    used 12939K, committed 13376K, reserved 1048576K
}
Event: 84.799 GC heap after
{Heap after GC invocations=64 (full 0):
 garbage-first heap   total 258048K, used 100314K [0x0000000083e00000, 0x0000000100000000)
  region size 1024K, 9 young (9216K), 9 survivors (9216K)
 Metaspace       used 95722K, committed 96640K, reserved 1179648K
  class space    used 12939K, committed 13376K, reserved 1048576K
}
Event: 87.800 GC heap before
{Heap before GC invocations=64 (full 0):
 garbage-first heap   total 258048K, used 240602K [0x0000000083e00000, 0x0000000100000000)
  region size 1024K, 146 young (149504K), 9 survivors (9216K)
 Metaspace       used 96140K, committed 97088K, reserved 1179648K
  class space    used 12964K, committed 13376K, reserved 1048576K
}
Event: 87.829 GC heap after
{Heap after GC invocations=65 (full 0):
 garbage-first heap   total 260096K, used 109680K [0x0000000083e00000, 0x0000000100000000)
  region size 1024K, 18 young (18432K), 18 survivors (18432K)
 Metaspace       used 96140K, committed 97088K, reserved 1179648K
  class space    used 12964K, committed 13376K, reserved 1048576K
}
Event: 88.551 GC heap before
{Heap before GC invocations=65 (full 0):
 garbage-first heap   total 260096K, used 238704K [0x0000000083e00000, 0x0000000100000000)
  region size 1024K, 144 young (147456K), 18 survivors (18432K)
 Metaspace       used 96178K, committed 97088K, reserved 1179648K
  class space    used 12965K, committed 13376K, reserved 1048576K
}
Event: 88.582 GC heap after
{Heap after GC invocations=66 (full 0):
 garbage-first heap   total 260096K, used 111982K [0x0000000083e00000, 0x0000000100000000)
  region size 1024K, 12 young (12288K), 12 survivors (12288K)
 Metaspace       used 96178K, committed 97088K, reserved 1179648K
  class space    used 12965K, committed 13376K, reserved 1048576K
}
Event: 89.941 GC heap before
{Heap before GC invocations=66 (full 0):
 garbage-first heap   total 260096K, used 242030K [0x0000000083e00000, 0x0000000100000000)
  region size 1024K, 139 young (142336K), 12 survivors (12288K)
 Metaspace       used 96222K, committed 97152K, reserved 1179648K
  class space    used 12966K, committed 13376K, reserved 1048576K
}
Event: 89.967 GC heap after
{Heap after GC invocations=67 (full 0):
 garbage-first heap   total 260096K, used 115464K [0x0000000083e00000, 0x0000000100000000)
  region size 1024K, 8 young (8192K), 8 survivors (8192K)
 Metaspace       used 96222K, committed 97152K, reserved 1179648K
  class space    used 12966K, committed 13376K, reserved 1048576K
}
Event: 92.445 GC heap before
{Heap before GC invocations=68 (full 0):
 garbage-first heap   total 260096K, used 243464K [0x0000000083e00000, 0x0000000100000000)
  region size 1024K, 133 young (136192K), 8 survivors (8192K)
 Metaspace       used 96380K, committed 97344K, reserved 1179648K
  class space    used 12967K, committed 13376K, reserved 1048576K
}
Event: 92.470 GC heap after
{Heap after GC invocations=69 (full 0):
 garbage-first heap   total 260096K, used 121989K [0x0000000083e00000, 0x0000000100000000)
  region size 1024K, 14 young (14336K), 14 survivors (14336K)
 Metaspace       used 96380K, committed 97344K, reserved 1179648K
  class space    used 12967K, committed 13376K, reserved 1048576K
}
Event: 94.147 GC heap before
{Heap before GC invocations=69 (full 0):
 garbage-first heap   total 260096K, used 242821K [0x0000000083e00000, 0x0000000100000000)
  region size 1024K, 132 young (135168K), 14 survivors (14336K)
 Metaspace       used 96688K, committed 97600K, reserved 1179648K
  class space    used 12990K, committed 13376K, reserved 1048576K
}
Event: 94.185 GC heap after
{Heap after GC invocations=70 (full 0):
 garbage-first heap   total 265216K, used 124401K [0x0000000083e00000, 0x0000000100000000)
  region size 1024K, 12 young (12288K), 12 survivors (12288K)
 Metaspace       used 96688K, committed 97600K, reserved 1179648K
  class space    used 12990K, committed 13376K, reserved 1048576K
}
Event: 94.935 GC heap before
{Heap before GC invocations=70 (full 0):
 garbage-first heap   total 265216K, used 248305K [0x0000000083e00000, 0x0000000100000000)
  region size 1024K, 133 young (136192K), 12 survivors (12288K)
 Metaspace       used 96720K, committed 97600K, reserved 1179648K
  class space    used 12990K, committed 13376K, reserved 1048576K
}
Event: 94.960 GC heap after
{Heap after GC invocations=71 (full 0):
 garbage-first heap   total 265216K, used 128000K [0x0000000083e00000, 0x0000000100000000)
  region size 1024K, 8 young (8192K), 8 survivors (8192K)
 Metaspace       used 96720K, committed 97600K, reserved 1179648K
  class space    used 12990K, committed 13376K, reserved 1048576K
}
Event: 96.391 GC heap before
{Heap before GC invocations=72 (full 0):
 garbage-first heap   total 265216K, used 250880K [0x0000000083e00000, 0x0000000100000000)
  region size 1024K, 128 young (131072K), 8 survivors (8192K)
 Metaspace       used 96750K, committed 97664K, reserved 1179648K
  class space    used 12990K, committed 13376K, reserved 1048576K
}
Event: 96.413 GC heap after
{Heap after GC invocations=73 (full 0):
 garbage-first heap   total 265216K, used 131624K [0x0000000083e00000, 0x0000000100000000)
  region size 1024K, 12 young (12288K), 12 survivors (12288K)
 Metaspace       used 96750K, committed 97664K, reserved 1179648K
  class space    used 12990K, committed 13376K, reserved 1048576K
}
Event: 99.195 GC heap before
{Heap before GC invocations=73 (full 0):
 garbage-first heap   total 265216K, used 250408K [0x0000000083e00000, 0x0000000100000000)
  region size 1024K, 128 young (131072K), 12 survivors (12288K)
 Metaspace       used 96936K, committed 97792K, reserved 1179648K
  class space    used 12990K, committed 13376K, reserved 1048576K
}

Dll operation events (14 events):
Event: 0.024 Loaded shared library C:\Program Files\Eclipse Adoptium\jdk-21.0.11.10-hotspot\bin\java.dll
Event: 0.119 Loaded shared library C:\Program Files\Eclipse Adoptium\jdk-21.0.11.10-hotspot\bin\jsvml.dll
Event: 0.180 Loaded shared library C:\Program Files\Eclipse Adoptium\jdk-21.0.11.10-hotspot\bin\net.dll
Event: 0.187 Loaded shared library C:\Program Files\Eclipse Adoptium\jdk-21.0.11.10-hotspot\bin\nio.dll
Event: 0.196 Loaded shared library C:\Program Files\Eclipse Adoptium\jdk-21.0.11.10-hotspot\bin\zip.dll
Event: 0.413 Loaded shared library C:\Program Files\Eclipse Adoptium\jdk-21.0.11.10-hotspot\bin\management.dll
Event: 0.431 Loaded shared library C:\Program Files\Eclipse Adoptium\jdk-21.0.11.10-hotspot\bin\management_ext.dll
Event: 0.507 Loaded shared library C:\Program Files\Eclipse Adoptium\jdk-21.0.11.10-hotspot\bin\jimage.dll
Event: 4.060 Loaded shared library C:\Program Files\Eclipse Adoptium\jdk-21.0.11.10-hotspot\bin\verify.dll
Event: 5.277 Loaded shared library C:\Program Files\Eclipse Adoptium\jdk-21.0.11.10-hotspot\bin\instrument.dll
Event: 5.284 Loaded shared library C:\Program Files\Eclipse Adoptium\jdk-21.0.11.10-hotspot\bin\zip.dll
Event: 5.292 Loaded shared library C:\Program Files\Eclipse Adoptium\jdk-21.0.11.10-hotspot\bin\instrument.dll
Event: 18.609 Loaded shared library C:\Program Files\Eclipse Adoptium\jdk-21.0.11.10-hotspot\bin\sunmscapi.dll
Event: 33.247 Loaded shared library C:\Program Files\Eclipse Adoptium\jdk-21.0.11.10-hotspot\bin\extnet.dll

Deoptimization events (20 events):
Event: 98.019 Thread 0x0000018a655b5900 Uncommon trap: trap_request=0xffffffd6 fr.pc=0x0000018a7638c210 relative=0x00000000000010f0
Event: 98.019 Thread 0x0000018a655b5900 Uncommon trap: reason=array_check action=maybe_recompile pc=0x0000018a7638c210 method=java.util.TimSort.reverseRange([Ljava/lang/Object;II)V @ 20 c2
Event: 98.019 Thread 0x0000018a655b5900 DEOPT PACKING pc=0x0000018a7638c210 sp=0x0000001d721fb450
Event: 98.019 Thread 0x0000018a655b5900 DEOPT UNPACKING pc=0x0000018a75257ba2 sp=0x0000001d721fb2e8 mode 2
Event: 98.020 Thread 0x0000018a655b5900 Uncommon trap: trap_request=0xffffffd6 fr.pc=0x0000018a7638c210 relative=0x00000000000010f0
Event: 98.020 Thread 0x0000018a655b5900 Uncommon trap: reason=array_check action=maybe_recompile pc=0x0000018a7638c210 method=java.util.TimSort.reverseRange([Ljava/lang/Object;II)V @ 20 c2
Event: 98.020 Thread 0x0000018a655b5900 DEOPT PACKING pc=0x0000018a7638c210 sp=0x0000001d721fb450
Event: 98.020 Thread 0x0000018a655b5900 DEOPT UNPACKING pc=0x0000018a75257ba2 sp=0x0000001d721fb2e8 mode 2
Event: 98.183 Thread 0x0000018a655b5900 Uncommon trap: trap_request=0xffffffd6 fr.pc=0x0000018a7638c210 relative=0x00000000000010f0
Event: 98.183 Thread 0x0000018a655b5900 Uncommon trap: reason=array_check action=maybe_recompile pc=0x0000018a7638c210 method=java.util.TimSort.reverseRange([Ljava/lang/Object;II)V @ 20 c2
Event: 98.183 Thread 0x0000018a655b5900 DEOPT PACKING pc=0x0000018a7638c210 sp=0x0000001d721fa3e0
Event: 98.183 Thread 0x0000018a655b5900 DEOPT UNPACKING pc=0x0000018a75257ba2 sp=0x0000001d721fa278 mode 2
Event: 98.504 Thread 0x0000018a655b5900 Uncommon trap: trap_request=0xffffffd6 fr.pc=0x0000018a7638c210 relative=0x00000000000010f0
Event: 98.504 Thread 0x0000018a655b5900 Uncommon trap: reason=array_check action=maybe_recompile pc=0x0000018a7638c210 method=java.util.TimSort.reverseRange([Ljava/lang/Object;II)V @ 20 c2
Event: 98.504 Thread 0x0000018a655b5900 DEOPT PACKING pc=0x0000018a7638c210 sp=0x0000001d721fb830
Event: 98.504 Thread 0x0000018a655b5900 DEOPT UNPACKING pc=0x0000018a75257ba2 sp=0x0000001d721fb6c8 mode 2
Event: 98.681 Thread 0x0000018a655b5900 Uncommon trap: trap_request=0xffffffbe fr.pc=0x0000018a7638dc0c relative=0x000000000000070c
Event: 98.681 Thread 0x0000018a655b5900 Uncommon trap: reason=profile_predicate action=maybe_recompile pc=0x0000018a7638dc0c method=java.util.HashMap.keysToArray([Ljava/lang/Object;)[Ljava/lang/Object; @ 36 c2
Event: 98.681 Thread 0x0000018a655b5900 DEOPT PACKING pc=0x0000018a7638dc0c sp=0x0000001d721fb590
Event: 98.681 Thread 0x0000018a655b5900 DEOPT UNPACKING pc=0x0000018a75257ba2 sp=0x0000001d721fb4d8 mode 2

Classes loaded (20 events):
Event: 98.638 Loading class org/springframework/security/oauth2/client/registration/ClientRegistrationRepository
Event: 98.638 Loading class org/springframework/security/oauth2/client/registration/ClientRegistrationRepository done
Event: 98.638 Loading class org/springframework/security/oauth2/server/resource/introspection/OpaqueTokenIntrospector
Event: 98.639 Loading class org/springframework/security/oauth2/server/resource/introspection/OpaqueTokenIntrospector done
Event: 98.639 Loading class org/springframework/security/saml2/provider/service/registration/RelyingPartyRegistrationRepository
Event: 98.639 Loading class org/springframework/security/saml2/provider/service/registration/RelyingPartyRegistrationRepository done
Event: 98.642 Loading class org/springframework/security/oauth2/jwt/JwtDecoder
Event: 98.642 Loading class org/springframework/security/oauth2/jwt/JwtDecoder done
Event: 98.891 Loading class javax/inject/Inject
Event: 98.891 Loading class javax/inject/Inject done
Event: 98.892 Loading class javax/annotation/PostConstruct
Event: 98.892 Loading class javax/annotation/PostConstruct done
Event: 98.892 Loading class javax/annotation/PreDestroy
Event: 98.892 Loading class javax/annotation/PreDestroy done
Event: 99.148 Loading class org/h2/Driver
Event: 99.148 Loading class org/h2/Driver done
Event: 99.150 Loading class org/apache/derby/jdbc/EmbeddedDriver
Event: 99.150 Loading class org/apache/derby/jdbc/EmbeddedDriver done
Event: 99.152 Loading class org/hsqldb/jdbc/JDBCDriver
Event: 99.152 Loading class org/hsqldb/jdbc/JDBCDriver done

Classes unloaded (1 events):
Event: 22.956 Thread 0x0000018a0218c9a0 Unloading class 0x0000018a041ef000 'net/bytebuddy/mirror/AccessibleObject'

Classes redefined (14 events):
Event: 9.039 Thread 0x0000018a0218c9a0 redefined class name=org.springframework.jdbc.support.JdbcAccessor, count=1
Event: 9.040 Thread 0x0000018a0218c9a0 redefined class name=org.springframework.jdbc.core.JdbcTemplate, count=2
Event: 9.040 Thread 0x0000018a0218c9a0 redefined class name=org.springframework.beans.factory.InitializingBean, count=1
Event: 9.040 Thread 0x0000018a0218c9a0 redefined class name=org.springframework.jdbc.core.JdbcOperations, count=1
Event: 9.041 Thread 0x0000018a0218c9a0 redefined class name=java.lang.Object, count=1
Event: 9.186 Thread 0x0000018a0218c9a0 redefined class name=org.springframework.boot.ApplicationArguments, count=2
Event: 28.539 Thread 0x0000018a0218c9a0 redefined class name=com.dagacs.service.AcademicSessionService, count=1
Event: 61.819 Thread 0x0000018a0218c9a0 redefined class name=com.dagacs.service.AttendanceSessionService, count=1
Event: 62.065 Thread 0x0000018a0218c9a0 redefined class name=com.dagacs.service.AttendanceService, count=1
Event: 72.244 Thread 0x0000018a0218c9a0 redefined class name=com.dagacs.service.BatchService, count=1
Event: 72.417 Thread 0x0000018a0218c9a0 redefined class name=com.dagacs.service.SectionService, count=1
Event: 79.080 Thread 0x0000018a0218c9a0 redefined class name=com.dagacs.service.DepartmentService, count=1
Event: 86.042 Thread 0x0000018a0218c9a0 redefined class name=com.dagacs.service.ProgramService, count=1
Event: 98.770 Thread 0x0000018a0218c9a0 redefined class name=com.dagacs.service.SemesterService, count=1

Internal exceptions (20 events):
Event: 92.499 Thread 0x0000018a655b5900 Exception <a 'java/lang/ArrayIndexOutOfBoundsException'{0x00000000ffb89728}> (0x00000000ffb89728) 
thrown [s\src\hotspot\share\runtime\sharedRuntime.cpp, line 625]
Event: 92.503 Thread 0x0000018a655b5900 Exception <a 'java/lang/ArrayIndexOutOfBoundsException'{0x00000000ffbbecb0}> (0x00000000ffbbecb0) 
thrown [s\src\hotspot\share\runtime\sharedRuntime.cpp, line 625]
Event: 92.503 Thread 0x0000018a655b5900 Exception <a 'java/lang/ArrayIndexOutOfBoundsException'{0x00000000ffbbfa98}> (0x00000000ffbbfa98) 
thrown [s\src\hotspot\share\runtime\sharedRuntime.cpp, line 625]
Event: 97.874 Thread 0x0000018a48d21250 Exception <a 'java/lang/NoClassDefFoundError'{0x000000008f335640}: org/glassfish/jersey/server/monitoring/ApplicationEventListener> (0x000000008f335640) 
thrown [s\src\hotspot\share\classfile\systemDictionary.cpp, line 302]
Event: 98.665 Thread 0x0000018a655b5900 Exception <a 'java/lang/NoClassDefFoundError'{0x000000008d4d02a8}: org/flywaydb/core/Flyway> (0x000000008d4d02a8) 
thrown [s\src\hotspot\share\oops\constantPool.cpp, line 873]
Event: 98.665 Thread 0x0000018a655b5900 Exception <a 'java/lang/NoClassDefFoundError'{0x000000008d4d13c8}: liquibase/integration/spring/SpringLiquibase> (0x000000008d4d13c8) 
thrown [s\src\hotspot\share\oops\constantPool.cpp, line 873]
Event: 98.670 Thread 0x0000018a655b5900 Exception <a 'java/lang/NoClassDefFoundError'{0x000000008d35e900}: org/jooq/DSLContext> (0x000000008d35e900) 
thrown [s\src\hotspot\share\oops\constantPool.cpp, line 873]
Event: 98.672 Thread 0x0000018a655b5900 Exception <a 'java/lang/NoClassDefFoundError'{0x000000008d370d38}: org/springframework/batch/core/repository/JobRepository> (0x000000008d370d38) 
thrown [s\src\hotspot\share\oops\constantPool.cpp, line 873]
Event: 98.672 Thread 0x0000018a655b5900 Exception <a 'java/lang/NoClassDefFoundError'{0x000000008d371e50}: org/quartz/Scheduler> (0x000000008d371e50) 
thrown [s\src\hotspot\share\oops\constantPool.cpp, line 873]
Event: 98.672 Thread 0x0000018a655b5900 Exception <a 'java/lang/NoClassDefFoundError'{0x000000008d372f90}: org/springframework/session/jdbc/JdbcIndexedSessionRepository> (0x000000008d372f90) 
thrown [s\src\hotspot\share\oops\constantPool.cpp, line 873]
Event: 99.038 Thread 0x0000018a655b5900 Exception <a 'java/lang/ArrayIndexOutOfBoundsException'{0x000000008d073028}> (0x000000008d073028) 
thrown [s\src\hotspot\share\runtime\sharedRuntime.cpp, line 625]
Event: 99.038 Thread 0x0000018a655b5900 Exception <a 'java/lang/ArrayIndexOutOfBoundsException'{0x000000008d073e10}> (0x000000008d073e10) 
thrown [s\src\hotspot\share\runtime\sharedRuntime.cpp, line 625]
Event: 99.052 Thread 0x0000018a655b5900 Exception <a 'java/lang/ArrayIndexOutOfBoundsException'{0x000000008d094620}> (0x000000008d094620) 
thrown [s\src\hotspot\share\runtime\sharedRuntime.cpp, line 625]
Event: 99.052 Thread 0x0000018a655b5900 Exception <a 'java/lang/ArrayIndexOutOfBoundsException'{0x000000008d095408}> (0x000000008d095408) 
thrown [s\src\hotspot\share\runtime\sharedRuntime.cpp, line 625]
Event: 99.056 Thread 0x0000018a655b5900 Exception <a 'java/lang/ArrayIndexOutOfBoundsException'{0x000000008d0cb0c0}> (0x000000008d0cb0c0) 
thrown [s\src\hotspot\share\runtime\sharedRuntime.cpp, line 625]
Event: 99.056 Thread 0x0000018a655b5900 Exception <a 'java/lang/ArrayIndexOutOfBoundsException'{0x000000008d0cbea8}> (0x000000008d0cbea8) 
thrown [s\src\hotspot\share\runtime\sharedRuntime.cpp, line 625]
Event: 99.058 Thread 0x0000018a655b5900 Exception <a 'java/lang/ArrayIndexOutOfBoundsException'{0x000000008d0edea8}> (0x000000008d0edea8) 
thrown [s\src\hotspot\share\runtime\sharedRuntime.cpp, line 625]
Event: 99.058 Thread 0x0000018a655b5900 Exception <a 'java/lang/ArrayIndexOutOfBoundsException'{0x000000008d0eec90}> (0x000000008d0eec90) 
thrown [s\src\hotspot\share\runtime\sharedRuntime.cpp, line 625]
Event: 99.063 Thread 0x0000018a655b5900 Exception <a 'java/lang/ArrayIndexOutOfBoundsException'{0x000000008cf24fc8}> (0x000000008cf24fc8) 
thrown [s\src\hotspot\share\runtime\sharedRuntime.cpp, line 625]
Event: 99.063 Thread 0x0000018a655b5900 Exception <a 'java/lang/ArrayIndexOutOfBoundsException'{0x000000008cf25db0}> (0x000000008cf25db0) 
thrown [s\src\hotspot\share\runtime\sharedRuntime.cpp, line 625]

ZGC Phase Switch (0 events):
No events

VM Operations (20 events):
Event: 91.552 Executing safepoint VM operation: Cleanup done
Event: 92.445 Executing safepoint VM operation: G1CollectForAllocation (G1 Evacuation Pause)
Event: 92.470 Executing safepoint VM operation: G1CollectForAllocation (G1 Evacuation Pause) done
Event: 94.146 Executing safepoint VM operation: G1CollectForAllocation (G1 Evacuation Pause)
Event: 94.185 Executing safepoint VM operation: G1CollectForAllocation (G1 Evacuation Pause) done
Event: 94.935 Executing safepoint VM operation: G1CollectForAllocation (G1 Evacuation Pause)
Event: 94.960 Executing safepoint VM operation: G1CollectForAllocation (G1 Evacuation Pause) done
Event: 95.268 Executing safepoint VM operation: G1PauseRemark
Event: 95.285 Executing safepoint VM operation: G1PauseRemark done
Event: 95.533 Executing safepoint VM operation: G1PauseCleanup
Event: 95.533 Executing safepoint VM operation: G1PauseCleanup done
Event: 96.391 Executing safepoint VM operation: G1CollectForAllocation (G1 Evacuation Pause)
Event: 96.413 Executing safepoint VM operation: G1CollectForAllocation (G1 Evacuation Pause) done
Event: 97.414 Executing safepoint VM operation: Cleanup
Event: 97.415 Executing safepoint VM operation: Cleanup done
Event: 98.422 Executing safepoint VM operation: Cleanup
Event: 98.439 Executing safepoint VM operation: Cleanup done
Event: 98.710 Executing safepoint VM operation: RedefineClasses
Event: 98.861 Executing safepoint VM operation: RedefineClasses done
Event: 99.195 Executing safepoint VM operation: G1CollectForAllocation (G1 Evacuation Pause)

Memory protections (0 events):
No events

Nmethod flushes (20 events):
Event: 95.284 Thread 0x0000018a0218c9a0 flushing  nmethod 0x0000018a6e527a10
Event: 95.284 Thread 0x0000018a0218c9a0 flushing  nmethod 0x0000018a6e5c4890
Event: 95.284 Thread 0x0000018a0218c9a0 flushing  nmethod 0x0000018a6e662b10
Event: 95.284 Thread 0x0000018a0218c9a0 flushing  nmethod 0x0000018a6e6b8d10
Event: 95.284 Thread 0x0000018a0218c9a0 flushing  nmethod 0x0000018a6e70c910
Event: 95.284 Thread 0x0000018a0218c9a0 flushing  nmethod 0x0000018a6e70cd90
Event: 95.284 Thread 0x0000018a0218c9a0 flushing  nmethod 0x0000018a6e755690
Event: 95.284 Thread 0x0000018a0218c9a0 flushing  nmethod 0x0000018a6e75a390
Event: 95.284 Thread 0x0000018a0218c9a0 flushing  nmethod 0x0000018a6e782810
Event: 95.284 Thread 0x0000018a0218c9a0 flushing  nmethod 0x0000018a6e782b90
Event: 95.284 Thread 0x0000018a0218c9a0 flushing  nmethod 0x0000018a6e819c90
Event: 95.284 Thread 0x0000018a0218c9a0 flushing  nmethod 0x0000018a6e8f7c90
Event: 95.284 Thread 0x0000018a0218c9a0 flushing  nmethod 0x0000018a6e935810
Event: 95.284 Thread 0x0000018a0218c9a0 flushing  nmethod 0x0000018a6e964b10
Event: 95.284 Thread 0x0000018a0218c9a0 flushing  nmethod 0x0000018a6ea87390
Event: 95.284 Thread 0x0000018a0218c9a0 flushing  nmethod 0x0000018a6eb7b490
Event: 95.284 Thread 0x0000018a0218c9a0 flushing  nmethod 0x0000018a6eb80d90
Event: 95.284 Thread 0x0000018a0218c9a0 flushing  nmethod 0x0000018a6ec3e510
Event: 95.284 Thread 0x0000018a0218c9a0 flushing  nmethod 0x0000018a6ee45810
Event: 95.284 Thread 0x0000018a0218c9a0 flushing  nmethod 0x0000018a6f01ac10

Events (20 events):
Event: 86.622 Thread 0x0000018a48745820 Thread exited: 0x0000018a48745820
Event: 87.581 Thread 0x0000018a48748ea0 Thread exited: 0x0000018a48748ea0
Event: 91.357 Thread 0x0000018a021cc790 Thread added: 0x0000018a48745820
Event: 91.637 Thread 0x0000018a655b5900 Thread added: 0x0000018a4bb8fd70
Event: 91.639 Thread 0x0000018a4bb8fd70 Thread exited: 0x0000018a4bb8fd70
Event: 91.655 Thread 0x0000018a655b5900 Thread added: 0x0000018a4bb8fd70
Event: 91.679 Thread 0x0000018a4bb8fd70 Thread exited: 0x0000018a4bb8fd70
Event: 91.689 Thread 0x0000018a48745820 Thread exited: 0x0000018a48745820
Event: 91.815 Thread 0x0000018a4d6fbfb0 Thread exited: 0x0000018a4d6fbfb0
Event: 91.924 Thread 0x0000018a021cc790 Thread added: 0x0000018a48745820
Event: 92.718 Thread 0x0000018a655b5900 Thread added: 0x0000018a4d6fbfb0
Event: 92.823 Thread 0x0000018a4d6fbfb0 Thread added: 0x0000018a4b8ba8b0
Event: 93.573 Thread 0x0000018a48745820 Thread exited: 0x0000018a48745820
Event: 97.844 Thread 0x0000018a655b5900 Thread added: 0x0000018a48d21250
Event: 97.845 Thread 0x0000018a48d21250 Thread exited: 0x0000018a48d21250
Event: 97.859 Thread 0x0000018a655b5900 Thread added: 0x0000018a48d21250
Event: 97.881 Thread 0x0000018a48d21250 Thread exited: 0x0000018a48d21250
Event: 98.007 Thread 0x0000018a4b8ba8b0 Thread exited: 0x0000018a4b8ba8b0
Event: 98.080 Thread 0x0000018a021cc790 Thread added: 0x0000018a48748ea0
Event: 98.999 Thread 0x0000018a48748ea0 Thread exited: 0x0000018a48748ea0


Dynamic libraries:
0x00007ff7c10e0000 - 0x00007ff7c10ee000 	C:\Program Files\Eclipse Adoptium\jdk-21.0.11.10-hotspot\bin\java.exe
0x00007ffc88b20000 - 0x00007ffc88d89000 	C:\WINDOWS\SYSTEM32\ntdll.dll
0x00007ffc87fb0000 - 0x00007ffc88079000 	C:\WINDOWS\System32\KERNEL32.DLL
0x00007ffc864f0000 - 0x00007ffc868e3000 	C:\WINDOWS\System32\KERNELBASE.dll
0x00007ffc86140000 - 0x00007ffc8628b000 	C:\WINDOWS\System32\ucrtbase.dll
0x00007ffc58cc0000 - 0x00007ffc58cde000 	C:\Program Files\Eclipse Adoptium\jdk-21.0.11.10-hotspot\bin\VCRUNTIME140.dll
0x00007ffc588f0000 - 0x00007ffc58908000 	C:\Program Files\Eclipse Adoptium\jdk-21.0.11.10-hotspot\bin\jli.dll
0x00007ffc87ce0000 - 0x00007ffc87ea4000 	C:\WINDOWS\System32\USER32.dll
0x00007ffc84dd0000 - 0x00007ffc85063000 	C:\WINDOWS\WinSxS\amd64_microsoft.windows.common-controls_6595b64144ccf1df_6.0.26100.5074_none_3e0d6f78e32fd63f\COMCTL32.dll
0x00007ffc864c0000 - 0x00007ffc864e7000 	C:\WINDOWS\System32\win32u.dll
0x00007ffc87940000 - 0x00007ffc879e9000 	C:\WINDOWS\System32\msvcrt.dll
0x00007ffc873d0000 - 0x00007ffc873fb000 	C:\WINDOWS\System32\GDI32.dll
0x00007ffc85d70000 - 0x00007ffc85e9d000 	C:\WINDOWS\System32\gdi32full.dll
0x00007ffc86410000 - 0x00007ffc864b3000 	C:\WINDOWS\System32\msvcp_win.dll
0x00007ffc872e0000 - 0x00007ffc8730f000 	C:\WINDOWS\System32\IMM32.DLL
0x00007ffc69970000 - 0x00007ffc6997c000 	C:\Program Files\Eclipse Adoptium\jdk-21.0.11.10-hotspot\bin\vcruntime140_1.dll
0x00007ffc13830000 - 0x00007ffc138bd000 	C:\Program Files\Eclipse Adoptium\jdk-21.0.11.10-hotspot\bin\msvcp140.dll
0x00007ffbc37a0000 - 0x00007ffbc4542000 	C:\Program Files\Eclipse Adoptium\jdk-21.0.11.10-hotspot\bin\server\jvm.dll
0x00007ffc87410000 - 0x00007ffc874c4000 	C:\WINDOWS\System32\ADVAPI32.dll
0x00007ffc87320000 - 0x00007ffc873c6000 	C:\WINDOWS\System32\sechost.dll
0x00007ffc88080000 - 0x00007ffc88198000 	C:\WINDOWS\System32\RPCRT4.dll
0x00007ffc88a60000 - 0x00007ffc88ad4000 	C:\WINDOWS\System32\WS2_32.dll
0x00007ffc85b10000 - 0x00007ffc85b6e000 	C:\WINDOWS\SYSTEM32\POWRPROF.dll
0x00007ffc773d0000 - 0x00007ffc773db000 	C:\WINDOWS\SYSTEM32\VERSION.dll
0x00007ffc6c2c0000 - 0x00007ffc6c2f5000 	C:\WINDOWS\SYSTEM32\WINMM.dll
0x00007ffc85af0000 - 0x00007ffc85b04000 	C:\WINDOWS\SYSTEM32\UMPDC.dll
0x00007ffc84140000 - 0x00007ffc8415b000 	C:\WINDOWS\SYSTEM32\kernel.appcore.dll
0x00007ffc69840000 - 0x00007ffc6984a000 	C:\Program Files\Eclipse Adoptium\jdk-21.0.11.10-hotspot\bin\jimage.dll
0x00007ffc85480000 - 0x00007ffc856c2000 	C:\WINDOWS\SYSTEM32\DBGHELP.DLL
0x00007ffc875c0000 - 0x00007ffc8793b000 	C:\WINDOWS\System32\combase.dll
0x00007ffc88630000 - 0x00007ffc88707000 	C:\WINDOWS\System32\OLEAUT32.dll
0x00007ffc85370000 - 0x00007ffc853ad000 	C:\WINDOWS\SYSTEM32\dbgcore.DLL
0x00007ffc860a0000 - 0x00007ffc86139000 	C:\WINDOWS\System32\bcryptPrimitives.dll
0x00007ffc583f0000 - 0x00007ffc58410000 	C:\Program Files\Eclipse Adoptium\jdk-21.0.11.10-hotspot\bin\java.dll
0x00007ffc868f0000 - 0x00007ffc8703d000 	C:\WINDOWS\System32\SHELL32.dll
0x00007ffc85f30000 - 0x00007ffc8609c000 	C:\WINDOWS\System32\wintypes.dll
0x00007ffc82e80000 - 0x00007ffc836d9000 	C:\WINDOWS\SYSTEM32\windows.storage.dll
0x00007ffc88960000 - 0x00007ffc88a50000 	C:\WINDOWS\System32\SHCORE.dll
0x00007ffc870d0000 - 0x00007ffc87132000 	C:\WINDOWS\System32\shlwapi.dll
0x00007ffc85bd0000 - 0x00007ffc85bf9000 	C:\WINDOWS\SYSTEM32\profapi.dll
0x00007ffc02500000 - 0x00007ffc025d7000 	C:\Program Files\Eclipse Adoptium\jdk-21.0.11.10-hotspot\bin\jsvml.dll
0x00007ffc688e0000 - 0x00007ffc688f0000 	C:\Program Files\Eclipse Adoptium\jdk-21.0.11.10-hotspot\bin\net.dll
0x00007ffc7d190000 - 0x00007ffc7d2af000 	C:\WINDOWS\SYSTEM32\WINHTTP.dll
0x00007ffc846a0000 - 0x00007ffc8470b000 	C:\WINDOWS\system32\mswsock.dll
0x00007ffc57c50000 - 0x00007ffc57c66000 	C:\Program Files\Eclipse Adoptium\jdk-21.0.11.10-hotspot\bin\nio.dll
0x00007ffc57920000 - 0x00007ffc57938000 	C:\Program Files\Eclipse Adoptium\jdk-21.0.11.10-hotspot\bin\zip.dll
0x00007ffc5c240000 - 0x00007ffc5c24a000 	C:\Program Files\Eclipse Adoptium\jdk-21.0.11.10-hotspot\bin\management.dll
0x00007ffc59760000 - 0x00007ffc5976c000 	C:\Program Files\Eclipse Adoptium\jdk-21.0.11.10-hotspot\bin\management_ext.dll
0x00007ffc87bf0000 - 0x00007ffc87bf8000 	C:\WINDOWS\System32\PSAPI.DLL
0x00007ffc686b0000 - 0x00007ffc686c0000 	C:\Program Files\Eclipse Adoptium\jdk-21.0.11.10-hotspot\bin\verify.dll
0x00007ffc5a8f0000 - 0x00007ffc5a8ff000 	C:\Program Files\Eclipse Adoptium\jdk-21.0.11.10-hotspot\bin\instrument.dll
0x00007ffc857f0000 - 0x00007ffc8580b000 	C:\WINDOWS\SYSTEM32\CRYPTSP.dll
0x00007ffc84a50000 - 0x00007ffc84a8b000 	C:\WINDOWS\system32\rsaenh.dll
0x00007ffc84710000 - 0x00007ffc8473b000 	C:\WINDOWS\SYSTEM32\USERENV.dll
0x00007ffc85ba0000 - 0x00007ffc85bc6000 	C:\WINDOWS\SYSTEM32\bcrypt.dll
0x00007ffc84a40000 - 0x00007ffc84a4c000 	C:\WINDOWS\SYSTEM32\CRYPTBASE.dll
0x00007ffc83b70000 - 0x00007ffc83ba4000 	C:\WINDOWS\SYSTEM32\IPHLPAPI.DLL
0x00007ffc87400000 - 0x00007ffc8740a000 	C:\WINDOWS\System32\NSI.dll
0x00007ffc69dc0000 - 0x00007ffc69dce000 	C:\Program Files\Eclipse Adoptium\jdk-21.0.11.10-hotspot\bin\sunmscapi.dll
0x00007ffc86290000 - 0x00007ffc86407000 	C:\WINDOWS\System32\CRYPT32.dll
0x00007ffc84d90000 - 0x00007ffc84dc0000 	C:\WINDOWS\SYSTEM32\ncrypt.dll
0x00007ffc84d40000 - 0x00007ffc84d7f000 	C:\WINDOWS\SYSTEM32\NTASN1.dll
0x00007ffc83bb0000 - 0x00007ffc83cd6000 	C:\WINDOWS\SYSTEM32\DNSAPI.dll
0x00007ffc7cdb0000 - 0x00007ffc7cdbb000 	C:\Windows\System32\rasadhlp.dll
0x00007ffc7f650000 - 0x00007ffc7f6d6000 	C:\WINDOWS\System32\fwpuclnt.dll
0x00007ffc5a8e0000 - 0x00007ffc5a8e9000 	C:\Program Files\Eclipse Adoptium\jdk-21.0.11.10-hotspot\bin\extnet.dll

JVMTI agents:
C:\Users\sunil\.m2\repository\net\bytebuddy\byte-buddy-agent\1.14.10\byte-buddy-agent-1.14.10.jar path:C:\Program Files\Eclipse Adoptium\jdk-21.0.11.10-hotspot\bin\instrument.dll, loaded, initialized, dynamic instrumentlib options:none

dbghelp: loaded successfully - version: 4.0.5 - missing functions: none
symbol engine: initialized successfully - sym options: 0x614 - pdb path: .;C:\Program Files\Eclipse Adoptium\jdk-21.0.11.10-hotspot\bin;C:\WINDOWS\SYSTEM32;C:\WINDOWS\WinSxS\amd64_microsoft.windows.common-controls_6595b64144ccf1df_6.0.26100.5074_none_3e0d6f78e32fd63f;C:\Program Files\Eclipse Adoptium\jdk-21.0.11.10-hotspot\bin\server

VM Arguments:
java_command: C:\Users\sunil\AppData\Local\Temp\surefire3908956689604614160\surefirebooter-20260904175804809_3.jar C:\Users\sunil\AppData\Local\Temp\surefire3908956689604614160 2026-09-04T17-58-03_980-jvmRun1 surefire-20260904175804809_1tmp surefire_0-20260904175804809_2tmp
java_class_path (initial): C:\Users\sunil\AppData\Local\Temp\surefire3908956689604614160\surefirebooter-20260904175804809_3.jar
Launcher Type: SUN_STANDARD

[Global flags]
     intx CICompilerCount                          = 4                                         {product} {ergonomic}
     uint ConcGCThreads                            = 2                                         {product} {ergonomic}
     uint G1ConcRefinementThreads                  = 8                                         {product} {ergonomic}
   size_t G1HeapRegionSize                         = 1048576                                   {product} {ergonomic}
    uintx GCDrainStackTargetSize                   = 64                                        {product} {ergonomic}
   size_t InitialHeapSize                          = 132120576                                 {product} {ergonomic}
   size_t MarkStackSize                            = 4194304                                   {product} {ergonomic}
   size_t MaxHeapSize                              = 2082471936                                {product} {ergonomic}
   size_t MaxNewSize                               = 1248854016                                {product} {ergonomic}
   size_t MinHeapDeltaBytes                        = 1048576                                   {product} {ergonomic}
   size_t MinHeapSize                              = 8388608                                   {product} {ergonomic}
    uintx NonNMethodCodeHeapSize                   = 5839372                                {pd product} {ergonomic}
    uintx NonProfiledCodeHeapSize                  = 122909434                              {pd product} {ergonomic}
    uintx ProfiledCodeHeapSize                     = 122909434                              {pd product} {ergonomic}
    uintx ReservedCodeCacheSize                    = 251658240                              {pd product} {ergonomic}
     bool SegmentedCodeCache                       = true                                      {product} {ergonomic}
   size_t SoftMaxHeapSize                          = 2082471936                             {manageable} {ergonomic}
     bool UseCompressedOops                        = true                           {product lp64_product} {ergonomic}
     bool UseG1GC                                  = true                                      {product} {ergonomic}
     bool UseLargePagesIndividualAllocation        = false                                  {pd product} {ergonomic}

Logging:
Log output configuration:
 #0: stdout all=warning uptime,level,tags foldmultilines=false
 #1: stderr all=off uptime,level,tags foldmultilines=false

Release file:
IMPLEMENTOR="Eclipse Adoptium" 
IMPLEMENTOR_VERSION="Temurin-21.0.11+10" 
JAVA_RUNTIME_VERSION="21.0.11+10-LTS" 
JAVA_VERSION="21.0.11" 
JAVA_VERSION_DATE="2026-04-21" 
LIBC="default" 
MODULES="java.base java.compiler java.datatransfer java.xml java.prefs java.desktop java.instrument java.logging java.management java.security.sasl java.naming java.rmi java.management.rmi java.net.http java.scripting java.security.jgss java.transaction.xa java.sql java.sql.rowset java.xml.crypto java.se java.smartcardio jdk.accessibility jdk.internal.jvmstat jdk.attach jdk.charsets jdk.internal.opt jdk.zipfs jdk.compiler jdk.crypto.ec jdk.crypto.cryptoki jdk.crypto.mscapi jdk.dynalink jdk.internal.ed jdk.editpad jdk.hotspot.agent jdk.httpserver jdk.incubator.vector jdk.internal.le jdk.internal.vm.ci jdk.internal.vm.compiler jdk.internal.vm.compiler.management jdk.jartool jdk.javadoc jdk.jcmd jdk.management jdk.management.agent jdk.jconsole jdk.jdeps jdk.jdwp.agent jdk.jdi jdk.jfr jdk.jlink jdk.jpackage jdk.jshell jdk.jsobject jdk.jstatd jdk.localedata jdk.management.jfr jdk.naming.dns jdk.naming.rmi jdk.net jdk.nio.mapmode jdk.random jdk.sctp jdk.security.auth jdk.security.jgss jdk.unsupported jdk.unsupported.desktop jdk.xml.dom" 
OS_ARCH="x86_64" 
OS_NAME="Windows" 
SOURCE=".:git:254494ad7d75" 
BUILD_SOURCE="git:a612825ee82a20ac872d60958c349854c1f29a8e"
BUILD_SOURCE_REPO="https://github.com/adoptium/temurin-build.git"
SOURCE_REPO="https://github.com/adoptium/jdk21u.git"
FULL_VERSION="21.0.11+10-LTS"
SEMANTIC_VERSION="21.0.11+10"
BUILD_INFO="OS: Windows Server 2022 Version: 10.0"
JVM_VARIANT="Hotspot"
JVM_VERSION="21.0.11+10-LTS"
IMAGE_TYPE="JDK"

Environment Variables:
JAVA_HOME=C:\Program Files\Eclipse Adoptium\jdk-21.0.11.10-hotspot
PATH=c:\Users\sunil\.vscode\extensions\vadimcn.vscode-lldb-1.12.1\bin;C:\Users\sunil\dev\flutter_windows_3.32.4-stable\flutter\bin\;C:\Program Files\Eclipse Adoptium\jdk-21.0.11.10-hotspot\bin;C:\Program Files\Eclipse Adoptium\jdk-17.0.15.6-hotspot\bin;C:\Program Files\Common Files\Oracle\Java\javapath;C:\windows\system32;C:\windows;C:\windows\System32\Wbem;C:\windows\System32\WindowsPowerShell\v1.0\;C:\windows\System32\OpenSSH\;C:\Program Files (x86)\NVIDIA Corporation\PhysX\Common;C:\Program Files\NVIDIA Corporation\NVIDIA NvDLISR;C:\WINDOWS\system32;C:\WINDOWS;C:\WINDOWS\System32\Wbem;C:\WINDOWS\System32\WindowsPowerShell\v1.0\;C:\WINDOWS\System32\OpenSSH\;C:\Program Files\Git\cmd;C:\Program Files\Docker\Docker\resources\bin;C:\Program Files\nodejs\;C:\Program Files\Apache\Maven\apache-maven-3.9.11\bin;C:\Users\sunil\AppData\Local\Microsoft\WindowsApps;C:\Users\sunil\AppData\Local\Programs\Microsoft VS Code\bin;C:\Users\sunil\AppData\Local\atom\bin;C:\xampp\php;C:\Users\sunil\AppData\Local\GitHubDesktop\bin;C:\Users\sunil\AppData\Local\Microsoft\WindowsApps;C:\Users\sunil\dev\flutter_windows_3.32.4-stable\flutter\bin;C:\Users\sunil\AppData\Local\Android\Sdk\cmdline-tools\latest\bin;C:\Users\sunil\AppData\Local\Android\Sdk\platform-tools;C:\msys64\ucrt64\bin;C:\Users\sunil\AppData\Roaming\npm;C:\Users\sunil\AppData\Local\Zoom\Warp\bin;C:\Program Files\Apache\Maven\apache-maven-3.9.16\bin;C:\Program Files\Apache\Maven\apache-maven-3.9.11\bin;C:\Program Files\Eclipse Adoptium\jdk-21.0.11.10-hotspot\bin;D:\Adobe\cursor\resources\app\bin;C:\Users\sunil\AppData\Local\Programs\Antigravity IDE\bin
USERNAME=sunilsolanki
LANG=en_US.UTF-8
OS=Windows_NT
PROCESSOR_IDENTIFIER=Intel64 Family 6 Model 140 Stepping 1, GenuineIntel
TMP=C:\Users\sunil\AppData\Local\Temp
TEMP=D:\temp




Periodic native trim disabled

---------------  S Y S T E M  ---------------

OS:
 Windows 11 , 64 bit Build 26100 (10.0.26100.5074)
OS uptime: 0 days 21:05 hours
Hyper-V role detected

CPU: total 8 (initial active 8) (4 cores per cpu, 2 threads per core) family 6 model 140 stepping 1 microcode 0xa6, cx8, cmov, fxsr, ht, mmx, 3dnowpref, sse, sse2, sse3, ssse3, sse4.1, sse4.2, popcnt, lzcnt, tsc, tscinvbit, avx, avx2, aes, erms, clmul, bmi1, bmi2, adx, avx512f, avx512dq, avx512cd, avx512bw, avx512vl, sha, fma, vzeroupper, avx512_vpopcntdq, avx512_vpclmulqdq, avx512_vaes, avx512_vnni, clflush, clflushopt, clwb, avx512_vbmi2, avx512_vbmi, hv, rdtscp, rdpid, fsrm, gfni, avx512_bitalg, f16c, cet_ibt, cet_ss, avx512_ifma
Processor Information for the first 8 processors :
  Max Mhz: 3110, Current Mhz: 1003, Mhz Limit: 3110

Memory: 4k page, system-wide physical 7937M (662M free)
TotalPageFile size 18621M (AvailPageFile size 5M)
current process WorkingSet (physical memory assigned to process): 521M, peak: 532M
current process commit charge ("private bytes"): 579M, peak: 583M

vm_info: OpenJDK 64-Bit Server VM (21.0.11+10-LTS) for windows-amd64 JRE (21.0.11+10-LTS), built on 2026-04-21T00:00:00Z by "admin" with MS VC++ 17.12 (VS2022)

END.
