
  .   ____          _            __ _ _
 /\\ / ___'_ __ _ _(_)_ __  __ _ \ \ \ \
( ( )\___ | '_ | '_| | '_ \/ _` | \ \ \ \
 \\/  ___)| |_)| | | | | || (_| |  ) ) ) )
  '  |____| .__|_| |_|_| |_\__, | / / / /
 =========|_|==============|___/=/_/_/_/
 :: Spring Boot ::                (v3.2.0)

2026-08-31T23:59:43.523+05:30  INFO 21024 --- [dagacs] [           main] com.dagacs.DagacsApplication             : Starting DagacsApplication v1.0.0 using Java 21.0.11 with PID 21024 (D:\DAGACS\backend\target\dagacs-backend-1.0.0.jar started by sunilsolanki in D:\DAGACS)
2026-08-31T23:59:43.527+05:30  INFO 21024 --- [dagacs] [           main] com.dagacs.DagacsApplication             : No active profile set, falling back to 1 default profile: "default"
2026-08-31T23:59:48.155+05:30  INFO 21024 --- [dagacs] [           main] .s.d.r.c.RepositoryConfigurationDelegate : Bootstrapping Spring Data JPA repositories in DEFAULT mode.
2026-08-31T23:59:48.399+05:30  INFO 21024 --- [dagacs] [           main] .s.d.r.c.RepositoryConfigurationDelegate : Finished Spring Data repository scanning in 212 ms. Found 9 JPA repository interfaces.
2026-08-31T23:59:51.813+05:30  INFO 21024 --- [dagacs] [           main] o.s.b.w.embedded.tomcat.TomcatWebServer  : Tomcat initialized with port 8080 (http)
2026-08-31T23:59:51.905+05:30  INFO 21024 --- [dagacs] [           main] o.apache.catalina.core.StandardService   : Starting service [Tomcat]
2026-08-31T23:59:51.907+05:30  INFO 21024 --- [dagacs] [           main] o.apache.catalina.core.StandardEngine    : Starting Servlet engine: [Apache Tomcat/10.1.16]
2026-08-31T23:59:52.069+05:30  INFO 21024 --- [dagacs] [           main] o.a.c.c.C.[Tomcat].[localhost].[/]       : Initializing Spring embedded WebApplicationContext
2026-08-31T23:59:52.073+05:30  INFO 21024 --- [dagacs] [           main] w.s.c.ServletWebServerApplicationContext : Root WebApplicationContext: initialization completed in 8258 ms
2026-08-31T23:59:53.530+05:30  INFO 21024 --- [dagacs] [           main] o.hibernate.jpa.internal.util.LogHelper  : HHH000204: Processing PersistenceUnitInfo [name: default]
2026-08-31T23:59:53.814+05:30  INFO 21024 --- [dagacs] [           main] org.hibernate.Version                    : HHH000412: Hibernate ORM core version 6.3.1.Final
2026-08-31T23:59:54.014+05:30  INFO 21024 --- [dagacs] [           main] o.h.c.internal.RegionFactoryInitiator    : HHH000026: Second-level cache disabled
2026-08-31T23:59:54.995+05:30  INFO 21024 --- [dagacs] [           main] o.s.o.j.p.SpringPersistenceUnitInfo      : No LoadTimeWeaver setup: ignoring JPA class transformer
2026-08-31T23:59:55.125+05:30  INFO 21024 --- [dagacs] [           main] com.zaxxer.hikari.HikariDataSource       : HikariPool-1 - Starting...
2026-08-31T23:59:55.802+05:30  INFO 21024 --- [dagacs] [           main] com.zaxxer.hikari.pool.HikariPool        : HikariPool-1 - Added connection com.mysql.cj.jdbc.ConnectionImpl@e1a150c
2026-08-31T23:59:55.802+05:30  INFO 21024 --- [dagacs] [           main] com.zaxxer.hikari.HikariDataSource       : HikariPool-1 - Start completed.
2026-08-31T23:59:55.966+05:30  WARN 21024 --- [dagacs] [           main] org.hibernate.dialect.Dialect            : HHH000511: The 5.5.0 version for [org.hibernate.dialect.MySQLDialect] is no longer supported, hence certain features may not work properly. The minimum supported version is 5.7.0. Check the community dialects project for available legacy versions.
2026-08-31T23:59:55.978+05:30  WARN 21024 --- [dagacs] [           main] org.hibernate.orm.deprecation            : HHH90000025: MySQLDialect does not need to be specified explicitly using 'hibernate.dialect' (remove the property setting and it will be selected by default)
2026-08-31T23:59:59.929+05:30  INFO 21024 --- [dagacs] [           main] o.h.e.t.j.p.i.JtaPlatformInitiator       : HHH000489: No JTA platform available (set 'hibernate.transaction.jta.platform' to enable JTA platform integration)
2026-09-01T00:00:00.432+05:30  INFO 21024 --- [dagacs] [           main] j.LocalContainerEntityManagerFactoryBean : Initialized JPA EntityManagerFactory for persistence unit 'default'
2026-09-01T00:00:04.297+05:30  INFO 21024 --- [dagacs] [           main] o.s.b.a.e.web.EndpointLinksResolver      : Exposing 1 endpoint(s) beneath base path '/actuator'
2026-09-01T00:00:04.614+05:30  INFO 21024 --- [dagacs] [           main] o.s.s.web.DefaultSecurityFilterChain     : Will secure any request with [org.springframework.security.web.session.DisableEncodeUrlFilter@679f3e12, org.springframework.security.web.context.request.async.WebAsyncManagerIntegrationFilter@5b285847, org.springframework.security.web.context.SecurityContextHolderFilter@f6921b7, org.springframework.security.web.header.HeaderWriterFilter@35825d43, org.springframework.web.filter.CorsFilter@57af157c, org.springframework.security.web.authentication.logout.LogoutFilter@5d5b07e9, com.dagacs.security.JwtAuthenticationFilter@437a4e61, org.springframework.security.web.savedrequest.RequestCacheAwareFilter@4ca37d40, org.springframework.security.web.servletapi.SecurityContextHolderAwareRequestFilter@40fd9358, org.springframework.security.web.authentication.AnonymousAuthenticationFilter@765ccc7a, org.springframework.security.web.session.SessionManagementFilter@36e6e59f, org.springframework.security.web.access.ExceptionTranslationFilter@4d57fc11, org.springframework.security.web.access.intercept.AuthorizationFilter@2380e8d4]
2026-09-01T00:00:07.461+05:30  INFO 21024 --- [dagacs] [           main] o.s.b.w.embedded.tomcat.TomcatWebServer  : Tomcat started on port 8080 (http) with context path ''
2026-09-01T00:00:07.534+05:30  INFO 21024 --- [dagacs] [           main] com.dagacs.DagacsApplication             : Started DagacsApplication in 25.83 seconds (process running for 27.703)
2026-09-01T00:01:13.259+05:30  INFO 21024 --- [dagacs] [nio-8080-exec-1] o.a.c.c.C.[Tomcat].[localhost].[/]       : Initializing Spring DispatcherServlet 'dispatcherServlet'
2026-09-01T00:01:13.341+05:30  WARN 21024 --- [dagacs] [nio-8080-exec-1] o.s.w.s.h.HandlerMappingIntrospector     : Cache miss for REQUEST dispatch to '/api/auth/login' (previous null). Performing CorsConfiguration lookup. This is logged once only at WARN level, and every time at TRACE.
2026-09-01T00:01:13.368+05:30  WARN 21024 --- [dagacs] [nio-8080-exec-1] o.s.w.s.h.HandlerMappingIntrospector     : Cache miss for REQUEST dispatch to '/api/auth/login' (previous null). Performing MatchableHandlerMapping lookup. This is logged once only at WARN level, and every time at TRACE.
2026-09-01T01:17:21.305+05:30  WARN 21024 --- [dagacs] [l-1 housekeeper] com.zaxxer.hikari.pool.HikariPool        : HikariPool-1 - Thread starvation or clock leap detected (housekeeper delta=56m25s34ms49µs100ns).
2026-09-01T03:05:36.737+05:30  WARN 21024 --- [dagacs] [l-1 housekeeper] com.zaxxer.hikari.pool.HikariPool        : HikariPool-1 - Thread starvation or clock leap detected (housekeeper delta=1h48m15s433ms550µs300ns).
2026-09-01T07:29:38.153+05:30  WARN 21024 --- [dagacs] [l-1 housekeeper] com.zaxxer.hikari.pool.HikariPool        : HikariPool-1 - Thread starvation or clock leap detected (housekeeper delta=4h24m1s414ms996µs900ns).
2026-09-01T07:49:25.675+05:30  WARN 21024 --- [dagacs] [l-1 housekeeper] com.zaxxer.hikari.pool.HikariPool        : HikariPool-1 - Thread starvation or clock leap detected (housekeeper delta=9m47s363ms507µs100ns).
