
  .   ____          _            __ _ _
 /\\ / ___'_ __ _ _(_)_ __  __ _ \ \ \ \
( ( )\___ | '_ | '_| | '_ \/ _` | \ \ \ \
 \\/  ___)| |_)| | | | | || (_| |  ) ) ) )
  '  |____| .__|_| |_|_| |_\__, | / / / /
 =========|_|==============|___/=/_/_/_/
 :: Spring Boot ::                (v3.2.0)

2026-09-01T07:55:05.325+05:30  INFO 23820 --- [dagacs] [           main] com.dagacs.DagacsApplication             : Starting DagacsApplication v1.0.0 using Java 21.0.11 with PID 23820 (D:\DAGACS\backend\target\dagacs-backend-1.0.0.jar started by sunilsolanki in D:\DAGACS)
2026-09-01T07:55:05.328+05:30  INFO 23820 --- [dagacs] [           main] com.dagacs.DagacsApplication             : No active profile set, falling back to 1 default profile: "default"
2026-09-01T07:55:07.218+05:30  INFO 23820 --- [dagacs] [           main] .s.d.r.c.RepositoryConfigurationDelegate : Bootstrapping Spring Data JPA repositories in DEFAULT mode.
2026-09-01T07:55:07.328+05:30  INFO 23820 --- [dagacs] [           main] .s.d.r.c.RepositoryConfigurationDelegate : Finished Spring Data repository scanning in 97 ms. Found 9 JPA repository interfaces.
2026-09-01T07:55:08.742+05:30  INFO 23820 --- [dagacs] [           main] o.s.b.w.embedded.tomcat.TomcatWebServer  : Tomcat initialized with port 8080 (http)
2026-09-01T07:55:08.755+05:30  INFO 23820 --- [dagacs] [           main] o.apache.catalina.core.StandardService   : Starting service [Tomcat]
2026-09-01T07:55:08.755+05:30  INFO 23820 --- [dagacs] [           main] o.apache.catalina.core.StandardEngine    : Starting Servlet engine: [Apache Tomcat/10.1.16]
2026-09-01T07:55:08.840+05:30  INFO 23820 --- [dagacs] [           main] o.a.c.c.C.[Tomcat].[localhost].[/]       : Initializing Spring embedded WebApplicationContext
2026-09-01T07:55:08.843+05:30  INFO 23820 --- [dagacs] [           main] w.s.c.ServletWebServerApplicationContext : Root WebApplicationContext: initialization completed in 3386 ms
2026-09-01T07:55:09.400+05:30  INFO 23820 --- [dagacs] [           main] o.hibernate.jpa.internal.util.LogHelper  : HHH000204: Processing PersistenceUnitInfo [name: default]
2026-09-01T07:55:09.506+05:30  INFO 23820 --- [dagacs] [           main] org.hibernate.Version                    : HHH000412: Hibernate ORM core version 6.3.1.Final
2026-09-01T07:55:09.563+05:30  INFO 23820 --- [dagacs] [           main] o.h.c.internal.RegionFactoryInitiator    : HHH000026: Second-level cache disabled
2026-09-01T07:55:09.957+05:30  INFO 23820 --- [dagacs] [           main] o.s.o.j.p.SpringPersistenceUnitInfo      : No LoadTimeWeaver setup: ignoring JPA class transformer
2026-09-01T07:55:09.989+05:30  INFO 23820 --- [dagacs] [           main] com.zaxxer.hikari.HikariDataSource       : HikariPool-1 - Starting...
2026-09-01T07:55:10.250+05:30  INFO 23820 --- [dagacs] [           main] com.zaxxer.hikari.pool.HikariPool        : HikariPool-1 - Added connection com.mysql.cj.jdbc.ConnectionImpl@7a34c1f6
2026-09-01T07:55:10.254+05:30  INFO 23820 --- [dagacs] [           main] com.zaxxer.hikari.HikariDataSource       : HikariPool-1 - Start completed.
2026-09-01T07:55:10.313+05:30  WARN 23820 --- [dagacs] [           main] org.hibernate.dialect.Dialect            : HHH000511: The 5.5.0 version for [org.hibernate.dialect.MySQLDialect] is no longer supported, hence certain features may not work properly. The minimum supported version is 5.7.0. Check the community dialects project for available legacy versions.
2026-09-01T07:55:10.319+05:30  WARN 23820 --- [dagacs] [           main] org.hibernate.orm.deprecation            : HHH90000025: MySQLDialect does not need to be specified explicitly using 'hibernate.dialect' (remove the property setting and it will be selected by default)
2026-09-01T07:55:11.766+05:30  INFO 23820 --- [dagacs] [           main] o.h.e.t.j.p.i.JtaPlatformInitiator       : HHH000489: No JTA platform available (set 'hibernate.transaction.jta.platform' to enable JTA platform integration)
2026-09-01T07:55:12.026+05:30  INFO 23820 --- [dagacs] [           main] j.LocalContainerEntityManagerFactoryBean : Initialized JPA EntityManagerFactory for persistence unit 'default'
2026-09-01T07:55:13.642+05:30  INFO 23820 --- [dagacs] [           main] o.s.b.a.e.web.EndpointLinksResolver      : Exposing 1 endpoint(s) beneath base path '/actuator'
2026-09-01T07:55:13.737+05:30  INFO 23820 --- [dagacs] [           main] o.s.s.web.DefaultSecurityFilterChain     : Will secure any request with [org.springframework.security.web.session.DisableEncodeUrlFilter@234421ca, org.springframework.security.web.context.request.async.WebAsyncManagerIntegrationFilter@6e774194, org.springframework.security.web.context.SecurityContextHolderFilter@7d569c10, org.springframework.security.web.header.HeaderWriterFilter@4addfb95, org.springframework.web.filter.CorsFilter@ebcf6c0, org.springframework.security.web.authentication.logout.LogoutFilter@12d76643, com.dagacs.security.JwtAuthenticationFilter@6ea1fc9, org.springframework.security.web.savedrequest.RequestCacheAwareFilter@68abf2ad, org.springframework.security.web.servletapi.SecurityContextHolderAwareRequestFilter@24f8ff82, org.springframework.security.web.authentication.AnonymousAuthenticationFilter@438fcca3, org.springframework.security.web.session.SessionManagementFilter@40fd9358, org.springframework.security.web.access.ExceptionTranslationFilter@14cf30b3, org.springframework.security.web.access.intercept.AuthorizationFilter@10ef09e3]
2026-09-01T07:55:14.851+05:30  INFO 23820 --- [dagacs] [           main] o.s.b.w.embedded.tomcat.TomcatWebServer  : Tomcat started on port 8080 (http) with context path ''
2026-09-01T07:55:14.866+05:30  INFO 23820 --- [dagacs] [           main] com.dagacs.DagacsApplication             : Started DagacsApplication in 10.296 seconds (process running for 10.995)
2026-09-01T07:55:30.915+05:30  INFO 23820 --- [dagacs] [nio-8080-exec-1] o.a.c.c.C.[Tomcat].[localhost].[/]       : Initializing Spring DispatcherServlet 'dispatcherServlet'
2026-09-01T07:55:30.962+05:30  WARN 23820 --- [dagacs] [nio-8080-exec-1] o.s.w.s.h.HandlerMappingIntrospector     : Cache miss for REQUEST dispatch to '/api/auth/login' (previous null). Performing CorsConfiguration lookup. This is logged once only at WARN level, and every time at TRACE.
2026-09-01T07:55:30.970+05:30  WARN 23820 --- [dagacs] [nio-8080-exec-1] o.s.w.s.h.HandlerMappingIntrospector     : Cache miss for REQUEST dispatch to '/api/auth/login' (previous null). Performing MatchableHandlerMapping lookup. This is logged once only at WARN level, and every time at TRACE.
