
  .   ____          _            __ _ _
 /\\ / ___'_ __ _ _(_)_ __  __ _ \ \ \ \
( ( )\___ | '_ | '_| | '_ \/ _` | \ \ \ \
 \\/  ___)| |_)| | | | | || (_| |  ) ) ) )
  '  |____| .__|_| |_|_| |_\__, | / / / /
 =========|_|==============|___/=/_/_/_/
 :: Spring Boot ::                (v3.2.0)

2026-09-01T08:31:53.695+05:30  INFO 20040 --- [dagacs] [           main] com.dagacs.DagacsApplication             : Starting DagacsApplication v1.0.0 using Java 21.0.11 with PID 20040 (D:\DAGACS\backend\target\dagacs-backend-1.0.0.jar started by sunilsolanki in D:\DAGACS)
2026-09-01T08:31:53.699+05:30  INFO 20040 --- [dagacs] [           main] com.dagacs.DagacsApplication             : No active profile set, falling back to 1 default profile: "default"
2026-09-01T08:31:55.449+05:30  INFO 20040 --- [dagacs] [           main] .s.d.r.c.RepositoryConfigurationDelegate : Bootstrapping Spring Data JPA repositories in DEFAULT mode.
2026-09-01T08:31:55.555+05:30  INFO 20040 --- [dagacs] [           main] .s.d.r.c.RepositoryConfigurationDelegate : Finished Spring Data repository scanning in 96 ms. Found 9 JPA repository interfaces.
2026-09-01T08:31:56.804+05:30  INFO 20040 --- [dagacs] [           main] o.s.b.w.embedded.tomcat.TomcatWebServer  : Tomcat initialized with port 8080 (http)
2026-09-01T08:31:56.831+05:30  INFO 20040 --- [dagacs] [           main] o.apache.catalina.core.StandardService   : Starting service [Tomcat]
2026-09-01T08:31:56.832+05:30  INFO 20040 --- [dagacs] [           main] o.apache.catalina.core.StandardEngine    : Starting Servlet engine: [Apache Tomcat/10.1.16]
2026-09-01T08:31:56.881+05:30  INFO 20040 --- [dagacs] [           main] o.a.c.c.C.[Tomcat].[localhost].[/]       : Initializing Spring embedded WebApplicationContext
2026-09-01T08:31:56.883+05:30  INFO 20040 --- [dagacs] [           main] w.s.c.ServletWebServerApplicationContext : Root WebApplicationContext: initialization completed in 3095 ms
2026-09-01T08:31:57.615+05:30  INFO 20040 --- [dagacs] [           main] o.hibernate.jpa.internal.util.LogHelper  : HHH000204: Processing PersistenceUnitInfo [name: default]
2026-09-01T08:31:57.702+05:30  INFO 20040 --- [dagacs] [           main] org.hibernate.Version                    : HHH000412: Hibernate ORM core version 6.3.1.Final
2026-09-01T08:31:57.763+05:30  INFO 20040 --- [dagacs] [           main] o.h.c.internal.RegionFactoryInitiator    : HHH000026: Second-level cache disabled
2026-09-01T08:31:58.186+05:30  INFO 20040 --- [dagacs] [           main] o.s.o.j.p.SpringPersistenceUnitInfo      : No LoadTimeWeaver setup: ignoring JPA class transformer
2026-09-01T08:31:58.228+05:30  INFO 20040 --- [dagacs] [           main] com.zaxxer.hikari.HikariDataSource       : HikariPool-1 - Starting...
2026-09-01T08:31:58.460+05:30  INFO 20040 --- [dagacs] [           main] com.zaxxer.hikari.pool.HikariPool        : HikariPool-1 - Added connection com.mysql.cj.jdbc.ConnectionImpl@990b86b
2026-09-01T08:31:58.462+05:30  INFO 20040 --- [dagacs] [           main] com.zaxxer.hikari.HikariDataSource       : HikariPool-1 - Start completed.
2026-09-01T08:31:58.512+05:30  WARN 20040 --- [dagacs] [           main] org.hibernate.dialect.Dialect            : HHH000511: The 5.5.0 version for [org.hibernate.dialect.MySQLDialect] is no longer supported, hence certain features may not work properly. The minimum supported version is 5.7.0. Check the community dialects project for available legacy versions.
2026-09-01T08:31:58.517+05:30  WARN 20040 --- [dagacs] [           main] org.hibernate.orm.deprecation            : HHH90000025: MySQLDialect does not need to be specified explicitly using 'hibernate.dialect' (remove the property setting and it will be selected by default)
2026-09-01T08:31:59.721+05:30  INFO 20040 --- [dagacs] [           main] o.h.e.t.j.p.i.JtaPlatformInitiator       : HHH000489: No JTA platform available (set 'hibernate.transaction.jta.platform' to enable JTA platform integration)
2026-09-01T08:32:00.013+05:30  INFO 20040 --- [dagacs] [           main] j.LocalContainerEntityManagerFactoryBean : Initialized JPA EntityManagerFactory for persistence unit 'default'
2026-09-01T08:32:02.080+05:30  INFO 20040 --- [dagacs] [           main] o.s.b.a.e.web.EndpointLinksResolver      : Exposing 1 endpoint(s) beneath base path '/actuator'
2026-09-01T08:32:02.236+05:30  INFO 20040 --- [dagacs] [           main] o.s.s.web.DefaultSecurityFilterChain     : Will secure any request with [org.springframework.security.web.session.DisableEncodeUrlFilter@67e255cf, org.springframework.security.web.context.request.async.WebAsyncManagerIntegrationFilter@1bb90d4d, org.springframework.security.web.context.SecurityContextHolderFilter@42130a5c, org.springframework.security.web.header.HeaderWriterFilter@4ca37d40, org.springframework.web.filter.CorsFilter@e1f88b6, org.springframework.security.web.authentication.logout.LogoutFilter@57af157c, com.dagacs.security.JwtAuthenticationFilter@4cce889e, org.springframework.security.web.savedrequest.RequestCacheAwareFilter@6ce365b7, org.springframework.security.web.servletapi.SecurityContextHolderAwareRequestFilter@5d5b07e9, org.springframework.security.web.authentication.AnonymousAuthenticationFilter@69e346b3, org.springframework.security.web.session.SessionManagementFilter@145c6e4d, org.springframework.security.web.access.ExceptionTranslationFilter@c88a842, org.springframework.security.web.access.intercept.AuthorizationFilter@30ee413a]
2026-09-01T08:32:03.756+05:30  INFO 20040 --- [dagacs] [           main] o.s.b.w.embedded.tomcat.TomcatWebServer  : Tomcat started on port 8080 (http) with context path ''
2026-09-01T08:32:03.779+05:30  INFO 20040 --- [dagacs] [           main] com.dagacs.DagacsApplication             : Started DagacsApplication in 10.683 seconds (process running for 11.537)
2026-09-01T08:32:28.194+05:30  INFO 20040 --- [dagacs] [nio-8080-exec-2] o.a.c.c.C.[Tomcat].[localhost].[/]       : Initializing Spring DispatcherServlet 'dispatcherServlet'
2026-09-01T08:32:28.255+05:30  WARN 20040 --- [dagacs] [nio-8080-exec-2] o.s.w.s.h.HandlerMappingIntrospector     : Cache miss for REQUEST dispatch to '/api/auth/login' (previous null). Performing CorsConfiguration lookup. This is logged once only at WARN level, and every time at TRACE.
2026-09-01T08:32:28.278+05:30  WARN 20040 --- [dagacs] [nio-8080-exec-2] o.s.w.s.h.HandlerMappingIntrospector     : Cache miss for REQUEST dispatch to '/api/auth/login' (previous null). Performing MatchableHandlerMapping lookup. This is logged once only at WARN level, and every time at TRACE.
